Archive member included to satisfy reference by file (symbol)

S:/Programs hhd/STM32CubeIDE_1.4.0/STM32CubeIDE/plugins/com.st.stm32cube.ide.mcu.externaltools.gnu-tools-for-stm32.12.3.rel1.win32_1.0.200.202406191623/tools/bin/../lib/gcc/arm-none-eabi/12.3.1/../../../../arm-none-eabi/lib/thumb/v7e-m+fp/hard\libc_nano.a(libc_a-exit.o)
                              S:/Programs hhd/STM32CubeIDE_1.4.0/STM32CubeIDE/plugins/com.st.stm32cube.ide.mcu.externaltools.gnu-tools-for-stm32.12.3.rel1.win32_1.0.200.202406191623/tools/bin/../lib/gcc/arm-none-eabi/12.3.1/../../../../arm-none-eabi/lib/thumb/v7e-m+fp/hard/crt0.o (exit)
S:/Programs hhd/STM32CubeIDE_1.4.0/STM32CubeIDE/plugins/com.st.stm32cube.ide.mcu.externaltools.gnu-tools-for-stm32.12.3.rel1.win32_1.0.200.202406191623/tools/bin/../lib/gcc/arm-none-eabi/12.3.1/../../../../arm-none-eabi/lib/thumb/v7e-m+fp/hard\libc_nano.a(libc_a-findfp.o)
                              S:/Programs hhd/STM32CubeIDE_1.4.0/STM32CubeIDE/plugins/com.st.stm32cube.ide.mcu.externaltools.gnu-tools-for-stm32.12.3.rel1.win32_1.0.200.202406191623/tools/bin/../lib/gcc/arm-none-eabi/12.3.1/../../../../arm-none-eabi/lib/thumb/v7e-m+fp/hard\libc_nano.a(libc_a-exit.o) (__stdio_exit_handler)
S:/Programs hhd/STM32CubeIDE_1.4.0/STM32CubeIDE/plugins/com.st.stm32cube.ide.mcu.externaltools.gnu-tools-for-stm32.12.3.rel1.win32_1.0.200.202406191623/tools/bin/../lib/gcc/arm-none-eabi/12.3.1/../../../../arm-none-eabi/lib/thumb/v7e-m+fp/hard\libc_nano.a(libc_a-fwalk.o)
                              S:/Programs hhd/STM32CubeIDE_1.4.0/STM32CubeIDE/plugins/com.st.stm32cube.ide.mcu.externaltools.gnu-tools-for-stm32.12.3.rel1.win32_1.0.200.202406191623/tools/bin/../lib/gcc/arm-none-eabi/12.3.1/../../../../arm-none-eabi/lib/thumb/v7e-m+fp/hard\libc_nano.a(libc_a-findfp.o) (_fwalk_sglue)
S:/Programs hhd/STM32CubeIDE_1.4.0/STM32CubeIDE/plugins/com.st.stm32cube.ide.mcu.externaltools.gnu-tools-for-stm32.12.3.rel1.win32_1.0.200.202406191623/tools/bin/../lib/gcc/arm-none-eabi/12.3.1/../../../../arm-none-eabi/lib/thumb/v7e-m+fp/hard\libc_nano.a(libc_a-printf.o)
                              ./Src/main.o (printf)
S:/Programs hhd/STM32CubeIDE_1.4.0/STM32CubeIDE/plugins/com.st.stm32cube.ide.mcu.externaltools.gnu-tools-for-stm32.12.3.rel1.win32_1.0.200.202406191623/tools/bin/../lib/gcc/arm-none-eabi/12.3.1/../../../../arm-none-eabi/lib/thumb/v7e-m+fp/hard\libc_nano.a(libc_a-puts.o)
                              ./Src/main.o (puts)
S:/Programs hhd/STM32CubeIDE_1.4.0/STM32CubeIDE/plugins/com.st.stm32cube.ide.mcu.externaltools.gnu-tools-for-stm32.12.3.rel1.win32_1.0.200.202406191623/tools/bin/../lib/gcc/arm-none-eabi/12.3.1/../../../../arm-none-eabi/lib/thumb/v7e-m+fp/hard\libc_nano.a(libc_a-stdio.o)
                              S:/Programs hhd/STM32CubeIDE_1.4.0/STM32CubeIDE/plugins/com.st.stm32cube.ide.mcu.externaltools.gnu-tools-for-stm32.12.3.rel1.win32_1.0.200.202406191623/tools/bin/../lib/gcc/arm-none-eabi/12.3.1/../../../../arm-none-eabi/lib/thumb/v7e-m+fp/hard\libc_nano.a(libc_a-findfp.o) (__sread)
S:/Programs hhd/STM32CubeIDE_1.4.0/STM32CubeIDE/plugins/com.st.stm32cube.ide.mcu.externaltools.gnu-tools-for-stm32.12.3.rel1.win32_1.0.200.202406191623/tools/bin/../lib/gcc/arm-none-eabi/12.3.1/../../../../arm-none-eabi/lib/thumb/v7e-m+fp/hard\libc_nano.a(libc_a-wbuf.o)
                              S:/Programs hhd/STM32CubeIDE_1.4.0/STM32CubeIDE/plugins/com.st.stm32cube.ide.mcu.externaltools.gnu-tools-for-stm32.12.3.rel1.win32_1.0.200.202406191623/tools/bin/../lib/gcc/arm-none-eabi/12.3.1/../../../../arm-none-eabi/lib/thumb/v7e-m+fp/hard\libc_nano.a(libc_a-puts.o) (__swbuf_r)
S:/Programs hhd/STM32CubeIDE_1.4.0/STM32CubeIDE/plugins/com.st.stm32cube.ide.mcu.externaltools.gnu-tools-for-stm32.12.3.rel1.win32_1.0.200.202406191623/tools/bin/../lib/gcc/arm-none-eabi/12.3.1/../../../../arm-none-eabi/lib/thumb/v7e-m+fp/hard\libc_nano.a(libc_a-wsetup.o)
                              S:/Programs hhd/STM32CubeIDE_1.4.0/STM32CubeIDE/plugins/com.st.stm32cube.ide.mcu.externaltools.gnu-tools-for-stm32.12.3.rel1.win32_1.0.200.202406191623/tools/bin/../lib/gcc/arm-none-eabi/12.3.1/../../../../arm-none-eabi/lib/thumb/v7e-m+fp/hard\libc_nano.a(libc_a-puts.o) (__swsetup_r)
S:/Programs hhd/STM32CubeIDE_1.4.0/STM32CubeIDE/plugins/com.st.stm32cube.ide.mcu.externaltools.gnu-tools-for-stm32.12.3.rel1.win32_1.0.200.202406191623/tools/bin/../lib/gcc/arm-none-eabi/12.3.1/../../../../arm-none-eabi/lib/thumb/v7e-m+fp/hard\libc_nano.a(libc_a-memset.o)
                              S:/Programs hhd/STM32CubeIDE_1.4.0/STM32CubeIDE/plugins/com.st.stm32cube.ide.mcu.externaltools.gnu-tools-for-stm32.12.3.rel1.win32_1.0.200.202406191623/tools/bin/../lib/gcc/arm-none-eabi/12.3.1/../../../../arm-none-eabi/lib/thumb/v7e-m+fp/hard/crt0.o (memset)
[...]
Memory Configuration

Name             Origin             Length             Attributes
RAM              0x20000000         0x000a0000         xrw
RAM2             0x10000000         0x00010000         xrw
RAM3             0x20040000         0x00060000         xrw
FLASH            0x08000000         0x00200000         xr
*default*        0x00000000         0xffffffff

Linker script and memory map

LOAD S:/Programs hhd/STM32CubeIDE_1.4.0/STM32CubeIDE/plugins/com.st.stm32cube.ide.mcu.externaltools.gnu-tools-for-stm32.12.3.rel1.win32_1.0.200.202406191623/tools/bin/../lib/gcc/arm-none-eabi/12.3.1/thumb/v7e-m+fp/hard/crti.o
LOAD S:/Programs hhd/STM32CubeIDE_1.4.0/STM32CubeIDE/plugins/com.st.stm32cube.ide.mcu.externaltools.gnu-tools-for-stm32.12.3.rel1.win32_1.0.200.202406191623/tools/bin/../lib/gcc/arm-none-eabi/12.3.1/thumb/v7e-m+fp/hard/crtbegin.o
LOAD S:/Programs hhd/STM32CubeIDE_1.4.0/STM32CubeIDE/plugins/com.st.stm32cube.ide.mcu.externaltools.gnu-tools-for-stm32.12.3.rel1.win32_1.0.200.202406191623/tools/bin/../lib/gcc/arm-none-eabi/12.3.1/../../../../arm-none-eabi/lib/thumb/v7e-m+fp/hard/crt0.o
LOAD ./Drivers/STM32L4xx_HAL_Driver/Src/stm32l4xx_hal.o
LOAD ./Drivers/STM32L4xx_HAL_Driver/Src/stm32l4xx_hal_cortex.o
LOAD ./Drivers/STM32L4xx_HAL_Driver/Src/stm32l4xx_hal_dfsdm.o
LOAD ./Drivers/STM32L4xx_HAL_Driver/Src/stm32l4xx_hal_dfsdm_ex.o
LOAD ./Drivers/STM32L4xx_HAL_Driver/Src/stm32l4xx_hal_dma.o
LOAD ./Drivers/STM32L4xx_HAL_Driver/Src/stm32l4xx_hal_dma_ex.o
LOAD ./Drivers/STM32L4xx_HAL_Driver/Src/stm32l4xx_hal_exti.o
LOAD ./Drivers/STM32L4xx_HAL_Driver/Src/stm32l4xx_hal_flash.o
LOAD ./Drivers/STM32L4xx_HAL_Driver/Src/stm32l4xx_hal_flash_ex.o
LOAD ./Drivers/STM32L4xx_HAL_Driver/Src/stm32l4xx_hal_flash_ramfunc.o
LOAD ./Drivers/STM32L4xx_HAL_Driver/Src/stm32l4xx_hal_gpio.o
LOAD ./Drivers/STM32L4xx_HAL_Driver/Src/stm32l4xx_hal_i2c.o
LOAD ./Drivers/STM32L4xx_HAL_Driver/Src/stm32l4xx_hal_i2c_ex.o
LOAD ./Drivers/STM32L4xx_HAL_Driver/Src/stm32l4xx_hal_pwr.o
LOAD ./Drivers/STM32L4xx_HAL_Driver/Src/stm32l4xx_hal_pwr_ex.o
LOAD ./Drivers/STM32L4xx_HAL_Driver/Src/stm32l4xx_hal_rcc.o
LOAD ./Drivers/STM32L4xx_HAL_Driver/Src/stm32l4xx_hal_rcc_ex.o
LOAD ./Drivers/STM32L4xx_HAL_Driver/Src/stm32l4xx_hal_rtc.o
LOAD ./Drivers/STM32L4xx_HAL_Driver/Src/stm32l4xx_hal_rtc_ex.o
LOAD ./Drivers/STM32L4xx_HAL_Driver/Src/stm32l4xx_hal_sd.o
LOAD ./Drivers/STM32L4xx_HAL_Driver/Src/stm32l4xx_hal_sd_ex.o
LOAD ./Drivers/STM32L4xx_HAL_Driver/Src/stm32l4xx_hal_spi.o
LOAD ./Drivers/STM32L4xx_HAL_Driver/Src/stm32l4xx_hal_spi_ex.o
LOAD ./Drivers/STM32L4xx_HAL_Driver/Src/stm32l4xx_hal_tim.o
LOAD ./Drivers/STM32L4xx_HAL_Driver/Src/stm32l4xx_hal_tim_ex.o
LOAD ./Drivers/STM32L4xx_HAL_Driver/Src/stm32l4xx_hal_uart.o
LOAD ./Drivers/STM32L4xx_HAL_Driver/Src/stm32l4xx_hal_uart_ex.o
LOAD ./Drivers/STM32L4xx_HAL_Driver/Src/stm32l4xx_ll_sdmmc.o
LOAD ./Middlewares/Third_Party/FatFs/src/diskio.o
LOAD ./Middlewares/Third_Party/FatFs/src/ff.o
LOAD ./Middlewares/Third_Party/FatFs/src/ff_gen_drv.o
LOAD ./Middlewares/Third_Party/FatFs/src/option/ccsbcs.o
LOAD ./Middlewares/Third_Party/FatFs/src/option/syscall.o
LOAD ./Src/bsp_driver_sd.o
LOAD ./Src/dfsdm.o
LOAD ./Src/dma.o
LOAD ./Src/fatfs.o
LOAD ./Src/fatfs_platform.o
LOAD ./Src/gpio.o
LOAD ./Src/i2c.o
LOAD ./Src/main.o
LOAD ./Src/rtc.o
LOAD ./Src/sd_diskio.o
LOAD ./Src/sdmmc.o
LOAD ./Src/spi.o
LOAD ./Src/stm32l4xx_hal_msp.o
LOAD ./Src/stm32l4xx_it.o
LOAD ./Src/syscalls.o
LOAD ./Src/sysmem.o
LOAD ./Src/system_stm32l4xx.o
LOAD ./Src/usart.o
LOAD ./Startup/startup_stm32l4r7zitx.o
LOAD ../Middlewares/Third_Party/ARM_CMSIS/CMSIS/DSP/Lib/GCC\libarm_cortexM4lf_math.a
START GROUP
LOAD S:/Programs hhd/STM32CubeIDE_1.4.0/STM32CubeIDE/plugins/com.st.stm32cube.ide.mcu.externaltools.gnu-tools-for-stm32.12.3.rel1.win32_1.0.200.202406191623/tools/bin/../lib/gcc/arm-none-eabi/12.3.1/../../../../arm-none-eabi/lib/thumb/v7e-m+fp/hard\libc_nano.a
LOAD S:/Programs hhd/STM32CubeIDE_1.4.0/STM32CubeIDE/plugins/com.st.stm32cube.ide.mcu.externaltools.gnu-tools-for-stm32.12.3.rel1.win32_1.0.200.202406191623/tools/bin/../lib/gcc/arm-none-eabi/12.3.1/../../../../arm-none-eabi/lib/thumb/v7e-m+fp/hard\libm.a
END GROUP
START GROUP
LOAD S:/Programs hhd/STM32CubeIDE_1.4.0/STM32CubeIDE/plugins/com.st.stm32cube.ide.mcu.externaltools.gnu-tools-for-stm32.12.3.rel1.win32_1.0.200.202406191623/tools/bin/../lib/gcc/arm-none-eabi/12.3.1/thumb/v7e-m+fp/hard\libgcc.a
LOAD S:/Programs hhd/STM32CubeIDE_1.4.0/STM32CubeIDE/plugins/com.st.stm32cube.ide.mcu.externaltools.gnu-tools-for-stm32.12.3.rel1.win32_1.0.200.202406191623/tools/bin/../lib/gcc/arm-none-eabi/12.3.1/../../../../arm-none-eabi/lib/thumb/v7e-m+fp/hard\libc_nano.a
END GROUP
START GROUP
LOAD S:/Programs hhd/STM32CubeIDE_1.4.0/STM32CubeIDE/plugins/com.st.stm32cube.ide.mcu.externaltools.gnu-tools-for-stm32.12.3.rel1.win32_1.0.200.202406191623/tools/bin/../lib/gcc/arm-none-eabi/12.3.1/thumb/v7e-m+fp/hard\libgcc.a
LOAD S:/Programs hhd/STM32CubeIDE_1.4.0/STM32CubeIDE/plugins/com.st.stm32cube.ide.mcu.externaltools.gnu-tools-for-stm32.12.3.rel1.win32_1.0.200.202406191623/tools/bin/../lib/gcc/arm-none-eabi/12.3.1/../../../../arm-none-eabi/lib/thumb/v7e-m+fp/hard\libc_nano.a
LOAD S:/Programs hhd/STM32CubeIDE_1.4.0/STM32CubeIDE/plugins/com.st.stm32cube.ide.mcu.externaltools.gnu-tools-for-stm32.12.3.rel1.win32_1.0.200.202406191623/tools/bin/../lib/gcc/arm-none-eabi/12.3.1/../../../../arm-none-eabi/lib/thumb/v7e-m+fp/hard\libnosys.a
END GROUP
START GROUP
LOAD S:/Programs hhd/STM32CubeIDE_1.4.0/STM32CubeIDE/plugins/com.st.stm32cube.ide.mcu.externaltools.gnu-tools-for-stm32.12.3.rel1.win32_1.0.200.202406191623/tools/bin/../lib/gcc/arm-none-eabi/12.3.1/thumb/v7e-m+fp/hard\libgcc.a
LOAD S:/Programs hhd/STM32CubeIDE_1.4.0/STM32CubeIDE/plugins/com.st.stm32cube.ide.mcu.externaltools.gnu-tools-for-stm32.12.3.rel1.win32_1.0.200.202406191623/tools/bin/../lib/gcc/arm-none-eabi/12.3.1/../../../../arm-none-eabi/lib/thumb/v7e-m+fp/hard\libc_nano.a
LOAD S:/Programs hhd/STM32CubeIDE_1.4.0/STM32CubeIDE/plugins/com.st.stm32cube.ide.mcu.externaltools.gnu-tools-for-stm32.12.3.rel1.win32_1.0.200.202406191623/tools/bin/../lib/gcc/arm-none-eabi/12.3.1/../../../../arm-none-eabi/lib/thumb/v7e-m+fp/hard\libnosys.a
END GROUP
LOAD S:/Programs hhd/STM32CubeIDE_1.4.0/STM32CubeIDE/plugins/com.st.stm32cube.ide.mcu.externaltools.gnu-tools-for-stm32.12.3.rel1.win32_1.0.200.202406191623/tools/bin/../lib/gcc/arm-none-eabi/12.3.1/thumb/v7e-m+fp/hard/crtend.o
LOAD S:/Programs hhd/STM32CubeIDE_1.4.0/STM32CubeIDE/plugins/com.st.stm32cube.ide.mcu.externaltools.gnu-tools-for-stm32.12.3.rel1.win32_1.0.200.202406191623/tools/bin/../lib/gcc/arm-none-eabi/12.3.1/thumb/v7e-m+fp/hard/crtn.o
                0x200a0000                        _estack = (ORIGIN (RAM) + LENGTH (RAM))
                0x00000400                        _Min_Heap_Size = 0x400
                0x00000800                        _Min_Stack_Size = 0x800

.isr_vector     0x08000000      0x1bc
                0x08000000                        . = ALIGN (0x4)
 *(.isr_vector)
 .isr_vector    0x08000000      0x1bc ./Startup/startup_stm32l4r7zitx.o
                0x08000000                g_pfnVectors
                0x080001bc                        . = ALIGN (0x4)

.text           0x080001c0    0x10e14
                0x080001c0                        . = ALIGN (0x4)
 *(.text)
 .text          0x080001c0       0x40 S:/Programs hhd/STM32CubeIDE_1.4.0/STM32CubeIDE/plugins/com.st.stm32cube.ide.mcu.externaltools.gnu-tools-for-stm32.12.3.rel1.win32_1.0.200.202406191623/tools/bin/../lib/gcc/arm-none-eabi/12.3.1/thumb/v7e-m+fp/hard/crtbegin.o
 .text          0x08000200       0xa0 S:/Programs hhd/STM32CubeIDE_1.4.0/STM32CubeIDE/plugins/com.st.stm32cube.ide.mcu.externaltools.gnu-tools-for-stm32.12.3.rel1.win32_1.0.200.202406191623/tools/bin/../lib/gcc/arm-none-eabi/12.3.1/../../../../arm-none-eabi/lib/thumb/v7e-m+fp/hard\libc_nano.a(libc_a-memchr.o)
                0x08000200                memchr
 .text          0x080002a0       0x30 S:/Programs hhd/STM32CubeIDE_1.4.0/STM32CubeIDE/plugins/com.st.stm32cube.ide.mcu.externaltools.gnu-tools-for-stm32.12.3.rel1.win32_1.0.200.202406191623/tools/bin/../lib/gcc/arm-none-eabi/12.3.1/thumb/v7e-m+fp/hard\libgcc.a(_aeabi_uldivmod.o)
                0x080002a0                __aeabi_uldivmod
 .text          0x080002d0      0x2bc S:/Programs hhd/STM32CubeIDE_1.4.0/STM32CubeIDE/plugins/com.st.stm32cube.ide.mcu.externaltools.gnu-tools-for-stm32.12.3.rel1.win32_1.0.200.202406191623/tools/bin/../lib/gcc/arm-none-eabi/12.3.1/thumb/v7e-m+fp/hard\libgcc.a(_udivmoddi4.o)
                0x080002d0                __udivmoddi4
 .text          0x0800058c        0x4 S:/Programs hhd/STM32CubeIDE_1.4.0/STM32CubeIDE/plugins/com.st.stm32cube.ide.mcu.externaltools.gnu-tools-for-stm32.12.3.rel1.win32_1.0.200.202406191623/tools/bin/../lib/gcc/arm-none-eabi/12.3.1/thumb/v7e-m+fp/hard\libgcc.a(_dvmd_tls.o)
                0x0800058c                __aeabi_idiv0
                0x0800058c                __aeabi_ldiv0
 *(.text*)
 .text.HAL_Init
                0x08000590       0x30 ./Drivers/STM32L4xx_HAL_Driver/Src/stm32l4xx_hal.o
                0x08000590                HAL_Init
 .text.HAL_InitTick
                0x080005c0       0x78 ./Drivers/STM32L4xx_HAL_Driver/Src/stm32l4xx_hal.o
                0x080005c0                HAL_InitTick
 .text.HAL_IncTick
                0x08000638       0x28 ./Drivers/STM32L4xx_HAL_Driver/Src/stm32l4xx_hal.o
                0x08000638                HAL_IncTick
 .text.HAL_GetTick
                0x08000660       0x18 ./Drivers/STM32L4xx_HAL_Driver/Src/stm32l4xx_hal.o
                0x08000660                HAL_GetTick
 .text.HAL_Delay
                0x08000678       0x48 ./Drivers/STM32L4xx_HAL_Driver/Src/stm32l4xx_hal.o
                0x08000678                HAL_Delay
 .text.__NVIC_SetPriorityGrouping
                0x080006c0       0x48 ./Drivers/STM32L4xx_HAL_Driver/Src/stm32l4xx_hal_cortex.o
 .text.__NVIC_GetPriorityGrouping
                0x08000708       0x1c ./Drivers/STM32L4xx_HAL_Driver/Src/stm32l4xx_hal_cortex.o
 .text.__NVIC_EnableIRQ
                0x08000724       0x3c ./Drivers/STM32L4xx_HAL_Driver/Src/stm32l4xx_hal_cortex.o
 .text.__NVIC_SetPriority
                0x08000760       0x54 ./Drivers/STM32L4xx_HAL_Driver/Src/stm32l4xx_hal_cortex.o
 .text.NVIC_EncodePriority
                0x080007b4       0x66 ./Drivers/STM32L4xx_HAL_Driver/Src/stm32l4xx_hal_cortex.o
 *fill*         0x0800081a        0x2 
 .text.SysTick_Config
                0x0800081c       0x44 ./Drivers/STM32L4xx_HAL_Driver/Src/stm32l4xx_hal_cortex.o
 .text.HAL_NVIC_SetPriorityGrouping
                0x08000860       0x40 ./Drivers/STM32L4xx_HAL_Driver/Src/stm32l4xx_hal_cortex.o
                0x08000860                HAL_NVIC_SetPriorityGrouping
 .text.HAL_NVIC_SetPriority
                0x080008a0       0x58 ./Drivers/STM32L4xx_HAL_Driver/Src/stm32l4xx_hal_cortex.o
                0x080008a0                HAL_NVIC_SetPriority
 .text.HAL_NVIC_EnableIRQ
                0x080008f8       0x30 ./Drivers/STM32L4xx_HAL_Driver/Src/stm32l4xx_hal_cortex.o
                0x080008f8                HAL_NVIC_EnableIRQ
 .text.HAL_SYSTICK_Config
                0x08000928       0x18 ./Drivers/STM32L4xx_HAL_Driver/Src/stm32l4xx_hal_cortex.o
                0x08000928                HAL_SYSTICK_Config
 .text.HAL_DFSDM_ChannelInit
                0x08000940      0x390 ./Drivers/STM32L4xx_HAL_Driver/Src/stm32l4xx_hal_dfsdm.o
                0x08000940                HAL_DFSDM_ChannelInit
 .text.HAL_DFSDM_FilterInit
                0x08000cd0      0x3c4 ./Drivers/STM32L4xx_HAL_Driver/Src/stm32l4xx_hal_dfsdm.o
                0x08000cd0                HAL_DFSDM_FilterInit
 .text.HAL_DFSDM_FilterConfigRegChannel
                0x08001094      0x148 ./Drivers/STM32L4xx_HAL_Driver/Src/stm32l4xx_hal_dfsdm.o
                0x08001094                HAL_DFSDM_FilterConfigRegChannel
 .text.HAL_DFSDM_FilterRegularStart_DMA
                0x080011dc      0x148 ./Drivers/STM32L4xx_HAL_Driver/Src/stm32l4xx_hal_dfsdm.o
                0x080011dc                HAL_DFSDM_FilterRegularStart_DMA
 .text.HAL_DFSDM_FilterRegularStop_DMA
                0x08001324       0x88 ./Drivers/STM32L4xx_HAL_Driver/Src/stm32l4xx_hal_dfsdm.o
                0x08001324                HAL_DFSDM_FilterRegularStop_DMA
 .text.HAL_DFSDM_FilterErrorCallback
                0x080013ac       0x14 ./Drivers/STM32L4xx_HAL_Driver/Src/stm32l4xx_hal_dfsdm.o
                0x080013ac                HAL_DFSDM_FilterErrorCallback
 .text.DFSDM_DMARegularHalfConvCplt
                0x080013c0       0x1c ./Drivers/STM32L4xx_HAL_Driver/Src/stm32l4xx_hal_dfsdm.o
 .text.DFSDM_DMARegularConvCplt
                0x080013dc       0x1c ./Drivers/STM32L4xx_HAL_Driver/Src/stm32l4xx_hal_dfsdm.o
 .text.DFSDM_DMAError
                0x080013f8       0x22 ./Drivers/STM32L4xx_HAL_Driver/Src/stm32l4xx_hal_dfsdm.o
 *fill*         0x0800141a        0x2 
 .text.DFSDM_GetChannelFromInstance
                0x0800141c       0x98 ./Drivers/STM32L4xx_HAL_Driver/Src/stm32l4xx_hal_dfsdm.o
 .text.DFSDM_RegConvStart
                0x080014b4       0xac ./Drivers/STM32L4xx_HAL_Driver/Src/stm32l4xx_hal_dfsdm.o
 .text.DFSDM_RegConvStop
                0x08001560       0x9a ./Drivers/STM32L4xx_HAL_Driver/Src/stm32l4xx_hal_dfsdm.o
 *fill*         0x080015fa        0x2 
 .text.HAL_DMA_Init
                0x080015fc      0x314 ./Drivers/STM32L4xx_HAL_Driver/Src/stm32l4xx_hal_dma.o
                0x080015fc                HAL_DMA_Init
 .text.HAL_DMA_Start_IT
                0x08001910      0x114 ./Drivers/STM32L4xx_HAL_Driver/Src/stm32l4xx_hal_dma.o
                0x08001910                HAL_DMA_Start_IT
 .text.HAL_DMA_Abort
                0x08001a24       0xb8 ./Drivers/STM32L4xx_HAL_Driver/Src/stm32l4xx_hal_dma.o
                0x08001a24                HAL_DMA_Abort
 .text.HAL_DMA_IRQHandler
                0x08001adc      0x15e ./Drivers/STM32L4xx_HAL_Driver/Src/stm32l4xx_hal_dma.o
                0x08001adc                HAL_DMA_IRQHandler
 .text.DMA_SetConfig
                0x08001c3a       0x7c ./Drivers/STM32L4xx_HAL_Driver/Src/stm32l4xx_hal_dma.o
 *fill*         0x08001cb6        0x2 
 .text.DMA_CalcDMAMUXChannelBaseAndMask
                0x08001cb8       0x7c ./Drivers/STM32L4xx_HAL_Driver/Src/stm32l4xx_hal_dma.o
 .text.DMA_CalcDMAMUXRequestGenBaseAndMask
                0x08001d34       0x48 ./Drivers/STM32L4xx_HAL_Driver/Src/stm32l4xx_hal_dma.o
 .text.HAL_GPIO_Init
                0x08001d7c      0x4fc ./Drivers/STM32L4xx_HAL_Driver/Src/stm32l4xx_hal_gpio.o
                0x08001d7c                HAL_GPIO_Init
 .text.HAL_GPIO_ReadPin
                0x08002278       0x40 ./Drivers/STM32L4xx_HAL_Driver/Src/stm32l4xx_hal_gpio.o
                0x08002278                HAL_GPIO_ReadPin
 .text.HAL_GPIO_WritePin
                0x080022b8       0x58 ./Drivers/STM32L4xx_HAL_Driver/Src/stm32l4xx_hal_gpio.o
                0x080022b8                HAL_GPIO_WritePin
 .text.HAL_I2C_Init
                0x08002310      0x25c ./Drivers/STM32L4xx_HAL_Driver/Src/stm32l4xx_hal_i2c.o
                0x08002310                HAL_I2C_Init
 .text.HAL_I2C_Master_Transmit
                0x0800256c      0x230 ./Drivers/STM32L4xx_HAL_Driver/Src/stm32l4xx_hal_i2c.o
                0x0800256c                HAL_I2C_Master_Transmit
 .text.HAL_I2C_Master_Receive
                0x0800279c      0x1ec ./Drivers/STM32L4xx_HAL_Driver/Src/stm32l4xx_hal_i2c.o
                0x0800279c                HAL_I2C_Master_Receive
 .text.I2C_Flush_TXDR
                0x08002988       0x48 ./Drivers/STM32L4xx_HAL_Driver/Src/stm32l4xx_hal_i2c.o
 .text.I2C_WaitOnFlagUntilTimeout
                0x080029d0       0xb2 ./Drivers/STM32L4xx_HAL_Driver/Src/stm32l4xx_hal_i2c.o
 .text.I2C_WaitOnTXISFlagUntilTimeout
                0x08002a82       0x8e ./Drivers/STM32L4xx_HAL_Driver/Src/stm32l4xx_hal_i2c.o
 .text.I2C_WaitOnSTOPFlagUntilTimeout
                0x08002b10       0x86 ./Drivers/STM32L4xx_HAL_Driver/Src/stm32l4xx_hal_i2c.o
 *fill*         0x08002b96        0x2 
 .text.I2C_WaitOnRXNEFlagUntilTimeout
                0x08002b98      0x118 ./Drivers/STM32L4xx_HAL_Driver/Src/stm32l4xx_hal_i2c.o
 .text.I2C_IsErrorOccurred
                0x08002cb0      0x1c0 ./Drivers/STM32L4xx_HAL_Driver/Src/stm32l4xx_hal_i2c.o
 .text.I2C_TransferConfig
                0x08002e70       0xf8 ./Drivers/STM32L4xx_HAL_Driver/Src/stm32l4xx_hal_i2c.o
 .text.HAL_I2CEx_ConfigAnalogFilter
                0x08002f68       0xec ./Drivers/STM32L4xx_HAL_Driver/Src/stm32l4xx_hal_i2c_ex.o
                0x08002f68                HAL_I2CEx_ConfigAnalogFilter
 .text.HAL_I2CEx_ConfigDigitalFilter
                0x08003054       0xe8 ./Drivers/STM32L4xx_HAL_Driver/Src/stm32l4xx_hal_i2c_ex.o
                0x08003054                HAL_I2CEx_ConfigDigitalFilter
 .text.HAL_PWR_EnableBkUpAccess
                0x0800313c       0x20 ./Drivers/STM32L4xx_HAL_Driver/Src/stm32l4xx_hal_pwr.o
                0x0800313c                HAL_PWR_EnableBkUpAccess
 .text.HAL_PWREx_GetVoltageRange
                0x0800315c       0x40 ./Drivers/STM32L4xx_HAL_Driver/Src/stm32l4xx_hal_pwr_ex.o
                0x0800315c                HAL_PWREx_GetVoltageRange
 .text.HAL_PWREx_ControlVoltageScaling
                0x0800319c      0x168 ./Drivers/STM32L4xx_HAL_Driver/Src/stm32l4xx_hal_pwr_ex.o
                0x0800319c                HAL_PWREx_ControlVoltageScaling
 .text.HAL_PWREx_EnableBatteryCharging
                0x08003304       0x4c ./Drivers/STM32L4xx_HAL_Driver/Src/stm32l4xx_hal_pwr_ex.o
                0x08003304                HAL_PWREx_EnableBatteryCharging
 .text.HAL_PWREx_EnableVddIO2
                0x08003350       0x20 ./Drivers/STM32L4xx_HAL_Driver/Src/stm32l4xx_hal_pwr_ex.o
                0x08003350                HAL_PWREx_EnableVddIO2
 .text.HAL_RCC_OscConfig
                0x08003370      0xaa0 ./Drivers/STM32L4xx_HAL_Driver/Src/stm32l4xx_hal_rcc.o
                0x08003370                HAL_RCC_OscConfig
 .text.HAL_RCC_ClockConfig
                0x08003e10      0x3fc ./Drivers/STM32L4xx_HAL_Driver/Src/stm32l4xx_hal_rcc.o
                0x08003e10                HAL_RCC_ClockConfig
 .text.HAL_RCC_GetSysClockFreq
                0x0800420c      0x118 ./Drivers/STM32L4xx_HAL_Driver/Src/stm32l4xx_hal_rcc.o
                0x0800420c                HAL_RCC_GetSysClockFreq
 .text.HAL_RCC_GetHCLKFreq
                0x08004324       0x18 ./Drivers/STM32L4xx_HAL_Driver/Src/stm32l4xx_hal_rcc.o
                0x08004324                HAL_RCC_GetHCLKFreq
 .text.HAL_RCC_GetPCLK1Freq
                0x0800433c       0x2c ./Drivers/STM32L4xx_HAL_Driver/Src/stm32l4xx_hal_rcc.o
                0x0800433c                HAL_RCC_GetPCLK1Freq
 .text.HAL_RCC_GetPCLK2Freq
                0x08004368       0x2c ./Drivers/STM32L4xx_HAL_Driver/Src/stm32l4xx_hal_rcc.o
                0x08004368                HAL_RCC_GetPCLK2Freq
 .text.RCC_SetFlashLatencyFromMSIRange
                0x08004394       0xb4 ./Drivers/STM32L4xx_HAL_Driver/Src/stm32l4xx_hal_rcc.o
 .text.RCC_GetSysClockFreqFromPLLSource
                0x08004448       0xcc ./Drivers/STM32L4xx_HAL_Driver/Src/stm32l4xx_hal_rcc.o
 .text.HAL_RCCEx_PeriphCLKConfig
                0x08004514      0xb2c ./Drivers/STM32L4xx_HAL_Driver/Src/stm32l4xx_hal_rcc_ex.o
                0x08004514                HAL_RCCEx_PeriphCLKConfig
 .text.HAL_RCCEx_GetPeriphCLKFreq
                0x08005040      0xe6c ./Drivers/STM32L4xx_HAL_Driver/Src/stm32l4xx_hal_rcc_ex.o
                0x08005040                HAL_RCCEx_GetPeriphCLKFreq
 .text.RCCEx_PLLSAI1_Config
                0x08005eac      0x300 ./Drivers/STM32L4xx_HAL_Driver/Src/stm32l4xx_hal_rcc_ex.o
 .text.RCCEx_PLLSAI2_Config
                0x080061ac      0x300 ./Drivers/STM32L4xx_HAL_Driver/Src/stm32l4xx_hal_rcc_ex.o
 .text.RCCEx_GetSAIxPeriphCLKFreq
                0x080064ac      0x224 ./Drivers/STM32L4xx_HAL_Driver/Src/stm32l4xx_hal_rcc_ex.o
 .text.HAL_RTC_Init
                0x080066d0      0x1ec ./Drivers/STM32L4xx_HAL_Driver/Src/stm32l4xx_hal_rtc.o
                0x080066d0                HAL_RTC_Init
 .text.HAL_RTC_GetTime
                0x080068bc       0xd4 ./Drivers/STM32L4xx_HAL_Driver/Src/stm32l4xx_hal_rtc.o
                0x080068bc                HAL_RTC_GetTime
 .text.HAL_RTC_GetDate
                0x08006990       0xb4 ./Drivers/STM32L4xx_HAL_Driver/Src/stm32l4xx_hal_rtc.o
                0x08006990                HAL_RTC_GetDate
 .text.HAL_RTC_WaitForSynchro
                0x08006a44       0x48 ./Drivers/STM32L4xx_HAL_Driver/Src/stm32l4xx_hal_rtc.o
                0x08006a44                HAL_RTC_WaitForSynchro
 .text.RTC_EnterInitMode
                0x08006a8c       0x66 ./Drivers/STM32L4xx_HAL_Driver/Src/stm32l4xx_hal_rtc.o
                0x08006a8c                RTC_EnterInitMode
 *fill*         0x08006af2        0x2 
 .text.RTC_ExitInitMode
                0x08006af4       0x7c ./Drivers/STM32L4xx_HAL_Driver/Src/stm32l4xx_hal_rtc.o
                0x08006af4                RTC_ExitInitMode
 .text.RTC_Bcd2ToByte
                0x08006b70       0x34 ./Drivers/STM32L4xx_HAL_Driver/Src/stm32l4xx_hal_rtc.o
                0x08006b70                RTC_Bcd2ToByte
 .text.HAL_SD_Init
                0x08006ba4      0x1cc ./Drivers/STM32L4xx_HAL_Driver/Src/stm32l4xx_hal_sd.o
                0x08006ba4                HAL_SD_Init
 .text.HAL_SD_InitCard
                0x08006d70      0x144 ./Drivers/STM32L4xx_HAL_Driver/Src/stm32l4xx_hal_sd.o
                0x08006d70                HAL_SD_InitCard
 .text.HAL_SD_ReadBlocks
                0x08006eb4      0x324 ./Drivers/STM32L4xx_HAL_Driver/Src/stm32l4xx_hal_sd.o
                0x08006eb4                HAL_SD_ReadBlocks
 .text.HAL_SD_WriteBlocks
                0x080071d8      0x32c ./Drivers/STM32L4xx_HAL_Driver/Src/stm32l4xx_hal_sd.o
                0x080071d8                HAL_SD_WriteBlocks
 .text.HAL_SD_IRQHandler
                0x08007504      0x36c ./Drivers/STM32L4xx_HAL_Driver/Src/stm32l4xx_hal_sd.o
                0x08007504                HAL_SD_IRQHandler
 .text.HAL_SD_ErrorCallback
                0x08007870       0x14 ./Drivers/STM32L4xx_HAL_Driver/Src/stm32l4xx_hal_sd.o
                0x08007870                HAL_SD_ErrorCallback
 .text.HAL_SD_GetCardCSD
                0x08007884      0x348 ./Drivers/STM32L4xx_HAL_Driver/Src/stm32l4xx_hal_sd.o
                0x08007884                HAL_SD_GetCardCSD
 .text.HAL_SD_GetCardStatus
                0x08007bcc      0x16c ./Drivers/STM32L4xx_HAL_Driver/Src/stm32l4xx_hal_sd.o
                0x08007bcc                HAL_SD_GetCardStatus
 .text.HAL_SD_GetCardInfo
                0x08007d38       0x58 ./Drivers/STM32L4xx_HAL_Driver/Src/stm32l4xx_hal_sd.o
                0x08007d38                HAL_SD_GetCardInfo
 .text.HAL_SD_ConfigWideBusOperation
                0x08007d90      0x24c ./Drivers/STM32L4xx_HAL_Driver/Src/stm32l4xx_hal_sd.o
                0x08007d90                HAL_SD_ConfigWideBusOperation
 .text.HAL_SD_GetCardState
                0x08007fdc       0x40 ./Drivers/STM32L4xx_HAL_Driver/Src/stm32l4xx_hal_sd.o
                0x08007fdc                HAL_SD_GetCardState
 .text.SD_InitCard
                0x0800801c      0x17e ./Drivers/STM32L4xx_HAL_Driver/Src/stm32l4xx_hal_sd.o
 *fill*         0x0800819a        0x2 
 .text.SD_PowerON
                0x0800819c      0x218 ./Drivers/STM32L4xx_HAL_Driver/Src/stm32l4xx_hal_sd.o
 .text.SD_SendSDStatus
                0x080083b4      0x1a0 ./Drivers/STM32L4xx_HAL_Driver/Src/stm32l4xx_hal_sd.o
 .text.SD_SendStatus
                0x08008554       0x50 ./Drivers/STM32L4xx_HAL_Driver/Src/stm32l4xx_hal_sd.o
 .text.SD_WideBus_Enable
                0x080085a4       0x96 ./Drivers/STM32L4xx_HAL_Driver/Src/stm32l4xx_hal_sd.o
 .text.SD_WideBus_Disable
                0x0800863a       0x96 ./Drivers/STM32L4xx_HAL_Driver/Src/stm32l4xx_hal_sd.o
 .text.SD_FindSCR
                0x080086d0      0x1a0 ./Drivers/STM32L4xx_HAL_Driver/Src/stm32l4xx_hal_sd.o
 .text.SD_Read_IT
                0x08008870       0xa2 ./Drivers/STM32L4xx_HAL_Driver/Src/stm32l4xx_hal_sd.o
 .text.SD_Write_IT
                0x08008912       0xaa ./Drivers/STM32L4xx_HAL_Driver/Src/stm32l4xx_hal_sd.o
 .text.HAL_SDEx_DriveTransceiver_1_8V_Callback
                0x080089bc       0x16 ./Drivers/STM32L4xx_HAL_Driver/Src/stm32l4xx_hal_sd_ex.o
                0x080089bc                HAL_SDEx_DriveTransceiver_1_8V_Callback
 .text.HAL_SDEx_Read_DMADoubleBuffer0CpltCallback
                0x080089d2       0x14 ./Drivers/STM32L4xx_HAL_Driver/Src/stm32l4xx_hal_sd_ex.o
                0x080089d2                HAL_SDEx_Read_DMADoubleBuffer0CpltCallback
 .text.HAL_SDEx_Read_DMADoubleBuffer1CpltCallback
                0x080089e6       0x14 ./Drivers/STM32L4xx_HAL_Driver/Src/stm32l4xx_hal_sd_ex.o
                0x080089e6                HAL_SDEx_Read_DMADoubleBuffer1CpltCallback
 .text.HAL_SDEx_Write_DMADoubleBuffer0CpltCallback
                0x080089fa       0x14 ./Drivers/STM32L4xx_HAL_Driver/Src/stm32l4xx_hal_sd_ex.o
                0x080089fa                HAL_SDEx_Write_DMADoubleBuffer0CpltCallback
 .text.HAL_SDEx_Write_DMADoubleBuffer1CpltCallback
                0x08008a0e       0x14 ./Drivers/STM32L4xx_HAL_Driver/Src/stm32l4xx_hal_sd_ex.o
                0x08008a0e                HAL_SDEx_Write_DMADoubleBuffer1CpltCallback
 *fill*         0x08008a22        0x2 
 .text.HAL_SPI_Init
                0x08008a24      0x3dc ./Drivers/STM32L4xx_HAL_Driver/Src/stm32l4xx_hal_spi.o
                0x08008a24                HAL_SPI_Init
 .text.HAL_SPI_TransmitReceive
                0x08008e00      0x454 ./Drivers/STM32L4xx_HAL_Driver/Src/stm32l4xx_hal_spi.o
                0x08008e00                HAL_SPI_TransmitReceive
 .text.SPI_WaitFlagStateUntilTimeout
                0x08009254      0x110 ./Drivers/STM32L4xx_HAL_Driver/Src/stm32l4xx_hal_spi.o
 .text.SPI_WaitFifoStateUntilTimeout
                0x08009364      0x12c ./Drivers/STM32L4xx_HAL_Driver/Src/stm32l4xx_hal_spi.o
 .text.SPI_EndRxTxTransaction
                0x08009490       0x8c ./Drivers/STM32L4xx_HAL_Driver/Src/stm32l4xx_hal_spi.o
 .text.HAL_UART_Init
                0x0800951c      0x154 ./Drivers/STM32L4xx_HAL_Driver/Src/stm32l4xx_hal_uart.o
                0x0800951c                HAL_UART_Init
 .text.HAL_UART_Transmit
                0x08009670      0x11c ./Drivers/STM32L4xx_HAL_Driver/Src/stm32l4xx_hal_uart.o
                0x08009670                HAL_UART_Transmit
 .text.UART_SetConfig
                0x0800978c      0x7c0 ./Drivers/STM32L4xx_HAL_Driver/Src/stm32l4xx_hal_uart.o
                0x0800978c                UART_SetConfig
 .text.UART_AdvFeatureConfig
                0x08009f4c      0x2c0 ./Drivers/STM32L4xx_HAL_Driver/Src/stm32l4xx_hal_uart.o
                0x08009f4c                UART_AdvFeatureConfig
 .text.UART_CheckIdleState
                0x0800a20c      0x154 ./Drivers/STM32L4xx_HAL_Driver/Src/stm32l4xx_hal_uart.o
                0x0800a20c                UART_CheckIdleState
 .text.UART_WaitOnFlagUntilTimeout
                0x0800a360       0xda ./Drivers/STM32L4xx_HAL_Driver/Src/stm32l4xx_hal_uart.o
                0x0800a360                UART_WaitOnFlagUntilTimeout
 .text.UART_EndRxTransfer
                0x0800a43a       0xcc ./Drivers/STM32L4xx_HAL_Driver/Src/stm32l4xx_hal_uart.o
 *fill*         0x0800a506        0x2 
 .text.HAL_UARTEx_DisableFifoMode
                0x0800a508       0xd0 ./Drivers/STM32L4xx_HAL_Driver/Src/stm32l4xx_hal_uart_ex.o
                0x0800a508                HAL_UARTEx_DisableFifoMode
 .text.HAL_UARTEx_SetTxFifoThreshold
                0x0800a5d8      0x118 ./Drivers/STM32L4xx_HAL_Driver/Src/stm32l4xx_hal_uart_ex.o
                0x0800a5d8                HAL_UARTEx_SetTxFifoThreshold
 .text.HAL_UARTEx_SetRxFifoThreshold
                0x0800a6f0      0x118 ./Drivers/STM32L4xx_HAL_Driver/Src/stm32l4xx_hal_uart_ex.o
                0x0800a6f0                HAL_UARTEx_SetRxFifoThreshold
 .text.UARTEx_SetNbDataToProcess
                0x0800a808       0x9c ./Drivers/STM32L4xx_HAL_Driver/Src/stm32l4xx_hal_uart_ex.o
 .text.SDMMC_Init
                0x0800a8a4       0xdc ./Drivers/STM32L4xx_HAL_Driver/Src/stm32l4xx_ll_sdmmc.o
                0x0800a8a4                SDMMC_Init
 .text.SDMMC_ReadFIFO
                0x0800a980       0x1a ./Drivers/STM32L4xx_HAL_Driver/Src/stm32l4xx_ll_sdmmc.o
                0x0800a980                SDMMC_ReadFIFO
 .text.SDMMC_WriteFIFO
                0x0800a99a       0x22 ./Drivers/STM32L4xx_HAL_Driver/Src/stm32l4xx_ll_sdmmc.o
                0x0800a99a                SDMMC_WriteFIFO
 .text.SDMMC_PowerState_ON
                0x0800a9bc       0x24 ./Drivers/STM32L4xx_HAL_Driver/Src/stm32l4xx_ll_sdmmc.o
                0x0800a9bc                SDMMC_PowerState_ON
 .text.SDMMC_GetPowerState
                0x0800a9e0       0x1c ./Drivers/STM32L4xx_HAL_Driver/Src/stm32l4xx_ll_sdmmc.o
                0x0800a9e0                SDMMC_GetPowerState
 .text.SDMMC_SendCommand
                0x0800a9fc       0xd0 ./Drivers/STM32L4xx_HAL_Driver/Src/stm32l4xx_ll_sdmmc.o
                0x0800a9fc                SDMMC_SendCommand
 .text.SDMMC_GetCommandResponse
                0x0800aacc       0x1a ./Drivers/STM32L4xx_HAL_Driver/Src/stm32l4xx_ll_sdmmc.o
                0x0800aacc                SDMMC_GetCommandResponse
 *fill*         0x0800aae6        0x2 
 .text.SDMMC_GetResponse
                0x0800aae8       0x48 ./Drivers/STM32L4xx_HAL_Driver/Src/stm32l4xx_ll_sdmmc.o
                0x0800aae8                SDMMC_GetResponse
 .text.SDMMC_ConfigData
                0x0800ab30      0x13c ./Drivers/STM32L4xx_HAL_Driver/Src/stm32l4xx_ll_sdmmc.o
                0x0800ab30                SDMMC_ConfigData
 .text.SDMMC_CmdBlockLength
                0x0800ac6c       0x46 ./Drivers/STM32L4xx_HAL_Driver/Src/stm32l4xx_ll_sdmmc.o
                0x0800ac6c                SDMMC_CmdBlockLength
 .text.SDMMC_CmdReadSingleBlock
                0x0800acb2       0x46 ./Drivers/STM32L4xx_HAL_Driver/Src/stm32l4xx_ll_sdmmc.o
                0x0800acb2                SDMMC_CmdReadSingleBlock
 .text.SDMMC_CmdReadMultiBlock
                0x0800acf8       0x46 ./Drivers/STM32L4xx_HAL_Driver/Src/stm32l4xx_ll_sdmmc.o
                0x0800acf8                SDMMC_CmdReadMultiBlock
 .text.SDMMC_CmdWriteSingleBlock
                0x0800ad3e       0x46 ./Drivers/STM32L4xx_HAL_Driver/Src/stm32l4xx_ll_sdmmc.o
                0x0800ad3e                SDMMC_CmdWriteSingleBlock
 .text.SDMMC_CmdWriteMultiBlock
                0x0800ad84       0x46 ./Drivers/STM32L4xx_HAL_Driver/Src/stm32l4xx_ll_sdmmc.o
                0x0800ad84                SDMMC_CmdWriteMultiBlock
 *fill*         0x0800adca        0x2 
 .text.SDMMC_CmdStopTransfer
                0x0800adcc       0x6c ./Drivers/STM32L4xx_HAL_Driver/Src/stm32l4xx_ll_sdmmc.o
                0x0800adcc                SDMMC_CmdStopTransfer
 .text.SDMMC_CmdSelDesel
                0x0800ae38       0x48 ./Drivers/STM32L4xx_HAL_Driver/Src/stm32l4xx_ll_sdmmc.o
                0x0800ae38                SDMMC_CmdSelDesel
 .text.SDMMC_CmdGoIdleState
                0x0800ae80       0x3c ./Drivers/STM32L4xx_HAL_Driver/Src/stm32l4xx_ll_sdmmc.o
                0x0800ae80                SDMMC_CmdGoIdleState
 .text.SDMMC_CmdOperCond
                0x0800aebc       0x40 ./Drivers/STM32L4xx_HAL_Driver/Src/stm32l4xx_ll_sdmmc.o
                0x0800aebc                SDMMC_CmdOperCond
 .text.SDMMC_CmdAppCommand
                0x0800aefc       0x46 ./Drivers/STM32L4xx_HAL_Driver/Src/stm32l4xx_ll_sdmmc.o
                0x0800aefc                SDMMC_CmdAppCommand
 .text.SDMMC_CmdAppOperCommand
                0x0800af42       0x40 ./Drivers/STM32L4xx_HAL_Driver/Src/stm32l4xx_ll_sdmmc.o
                0x0800af42                SDMMC_CmdAppOperCommand
 .text.SDMMC_CmdBusWidth
                0x0800af82       0x46 ./Drivers/STM32L4xx_HAL_Driver/Src/stm32l4xx_ll_sdmmc.o
                0x0800af82                SDMMC_CmdBusWidth
 .text.SDMMC_CmdSendSCR
                0x0800afc8       0x44 ./Drivers/STM32L4xx_HAL_Driver/Src/stm32l4xx_ll_sdmmc.o
                0x0800afc8                SDMMC_CmdSendSCR
 .text.SDMMC_CmdSendCID
                0x0800b00c       0x3e ./Drivers/STM32L4xx_HAL_Driver/Src/stm32l4xx_ll_sdmmc.o
                0x0800b00c                SDMMC_CmdSendCID
 .text.SDMMC_CmdSendCSD
                0x0800b04a       0x40 ./Drivers/STM32L4xx_HAL_Driver/Src/stm32l4xx_ll_sdmmc.o
                0x0800b04a                SDMMC_CmdSendCSD
 .text.SDMMC_CmdSetRelAdd
                0x0800b08a       0x44 ./Drivers/STM32L4xx_HAL_Driver/Src/stm32l4xx_ll_sdmmc.o
                0x0800b08a                SDMMC_CmdSetRelAdd
 .text.SDMMC_CmdSendStatus
                0x0800b0ce       0x46 ./Drivers/STM32L4xx_HAL_Driver/Src/stm32l4xx_ll_sdmmc.o
                0x0800b0ce                SDMMC_CmdSendStatus
 .text.SDMMC_CmdStatusRegister
                0x0800b114       0x44 ./Drivers/STM32L4xx_HAL_Driver/Src/stm32l4xx_ll_sdmmc.o
                0x0800b114                SDMMC_CmdStatusRegister
 .text.SDMMC_CmdVoltageSwitch
                0x0800b158       0x44 ./Drivers/STM32L4xx_HAL_Driver/Src/stm32l4xx_ll_sdmmc.o
                0x0800b158                SDMMC_CmdVoltageSwitch
 .text.SDMMC_GetCmdResp1
                0x0800b19c      0x1e4 ./Drivers/STM32L4xx_HAL_Driver/Src/stm32l4xx_ll_sdmmc.o
                0x0800b19c                SDMMC_GetCmdResp1
 .text.SDMMC_GetCmdResp2
                0x0800b380       0x94 ./Drivers/STM32L4xx_HAL_Driver/Src/stm32l4xx_ll_sdmmc.o
                0x0800b380                SDMMC_GetCmdResp2
 .text.SDMMC_GetCmdResp3
                0x0800b414       0x80 ./Drivers/STM32L4xx_HAL_Driver/Src/stm32l4xx_ll_sdmmc.o
                0x0800b414                SDMMC_GetCmdResp3
 .text.SDMMC_GetCmdResp6
                0x0800b494       0xf0 ./Drivers/STM32L4xx_HAL_Driver/Src/stm32l4xx_ll_sdmmc.o
                0x0800b494                SDMMC_GetCmdResp6
 .text.SDMMC_GetCmdResp7
                0x0800b584       0x9c ./Drivers/STM32L4xx_HAL_Driver/Src/stm32l4xx_ll_sdmmc.o
                0x0800b584                SDMMC_GetCmdResp7
 .text.SDMMC_GetCmdError
                0x0800b620       0x5c ./Drivers/STM32L4xx_HAL_Driver/Src/stm32l4xx_ll_sdmmc.o
 .text.disk_status
                0x0800b67c       0x34 ./Middlewares/Third_Party/FatFs/src/diskio.o
                0x0800b67c                disk_status
 .text.disk_initialize
                0x0800b6b0       0x4c ./Middlewares/Third_Party/FatFs/src/diskio.o
                0x0800b6b0                disk_initialize
 .text.disk_read
                0x0800b6fc       0x40 ./Middlewares/Third_Party/FatFs/src/diskio.o
                0x0800b6fc                disk_read
 .text.disk_write
                0x0800b73c       0x40 ./Middlewares/Third_Party/FatFs/src/diskio.o
                0x0800b73c                disk_write
 .text.disk_ioctl
                0x0800b77c       0x3c ./Middlewares/Third_Party/FatFs/src/diskio.o
                0x0800b77c                disk_ioctl
 .text.ld_word  0x0800b7b8       0x30 ./Middlewares/Third_Party/FatFs/src/ff.o
 .text.ld_dword
                0x0800b7e8       0x46 ./Middlewares/Third_Party/FatFs/src/ff.o
 .text.st_word  0x0800b82e       0x36 ./Middlewares/Third_Party/FatFs/src/ff.o
 .text.st_dword
                0x0800b864       0x58 ./Middlewares/Third_Party/FatFs/src/ff.o
 .text.mem_cpy  0x0800b8bc       0x42 ./Middlewares/Third_Party/FatFs/src/ff.o
 .text.mem_set  0x0800b8fe       0x36 ./Middlewares/Third_Party/FatFs/src/ff.o
 .text.mem_cmp  0x0800b934       0x4e ./Middlewares/Third_Party/FatFs/src/ff.o
 .text.chk_chr  0x0800b982       0x36 ./Middlewares/Third_Party/FatFs/src/ff.o
 .text.chk_lock
                0x0800b9b8       0xb8 ./Middlewares/Third_Party/FatFs/src/ff.o
 .text.enq_lock
                0x0800ba70       0x44 ./Middlewares/Third_Party/FatFs/src/ff.o
 .text.inc_lock
                0x0800bab4      0x11c ./Middlewares/Third_Party/FatFs/src/ff.o
 .text.dec_lock
                0x0800bbd0       0x78 ./Middlewares/Third_Party/FatFs/src/ff.o
 .text.clear_lock
                0x0800bc48       0x48 ./Middlewares/Third_Party/FatFs/src/ff.o
 .text.sync_window
                0x0800bc90       0x88 ./Middlewares/Third_Party/FatFs/src/ff.o
 .text.move_window
                0x0800bd18       0x5a ./Middlewares/Third_Party/FatFs/src/ff.o
 *fill*         0x0800bd72        0x2 
 .text.sync_fs  0x0800bd74       0xdc ./Middlewares/Third_Party/FatFs/src/ff.o
 .text.clust2sect
                0x0800be50       0x3e ./Middlewares/Third_Party/FatFs/src/ff.o
 .text.get_fat  0x0800be8e      0x14e ./Middlewares/Third_Party/FatFs/src/ff.o
 .text.put_fat  0x0800bfdc      0x1d4 ./Middlewares/Third_Party/FatFs/src/ff.o
 .text.remove_chain
                0x0800c1b0       0xca ./Middlewares/Third_Party/FatFs/src/ff.o
 .text.create_chain
                0x0800c27a      0x130 ./Middlewares/Third_Party/FatFs/src/ff.o
 .text.clmt_clust
                0x0800c3aa       0x68 ./Middlewares/Third_Party/FatFs/src/ff.o
 .text.dir_sdi  0x0800c412       0xf6 ./Middlewares/Third_Party/FatFs/src/ff.o
 .text.dir_next
                0x0800c508      0x18a ./Middlewares/Third_Party/FatFs/src/ff.o
 .text.dir_alloc
                0x0800c692       0x8e ./Middlewares/Third_Party/FatFs/src/ff.o
 .text.ld_clust
                0x0800c720       0x3e ./Middlewares/Third_Party/FatFs/src/ff.o
 .text.st_clust
                0x0800c75e       0x40 ./Middlewares/Third_Party/FatFs/src/ff.o
 *fill*         0x0800c79e        0x2 
 .text.cmp_lfn  0x0800c7a0       0xe0 ./Middlewares/Third_Party/FatFs/src/ff.o
 .text.put_lfn  0x0800c880       0xd0 ./Middlewares/Third_Party/FatFs/src/ff.o
 .text.gen_numname
                0x0800c950      0x11c ./Middlewares/Third_Party/FatFs/src/ff.o
 .text.sum_sfn  0x0800ca6c       0x42 ./Middlewares/Third_Party/FatFs/src/ff.o
 .text.dir_find
                0x0800caae      0x180 ./Middlewares/Third_Party/FatFs/src/ff.o
 *fill*         0x0800cc2e        0x2 
 .text.dir_register
                0x0800cc30      0x1f0 ./Middlewares/Third_Party/FatFs/src/ff.o
 .text.create_name
                0x0800ce20      0x370 ./Middlewares/Third_Party/FatFs/src/ff.o
 .text.follow_path
                0x0800d190       0xe2 ./Middlewares/Third_Party/FatFs/src/ff.o
 .text.get_ldnumber
                0x0800d272       0x88 ./Middlewares/Third_Party/FatFs/src/ff.o
 *fill*         0x0800d2fa        0x2 
 .text.check_fs
                0x0800d2fc       0xac ./Middlewares/Third_Party/FatFs/src/ff.o
 .text.find_volume
                0x0800d3a8      0x498 ./Middlewares/Third_Party/FatFs/src/ff.o
 .text.validate
                0x0800d840       0x6a ./Middlewares/Third_Party/FatFs/src/ff.o
 *fill*         0x0800d8aa        0x2 
 .text.f_mount  0x0800d8ac       0x8c ./Middlewares/Third_Party/FatFs/src/ff.o
                0x0800d8ac                f_mount
 .text.f_open   0x0800d938      0x566 ./Middlewares/Third_Party/FatFs/src/ff.o
                0x0800d938                f_open
 .text.f_write  0x0800de9e      0x2ea ./Middlewares/Third_Party/FatFs/src/ff.o
                0x0800de9e                f_write
 .text.f_sync   0x0800e188       0xfc ./Middlewares/Third_Party/FatFs/src/ff.o
                0x0800e188                f_sync
 .text.f_close  0x0800e284       0x54 ./Middlewares/Third_Party/FatFs/src/ff.o
                0x0800e284                f_close
 .text.FATFS_LinkDriverEx
                0x0800e2d8       0x98 ./Middlewares/Third_Party/FatFs/src/ff_gen_drv.o
                0x0800e2d8                FATFS_LinkDriverEx
 .text.FATFS_LinkDriver
                0x0800e370       0x1e ./Middlewares/Third_Party/FatFs/src/ff_gen_drv.o
                0x0800e370                FATFS_LinkDriver
 *fill*         0x0800e38e        0x2 
 .text.ff_convert
                0x0800e390       0x78 ./Middlewares/Third_Party/FatFs/src/option/ccsbcs.o
                0x0800e390                ff_convert
 .text.ff_wtoupper
                0x0800e408      0x114 ./Middlewares/Third_Party/FatFs/src/option/ccsbcs.o
                0x0800e408                ff_wtoupper
 .text.BSP_SD_Init
                0x0800e51c       0x4c ./Src/bsp_driver_sd.o
                0x0800e51c                BSP_SD_Init
 .text.BSP_SD_ReadBlocks
                0x0800e568       0x3c ./Src/bsp_driver_sd.o
                0x0800e568                BSP_SD_ReadBlocks
 .text.BSP_SD_WriteBlocks
                0x0800e5a4       0x3c ./Src/bsp_driver_sd.o
                0x0800e5a4                BSP_SD_WriteBlocks
 .text.BSP_SD_GetCardState
                0x0800e5e0       0x20 ./Src/bsp_driver_sd.o
                0x0800e5e0                BSP_SD_GetCardState
 .text.BSP_SD_GetCardInfo
                0x0800e600       0x1c ./Src/bsp_driver_sd.o
                0x0800e600                BSP_SD_GetCardInfo
 .text.HAL_SD_TxCpltCallback
                0x0800e61c       0x14 ./Src/bsp_driver_sd.o
                0x0800e61c                HAL_SD_TxCpltCallback
 .text.HAL_SD_RxCpltCallback
                0x0800e630       0x14 ./Src/bsp_driver_sd.o
                0x0800e630                HAL_SD_RxCpltCallback
 .text.BSP_SD_WriteCpltCallback
                0x0800e644        0xe ./Src/bsp_driver_sd.o
                0x0800e644                BSP_SD_WriteCpltCallback
 .text.BSP_SD_ReadCpltCallback
                0x0800e652        0xe ./Src/bsp_driver_sd.o
                0x0800e652                BSP_SD_ReadCpltCallback
 .text.BSP_SD_IsDetected
                0x0800e660       0x24 ./Src/bsp_driver_sd.o
                0x0800e660                BSP_SD_IsDetected
 .text.MX_DFSDM1_Init
                0x0800e684       0xc8 ./Src/dfsdm.o
                0x0800e684                MX_DFSDM1_Init
 .text.HAL_DFSDM_FilterMspInit
                0x0800e74c      0x19c ./Src/dfsdm.o
                0x0800e74c                HAL_DFSDM_FilterMspInit
 .text.HAL_DFSDM_ChannelMspInit
                0x0800e8e8      0x124 ./Src/dfsdm.o
                0x0800e8e8                HAL_DFSDM_ChannelMspInit
 .text.MX_DMA_Init
                0x0800ea0c       0x54 ./Src/dma.o
                0x0800ea0c                MX_DMA_Init
 .text.MX_FATFS_Init
                0x0800ea60       0x24 ./Src/fatfs.o
                0x0800ea60                MX_FATFS_Init
 .text.get_fattime
                0x0800ea84       0x10 ./Src/fatfs.o
                0x0800ea84                get_fattime
 .text.BSP_PlatformIsDetected
                0x0800ea94       0x2c ./Src/fatfs_platform.o
                0x0800ea94                BSP_PlatformIsDetected
 .text.MX_GPIO_Init
                0x0800eac0      0x288 ./Src/gpio.o
                0x0800eac0                MX_GPIO_Init
 .text.MX_I2C2_Init
                0x0800ed48       0x80 ./Src/i2c.o
                0x0800ed48                MX_I2C2_Init
 .text.HAL_I2C_MspInit
                0x0800edc8       0xbc ./Src/i2c.o
                0x0800edc8                HAL_I2C_MspInit
 .text.main     0x0800ee84      0x534 ./Src/main.o
                0x0800ee84                main
 .text.SystemClock_Config
                0x0800f3b8       0xb8 ./Src/main.o
                0x0800f3b8                SystemClock_Config
 .text._write   0x0800f470       0x28 ./Src/main.o
                0x0800f470                _write
 .text.HAL_DFSDM_FilterRegConvHalfCpltCallback
                0x0800f498       0x20 ./Src/main.o
                0x0800f498                HAL_DFSDM_FilterRegConvHalfCpltCallback
 .text.HAL_DFSDM_FilterRegConvCpltCallback
                0x0800f4b8       0x2c ./Src/main.o
                0x0800f4b8                HAL_DFSDM_FilterRegConvCpltCallback
 .text.Error_Handler
                0x0800f4e4        0xc ./Src/main.o
                0x0800f4e4                Error_Handler
 .text.assert_failed
                0x0800f4f0       0x16 ./Src/main.o
                0x0800f4f0                assert_failed
 *fill*         0x0800f506        0x2 
 .text.MX_RTC_Init
                0x0800f508       0x50 ./Src/rtc.o
                0x0800f508                MX_RTC_Init
 .text.HAL_RTC_MspInit
                0x0800f558       0x64 ./Src/rtc.o
                0x0800f558                HAL_RTC_MspInit
 .text.SD_CheckStatus
                0x0800f5bc       0x3c ./Src/sd_diskio.o
 .text.SD_initialize
                0x0800f5f8       0x3c ./Src/sd_diskio.o
                0x0800f5f8                SD_initialize
 .text.SD_status
                0x0800f634       0x1c ./Src/sd_diskio.o
                0x0800f634                SD_status
 .text.SD_read  0x0800f650       0x42 ./Src/sd_diskio.o
                0x0800f650                SD_read
 .text.SD_write
                0x0800f692       0x42 ./Src/sd_diskio.o
                0x0800f692                SD_write
 .text.SD_ioctl
                0x0800f6d4       0xb0 ./Src/sd_diskio.o
                0x0800f6d4                SD_ioctl
 .text.MX_SDMMC1_SD_Init
                0x0800f784       0x44 ./Src/sdmmc.o
                0x0800f784                MX_SDMMC1_SD_Init
 .text.HAL_SD_MspInit
                0x0800f7c8      0x144 ./Src/sdmmc.o
                0x0800f7c8                HAL_SD_MspInit
 .text.MX_SPI1_Init
                0x0800f90c       0x7c ./Src/spi.o
                0x0800f90c                MX_SPI1_Init
 .text.MX_SPI2_Init
                0x0800f988       0x7c ./Src/spi.o
                0x0800f988                MX_SPI2_Init
 .text.MX_SPI3_Init
                0x0800fa04       0x7c ./Src/spi.o
                0x0800fa04                MX_SPI3_Init
 .text.HAL_SPI_MspInit
                0x0800fa80      0x154 ./Src/spi.o
                0x0800fa80                HAL_SPI_MspInit
 .text.HAL_MspInit
                0x0800fbd4       0x48 ./Src/stm32l4xx_hal_msp.o
                0x0800fbd4                HAL_MspInit
 .text.NMI_Handler
                0x0800fc1c        0x8 ./Src/stm32l4xx_it.o
                0x0800fc1c                NMI_Handler
 .text.HardFault_Handler
                0x0800fc24        0x8 ./Src/stm32l4xx_it.o
                0x0800fc24                HardFault_Handler
 .text.MemManage_Handler
                0x0800fc2c        0x8 ./Src/stm32l4xx_it.o
                0x0800fc2c                MemManage_Handler
 .text.BusFault_Handler
                0x0800fc34        0x8 ./Src/stm32l4xx_it.o
                0x0800fc34                BusFault_Handler
 .text.UsageFault_Handler
                0x0800fc3c        0x8 ./Src/stm32l4xx_it.o
                0x0800fc3c                UsageFault_Handler
 .text.SVC_Handler
                0x0800fc44        0xe ./Src/stm32l4xx_it.o
                0x0800fc44                SVC_Handler
 .text.DebugMon_Handler
                0x0800fc52        0xe ./Src/stm32l4xx_it.o
                0x0800fc52                DebugMon_Handler
 .text.PendSV_Handler
                0x0800fc60        0xe ./Src/stm32l4xx_it.o
                0x0800fc60                PendSV_Handler
 .text.SysTick_Handler
                0x0800fc6e        0xc ./Src/stm32l4xx_it.o
                0x0800fc6e                SysTick_Handler
 *fill*         0x0800fc7a        0x2 
 .text.DMA1_Channel1_IRQHandler
                0x0800fc7c       0x14 ./Src/stm32l4xx_it.o
                0x0800fc7c                DMA1_Channel1_IRQHandler
 .text.SDMMC1_IRQHandler
                0x0800fc90       0x14 ./Src/stm32l4xx_it.o
                0x0800fc90                SDMMC1_IRQHandler
 .text._read    0x0800fca4       0x3a ./Src/syscalls.o
                0x0800fca4                _read
 .text._close   0x0800fcde       0x18 ./Src/syscalls.o
                0x0800fcde                _close
 .text._fstat   0x0800fcf6       0x20 ./Src/syscalls.o
                0x0800fcf6                _fstat
 .text._isatty  0x0800fd16       0x16 ./Src/syscalls.o
                0x0800fd16                _isatty
 .text._lseek   0x0800fd2c       0x1a ./Src/syscalls.o
                0x0800fd2c                _lseek
 *fill*         0x0800fd46        0x2 
 .text._sbrk    0x0800fd48       0x6c ./Src/sysmem.o
                0x0800fd48                _sbrk
 .text.SystemInit
                0x0800fdb4       0x24 ./Src/system_stm32l4xx.o
                0x0800fdb4                SystemInit
 .text.MX_USART1_UART_Init
                0x0800fdd8       0x98 ./Src/usart.o
                0x0800fdd8                MX_USART1_UART_Init
 .text.MX_USART2_UART_Init
                0x0800fe70       0x98 ./Src/usart.o
                0x0800fe70                MX_USART2_UART_Init
 .text.HAL_UART_MspInit
                0x0800ff08      0x144 ./Src/usart.o
                0x0800ff08                HAL_UART_MspInit
 .text.Reset_Handler
                0x0801004c       0x50 ./Startup/startup_stm32l4r7zitx.o
                0x0801004c                Reset_Handler
 .text.Default_Handler
                0x0801009c        0x2 ./Startup/startup_stm32l4r7zitx.o
                0x0801009c                RTC_Alarm_IRQHandler
                0x0801009c                EXTI2_IRQHandler
                0x0801009c                TIM8_TRG_COM_IRQHandler
                0x0801009c                TIM8_CC_IRQHandler
                0x0801009c                TIM1_CC_IRQHandler
                0x0801009c                TSC_IRQHandler
                0x0801009c                TAMP_STAMP_IRQHandler
                0x0801009c                EXTI3_IRQHandler
                0x0801009c                LPTIM2_IRQHandler
                0x0801009c                DFSDM1_FLT1_IRQHandler
                0x0801009c                GFXMMU_IRQHandler
                0x0801009c                I2C3_ER_IRQHandler
                0x0801009c                DFSDM1_FLT2_IRQHandler
                0x0801009c                EXTI0_IRQHandler
                0x0801009c                I2C2_EV_IRQHandler
                0x0801009c                CAN1_RX0_IRQHandler
                0x0801009c                FPU_IRQHandler
                0x0801009c                TIM1_UP_TIM16_IRQHandler
                0x0801009c                LTDC_ER_IRQHandler
                0x0801009c                SPI1_IRQHandler
                0x0801009c                OCTOSPI1_IRQHandler
                0x0801009c                TIM6_DAC_IRQHandler
                0x0801009c                DCMI_IRQHandler
                0x0801009c                TIM8_UP_IRQHandler
                0x0801009c                OCTOSPI2_IRQHandler
                0x0801009c                DMA2_Channel2_IRQHandler
                0x0801009c                DMA1_Channel4_IRQHandler
                0x0801009c                SAI2_IRQHandler
                0x0801009c                ADC1_IRQHandler
                0x0801009c                DFSDM1_FLT3_IRQHandler
                0x0801009c                USART3_IRQHandler
                0x0801009c                DMA1_Channel7_IRQHandler
                0x0801009c                CAN1_RX1_IRQHandler
                0x0801009c                UART5_IRQHandler
                0x0801009c                TIM4_IRQHandler
                0x0801009c                DMA2_Channel1_IRQHandler
                0x0801009c                I2C1_EV_IRQHandler
                0x0801009c                DMAMUX1_OVR_IRQHandler
                0x0801009c                DMA1_Channel6_IRQHandler
                0x0801009c                UART4_IRQHandler
                0x0801009c                DMA2_Channel4_IRQHandler
                0x0801009c                TIM3_IRQHandler
                0x0801009c                RCC_IRQHandler
                0x0801009c                Default_Handler
                0x0801009c                DMA2_Channel7_IRQHandler
                0x0801009c                EXTI15_10_IRQHandler
                0x0801009c                TIM7_IRQHandler
                0x0801009c                TIM5_IRQHandler
                0x0801009c                I2C3_EV_IRQHandler
                0x0801009c                EXTI9_5_IRQHandler
                0x0801009c                RTC_WKUP_IRQHandler
                0x0801009c                LTDC_IRQHandler
                0x0801009c                PVD_PVM_IRQHandler
                0x0801009c                SPI2_IRQHandler
                0x0801009c                CAN1_TX_IRQHandler
                0x0801009c                DMA2_Channel5_IRQHandler
                0x0801009c                CRS_IRQHandler
                0x0801009c                DMA1_Channel5_IRQHandler
                0x0801009c                EXTI4_IRQHandler
                0x0801009c                RNG_IRQHandler
                0x0801009c                TIM1_TRG_COM_TIM17_IRQHandler
                0x0801009c                DMA1_Channel3_IRQHandler
                0x0801009c                COMP_IRQHandler
                0x0801009c                WWDG_IRQHandler
                0x0801009c                I2C4_EV_IRQHandler
                0x0801009c                LPUART1_IRQHandler
                0x0801009c                DMA2_Channel6_IRQHandler
                0x0801009c                TIM2_IRQHandler
                0x0801009c                DMA2D_IRQHandler
                0x0801009c                EXTI1_IRQHandler
                0x0801009c                USART2_IRQHandler
                0x0801009c                DFSDM1_FLT0_IRQHandler
                0x0801009c                I2C2_ER_IRQHandler
                0x0801009c                DMA1_Channel2_IRQHandler
                0x0801009c                TIM8_BRK_IRQHandler
                0x0801009c                CAN1_SCE_IRQHandler
                0x0801009c                FLASH_IRQHandler
                0x0801009c                USART1_IRQHandler
                0x0801009c                OTG_FS_IRQHandler
                0x0801009c                SPI3_IRQHandler
                0x0801009c                I2C1_ER_IRQHandler
                0x0801009c                FMC_IRQHandler
                0x0801009c                LPTIM1_IRQHandler
                0x0801009c                I2C4_ER_IRQHandler
                0x0801009c                SAI1_IRQHandler
                0x0801009c                DMA2_Channel3_IRQHandler
                0x0801009c                TIM1_BRK_TIM15_IRQHandler
 *fill*         0x0801009e        0x2 
 .text.std      0x080100a0       0x6c S:/Programs hhd/STM32CubeIDE_1.4.0/STM32CubeIDE/plugins/com.st.stm32cube.ide.mcu.externaltools.gnu-tools-for-stm32.12.3.rel1.win32_1.0.200.202406191623/tools/bin/../lib/gcc/arm-none-eabi/12.3.1/../../../../arm-none-eabi/lib/thumb/v7e-m+fp/hard\libc_nano.a(libc_a-findfp.o)
 .text.stdio_exit_handler
                0x0801010c       0x18 S:/Programs hhd/STM32CubeIDE_1.4.0/STM32CubeIDE/plugins/com.st.stm32cube.ide.mcu.externaltools.gnu-tools-for-stm32.12.3.rel1.win32_1.0.200.202406191623/tools/bin/../lib/gcc/arm-none-eabi/12.3.1/../../../../arm-none-eabi/lib/thumb/v7e-m+fp/hard\libc_nano.a(libc_a-findfp.o)
 .text.cleanup_stdio
                0x08010124       0x40 S:/Programs hhd/STM32CubeIDE_1.4.0/STM32CubeIDE/plugins/com.st.stm32cube.ide.mcu.externaltools.gnu-tools-for-stm32.12.3.rel1.win32_1.0.200.202406191623/tools/bin/../lib/gcc/arm-none-eabi/12.3.1/../../../../arm-none-eabi/lib/thumb/v7e-m+fp/hard\libc_nano.a(libc_a-findfp.o)
 .text.global_stdio_init.part.0
                0x08010164       0x3c S:/Programs hhd/STM32CubeIDE_1.4.0/STM32CubeIDE/plugins/com.st.stm32cube.ide.mcu.externaltools.gnu-tools-for-stm32.12.3.rel1.win32_1.0.200.202406191623/tools/bin/../lib/gcc/arm-none-eabi/12.3.1/../../../../arm-none-eabi/lib/thumb/v7e-m+fp/hard\libc_nano.a(libc_a-findfp.o)
 .text.__sfp_lock_acquire
                0x080101a0        0xc S:/Programs hhd/STM32CubeIDE_1.4.0/STM32CubeIDE/plugins/com.st.stm32cube.ide.mcu.externaltools.gnu-tools-for-stm32.12.3.rel1.win32_1.0.200.202406191623/tools/bin/../lib/gcc/arm-none-eabi/12.3.1/../../../../arm-none-eabi/lib/thumb/v7e-m+fp/hard\libc_nano.a(libc_a-findfp.o)
                0x080101a0                __sfp_lock_acquire
 .text.__sfp_lock_release
                0x080101ac        0xc S:/Programs hhd/STM32CubeIDE_1.4.0/STM32CubeIDE/plugins/com.st.stm32cube.ide.mcu.externaltools.gnu-tools-for-stm32.12.3.rel1.win32_1.0.200.202406191623/tools/bin/../lib/gcc/arm-none-eabi/12.3.1/../../../../arm-none-eabi/lib/thumb/v7e-m+fp/hard\libc_nano.a(libc_a-findfp.o)
                0x080101ac                __sfp_lock_release
 .text.__sinit  0x080101b8       0x30 S:/Programs hhd/STM32CubeIDE_1.4.0/STM32CubeIDE/plugins/com.st.stm32cube.ide.mcu.externaltools.gnu-tools-for-stm32.12.3.rel1.win32_1.0.200.202406191623/tools/bin/../lib/gcc/arm-none-eabi/12.3.1/../../../../arm-none-eabi/lib/thumb/v7e-m+fp/hard\libc_nano.a(libc_a-findfp.o)
                0x080101b8                __sinit
 .text._fwalk_sglue
                0x080101e8       0x3c S:/Programs hhd/STM32CubeIDE_1.4.0/STM32CubeIDE/plugins/com.st.stm32cube.ide.mcu.externaltools.gnu-tools-for-stm32.12.3.rel1.win32_1.0.200.202406191623/tools/bin/../lib/gcc/arm-none-eabi/12.3.1/../../../../arm-none-eabi/lib/thumb/v7e-m+fp/hard\libc_nano.a(libc_a-fwalk.o)
                0x080101e8                _fwalk_sglue
 .text.printf   0x08010224       0x24 S:/Programs hhd/STM32CubeIDE_1.4.0/STM32CubeIDE/plugins/com.st.stm32cube.ide.mcu.externaltools.gnu-tools-for-stm32.12.3.rel1.win32_1.0.200.202406191623/tools/bin/../lib/gcc/arm-none-eabi/12.3.1/../../../../arm-none-eabi/lib/thumb/v7e-m+fp/hard\libc_nano.a(libc_a-printf.o)
                0x08010224                iprintf
                0x08010224                printf
 .text._puts_r  0x08010248       0xaa S:/Programs hhd/STM32CubeIDE_1.4.0/STM32CubeIDE/plugins/com.st.stm32cube.ide.mcu.externaltools.gnu-tools-for-stm32.12.3.rel1.win32_1.0.200.202406191623/tools/bin/../lib/gcc/arm-none-eabi/12.3.1/../../../../arm-none-eabi/lib/thumb/v7e-m+fp/hard\libc_nano.a(libc_a-puts.o)
                0x08010248                _puts_r
 *fill*         0x080102f2        0x2 
 .text.puts     0x080102f4       0x10 S:/Programs hhd/STM32CubeIDE_1.4.0/STM32CubeIDE/plugins/com.st.stm32cube.ide.mcu.externaltools.gnu-tools-for-stm32.12.3.rel1.win32_1.0.200.202406191623/tools/bin/../lib/gcc/arm-none-eabi/12.3.1/../../../../arm-none-eabi/lib/thumb/v7e-m+fp/hard\libc_nano.a(libc_a-puts.o)
                0x080102f4                puts
 .text.__sread  0x08010304       0x22 S:/Programs hhd/STM32CubeIDE_1.4.0/STM32CubeIDE/plugins/com.st.stm32cube.ide.mcu.externaltools.gnu-tools-for-stm32.12.3.rel1.win32_1.0.200.202406191623/tools/bin/../lib/gcc/arm-none-eabi/12.3.1/../../../../arm-none-eabi/lib/thumb/v7e-m+fp/hard\libc_nano.a(libc_a-stdio.o)
                0x08010304                __sread
 .text.__swrite
                0x08010326       0x38 S:/Programs hhd/STM32CubeIDE_1.4.0/STM32CubeIDE/plugins/com.st.stm32cube.ide.mcu.externaltools.gnu-tools-for-stm32.12.3.rel1.win32_1.0.200.202406191623/tools/bin/../lib/gcc/arm-none-eabi/12.3.1/../../../../arm-none-eabi/lib/thumb/v7e-m+fp/hard\libc_nano.a(libc_a-stdio.o)
                0x08010326                __swrite
 .text.__sseek  0x0801035e       0x24 S:/Programs hhd/STM32CubeIDE_1.4.0/STM32CubeIDE/plugins/com.st.stm32cube.ide.mcu.externaltools.gnu-tools-for-stm32.12.3.rel1.win32_1.0.200.202406191623/tools/bin/../lib/gcc/arm-none-eabi/12.3.1/../../../../arm-none-eabi/lib/thumb/v7e-m+fp/hard\libc_nano.a(libc_a-stdio.o)
                0x0801035e                __sseek
 .text.__sclose
                0x08010382        0x8 S:/Programs hhd/STM32CubeIDE_1.4.0/STM32CubeIDE/plugins/com.st.stm32cube.ide.mcu.externaltools.gnu-tools-for-stm32.12.3.rel1.win32_1.0.200.202406191623/tools/bin/../lib/gcc/arm-none-eabi/12.3.1/../../../../arm-none-eabi/lib/thumb/v7e-m+fp/hard\libc_nano.a(libc_a-stdio.o)
                0x08010382                __sclose
 .text.__swbuf_r
                0x0801038a       0x7c S:/Programs hhd/STM32CubeIDE_1.4.0/STM32CubeIDE/plugins/com.st.stm32cube.ide.mcu.externaltools.gnu-tools-for-stm32.12.3.rel1.win32_1.0.200.202406191623/tools/bin/../lib/gcc/arm-none-eabi/12.3.1/../../../../arm-none-eabi/lib/thumb/v7e-m+fp/hard\libc_nano.a(libc_a-wbuf.o)
                0x0801038a                __swbuf_r
 *fill*         0x08010406        0x2 
 .text.__swsetup_r
                0x08010408       0xac S:/Programs hhd/STM32CubeIDE_1.4.0/STM32CubeIDE/plugins/com.st.stm32cube.ide.mcu.externaltools.gnu-tools-for-stm32.12.3.rel1.win32_1.0.200.202406191623/tools/bin/../lib/gcc/arm-none-eabi/12.3.1/../../../../arm-none-eabi/lib/thumb/v7e-m+fp/hard\libc_nano.a(libc_a-wsetup.o)
                0x08010408                __swsetup_r
 .text.memset   0x080104b4       0x10 S:/Programs hhd/STM32CubeIDE_1.4.0/STM32CubeIDE/plugins/com.st.stm32cube.ide.mcu.externaltools.gnu-tools-for-stm32.12.3.rel1.win32_1.0.200.202406191623/tools/bin/../lib/gcc/arm-none-eabi/12.3.1/../../../../arm-none-eabi/lib/thumb/v7e-m+fp/hard\libc_nano.a(libc_a-memset.o)
                0x080104b4                memset
 .text._close_r
                0x080104c4       0x20 S:/Programs hhd/STM32CubeIDE_1.4.0/STM32CubeIDE/plugins/com.st.stm32cube.ide.mcu.externaltools.gnu-tools-for-stm32.12.3.rel1.win32_1.0.200.202406191623/tools/bin/../lib/gcc/arm-none-eabi/12.3.1/../../../../arm-none-eabi/lib/thumb/v7e-m+fp/hard\libc_nano.a(libc_a-closer.o)
                0x080104c4                _close_r
 .text._lseek_r
                0x080104e4       0x24 S:/Programs hhd/STM32CubeIDE_1.4.0/STM32CubeIDE/plugins/com.st.stm32cube.ide.mcu.externaltools.gnu-tools-for-stm32.12.3.rel1.win32_1.0.200.202406191623/tools/bin/../lib/gcc/arm-none-eabi/12.3.1/../../../../arm-none-eabi/lib/thumb/v7e-m+fp/hard\libc_nano.a(libc_a-lseekr.o)
                0x080104e4                _lseek_r
 .text._read_r  0x08010508       0x24 S:/Programs hhd/STM32CubeIDE_1.4.0/STM32CubeIDE/plugins/com.st.stm32cube.ide.mcu.externaltools.gnu-tools-for-stm32.12.3.rel1.win32_1.0.200.202406191623/tools/bin/../lib/gcc/arm-none-eabi/12.3.1/../../../../arm-none-eabi/lib/thumb/v7e-m+fp/hard\libc_nano.a(libc_a-readr.o)
                0x08010508                _read_r
 .text._write_r
                0x0801052c       0x24 S:/Programs hhd/STM32CubeIDE_1.4.0/STM32CubeIDE/plugins/com.st.stm32cube.ide.mcu.externaltools.gnu-tools-for-stm32.12.3.rel1.win32_1.0.200.202406191623/tools/bin/../lib/gcc/arm-none-eabi/12.3.1/../../../../arm-none-eabi/lib/thumb/v7e-m+fp/hard\libc_nano.a(libc_a-writer.o)
                0x0801052c                _write_r
 .text.__errno  0x08010550        0xc S:/Programs hhd/STM32CubeIDE_1.4.0/STM32CubeIDE/plugins/com.st.stm32cube.ide.mcu.externaltools.gnu-tools-for-stm32.12.3.rel1.win32_1.0.200.202406191623/tools/bin/../lib/gcc/arm-none-eabi/12.3.1/../../../../arm-none-eabi/lib/thumb/v7e-m+fp/hard\libc_nano.a(libc_a-errno.o)
                0x08010550                __errno
 .text.__libc_init_array
                0x0801055c       0x48 S:/Programs hhd/STM32CubeIDE_1.4.0/STM32CubeIDE/plugins/com.st.stm32cube.ide.mcu.externaltools.gnu-tools-for-stm32.12.3.rel1.win32_1.0.200.202406191623/tools/bin/../lib/gcc/arm-none-eabi/12.3.1/../../../../arm-none-eabi/lib/thumb/v7e-m+fp/hard\libc_nano.a(libc_a-init.o)
                0x0801055c                __libc_init_array
 .text.__retarget_lock_init_recursive
                0x080105a4        0x2 S:/Programs hhd/STM32CubeIDE_1.4.0/STM32CubeIDE/plugins/com.st.stm32cube.ide.mcu.externaltools.gnu-tools-for-stm32.12.3.rel1.win32_1.0.200.202406191623/tools/bin/../lib/gcc/arm-none-eabi/12.3.1/../../../../arm-none-eabi/lib/thumb/v7e-m+fp/hard\libc_nano.a(libc_a-lock.o)
                0x080105a4                __retarget_lock_init_recursive
 .text.__retarget_lock_acquire_recursive
                0x080105a6        0x2 S:/Programs hhd/STM32CubeIDE_1.4.0/STM32CubeIDE/plugins/com.st.stm32cube.ide.mcu.externaltools.gnu-tools-for-stm32.12.3.rel1.win32_1.0.200.202406191623/tools/bin/../lib/gcc/arm-none-eabi/12.3.1/../../../../arm-none-eabi/lib/thumb/v7e-m+fp/hard\libc_nano.a(libc_a-lock.o)
                0x080105a6                __retarget_lock_acquire_recursive
 .text.__retarget_lock_release_recursive
                0x080105a8        0x2 S:/Programs hhd/STM32CubeIDE_1.4.0/STM32CubeIDE/plugins/com.st.stm32cube.ide.mcu.externaltools.gnu-tools-for-stm32.12.3.rel1.win32_1.0.200.202406191623/tools/bin/../lib/gcc/arm-none-eabi/12.3.1/../../../../arm-none-eabi/lib/thumb/v7e-m+fp/hard\libc_nano.a(libc_a-lock.o)
                0x080105a8                __retarget_lock_release_recursive
 *fill*         0x080105aa        0x2 
 .text._free_r  0x080105ac       0x94 S:/Programs hhd/STM32CubeIDE_1.4.0/STM32CubeIDE/plugins/com.st.stm32cube.ide.mcu.externaltools.gnu-tools-for-stm32.12.3.rel1.win32_1.0.200.202406191623/tools/bin/../lib/gcc/arm-none-eabi/12.3.1/../../../../arm-none-eabi/lib/thumb/v7e-m+fp/hard\libc_nano.a(libc_a-freer.o)
                0x080105ac                _free_r
 .text.sbrk_aligned
                0x08010640       0x44 S:/Programs hhd/STM32CubeIDE_1.4.0/STM32CubeIDE/plugins/com.st.stm32cube.ide.mcu.externaltools.gnu-tools-for-stm32.12.3.rel1.win32_1.0.200.202406191623/tools/bin/../lib/gcc/arm-none-eabi/12.3.1/../../../../arm-none-eabi/lib/thumb/v7e-m+fp/hard\libc_nano.a(libc_a-mallocr.o)
 .text._malloc_r
                0x08010684      0x100 S:/Programs hhd/STM32CubeIDE_1.4.0/STM32CubeIDE/plugins/com.st.stm32cube.ide.mcu.externaltools.gnu-tools-for-stm32.12.3.rel1.win32_1.0.200.202406191623/tools/bin/../lib/gcc/arm-none-eabi/12.3.1/../../../../arm-none-eabi/lib/thumb/v7e-m+fp/hard\libc_nano.a(libc_a-mallocr.o)
                0x08010684                _malloc_r
 .text.__malloc_lock
                0x08010784        0xc S:/Programs hhd/STM32CubeIDE_1.4.0/STM32CubeIDE/plugins/com.st.stm32cube.ide.mcu.externaltools.gnu-tools-for-stm32.12.3.rel1.win32_1.0.200.202406191623/tools/bin/../lib/gcc/arm-none-eabi/12.3.1/../../../../arm-none-eabi/lib/thumb/v7e-m+fp/hard\libc_nano.a(libc_a-mlock.o)
                0x08010784                __malloc_lock
 .text.__malloc_unlock
                0x08010790        0xc S:/Programs hhd/STM32CubeIDE_1.4.0/STM32CubeIDE/plugins/com.st.stm32cube.ide.mcu.externaltools.gnu-tools-for-stm32.12.3.rel1.win32_1.0.200.202406191623/tools/bin/../lib/gcc/arm-none-eabi/12.3.1/../../../../arm-none-eabi/lib/thumb/v7e-m+fp/hard\libc_nano.a(libc_a-mlock.o)
                0x08010790                __malloc_unlock
 .text.__sfputc_r
                0x0801079c       0x2e S:/Programs hhd/STM32CubeIDE_1.4.0/STM32CubeIDE/plugins/com.st.stm32cube.ide.mcu.externaltools.gnu-tools-for-stm32.12.3.rel1.win32_1.0.200.202406191623/tools/bin/../lib/gcc/arm-none-eabi/12.3.1/../../../../arm-none-eabi/lib/thumb/v7e-m+fp/hard\libc_nano.a(libc_a-nano-vfprintf.o)
 .text.__sfputs_r
                0x080107ca       0x24 S:/Programs hhd/STM32CubeIDE_1.4.0/STM32CubeIDE/plugins/com.st.stm32cube.ide.mcu.externaltools.gnu-tools-for-stm32.12.3.rel1.win32_1.0.200.202406191623/tools/bin/../lib/gcc/arm-none-eabi/12.3.1/../../../../arm-none-eabi/lib/thumb/v7e-m+fp/hard\libc_nano.a(libc_a-nano-vfprintf.o)
                0x080107ca                __sfputs_r
 *fill*         0x080107ee        0x2 
 .text._vfprintf_r
                0x080107f0      0x230 S:/Programs hhd/STM32CubeIDE_1.4.0/STM32CubeIDE/plugins/com.st.stm32cube.ide.mcu.externaltools.gnu-tools-for-stm32.12.3.rel1.win32_1.0.200.202406191623/tools/bin/../lib/gcc/arm-none-eabi/12.3.1/../../../../arm-none-eabi/lib/thumb/v7e-m+fp/hard\libc_nano.a(libc_a-nano-vfprintf.o)
                0x080107f0                _vfprintf_r
                0x080107f0                _vfiprintf_r
 .text._printf_common
                0x08010a20       0xda S:/Programs hhd/STM32CubeIDE_1.4.0/STM32CubeIDE/plugins/com.st.stm32cube.ide.mcu.externaltools.gnu-tools-for-stm32.12.3.rel1.win32_1.0.200.202406191623/tools/bin/../lib/gcc/arm-none-eabi/12.3.1/../../../../arm-none-eabi/lib/thumb/v7e-m+fp/hard\libc_nano.a(libc_a-nano-vfprintf_i.o)
                0x08010a20                _printf_common
 *fill*         0x08010afa        0x2 
 .text._printf_i
                0x08010afc      0x240 S:/Programs hhd/STM32CubeIDE_1.4.0/STM32CubeIDE/plugins/com.st.stm32cube.ide.mcu.externaltools.gnu-tools-for-stm32.12.3.rel1.win32_1.0.200.202406191623/tools/bin/../lib/gcc/arm-none-eabi/12.3.1/../../../../arm-none-eabi/lib/thumb/v7e-m+fp/hard\libc_nano.a(libc_a-nano-vfprintf_i.o)
                0x08010afc                _printf_i
 .text.__sflush_r
                0x08010d3c      0x108 S:/Programs hhd/STM32CubeIDE_1.4.0/STM32CubeIDE/plugins/com.st.stm32cube.ide.mcu.externaltools.gnu-tools-for-stm32.12.3.rel1.win32_1.0.200.202406191623/tools/bin/../lib/gcc/arm-none-eabi/12.3.1/../../../../arm-none-eabi/lib/thumb/v7e-m+fp/hard\libc_nano.a(libc_a-fflush.o)
                0x08010d3c                __sflush_r
 .text._fflush_r
                0x08010e44       0x50 S:/Programs hhd/STM32CubeIDE_1.4.0/STM32CubeIDE/plugins/com.st.stm32cube.ide.mcu.externaltools.gnu-tools-for-stm32.12.3.rel1.win32_1.0.200.202406191623/tools/bin/../lib/gcc/arm-none-eabi/12.3.1/../../../../arm-none-eabi/lib/thumb/v7e-m+fp/hard\libc_nano.a(libc_a-fflush.o)
                0x08010e44                _fflush_r
 .text.__swhatbuf_r
                0x08010e94       0x4c S:/Programs hhd/STM32CubeIDE_1.4.0/STM32CubeIDE/plugins/com.st.stm32cube.ide.mcu.externaltools.gnu-tools-for-stm32.12.3.rel1.win32_1.0.200.202406191623/tools/bin/../lib/gcc/arm-none-eabi/12.3.1/../../../../arm-none-eabi/lib/thumb/v7e-m+fp/hard\libc_nano.a(libc_a-makebuf.o)
                0x08010e94                __swhatbuf_r
 .text.__smakebuf_r
                0x08010ee0       0x78 S:/Programs hhd/STM32CubeIDE_1.4.0/STM32CubeIDE/plugins/com.st.stm32cube.ide.mcu.externaltools.gnu-tools-for-stm32.12.3.rel1.win32_1.0.200.202406191623/tools/bin/../lib/gcc/arm-none-eabi/12.3.1/../../../../arm-none-eabi/lib/thumb/v7e-m+fp/hard\libc_nano.a(libc_a-makebuf.o)
                0x08010ee0                __smakebuf_r
 .text._fstat_r
                0x08010f58       0x24 S:/Programs hhd/STM32CubeIDE_1.4.0/STM32CubeIDE/plugins/com.st.stm32cube.ide.mcu.externaltools.gnu-tools-for-stm32.12.3.rel1.win32_1.0.200.202406191623/tools/bin/../lib/gcc/arm-none-eabi/12.3.1/../../../../arm-none-eabi/lib/thumb/v7e-m+fp/hard\libc_nano.a(libc_a-fstatr.o)
                0x08010f58                _fstat_r
 .text._isatty_r
                0x08010f7c       0x20 S:/Programs hhd/STM32CubeIDE_1.4.0/STM32CubeIDE/plugins/com.st.stm32cube.ide.mcu.externaltools.gnu-tools-for-stm32.12.3.rel1.win32_1.0.200.202406191623/tools/bin/../lib/gcc/arm-none-eabi/12.3.1/../../../../arm-none-eabi/lib/thumb/v7e-m+fp/hard\libc_nano.a(libc_a-isattyr.o)
                0x08010f7c                _isatty_r
 .text._sbrk_r  0x08010f9c       0x20 S:/Programs hhd/STM32CubeIDE_1.4.0/STM32CubeIDE/plugins/com.st.stm32cube.ide.mcu.externaltools.gnu-tools-for-stm32.12.3.rel1.win32_1.0.200.202406191623/tools/bin/../lib/gcc/arm-none-eabi/12.3.1/../../../../arm-none-eabi/lib/thumb/v7e-m+fp/hard\libc_nano.a(libc_a-sbrkr.o)
                0x08010f9c                _sbrk_r
 *(.glue_7)
 .glue_7        0x08010fbc        0x0 linker stubs
 *(.glue_7t)
 .glue_7t       0x08010fbc        0x0 linker stubs
 *(.eh_frame)
 .eh_frame      0x08010fbc        0x0 S:/Programs hhd/STM32CubeIDE_1.4.0/STM32CubeIDE/plugins/com.st.stm32cube.ide.mcu.externaltools.gnu-tools-for-stm32.12.3.rel1.win32_1.0.200.202406191623/tools/bin/../lib/gcc/arm-none-eabi/12.3.1/thumb/v7e-m+fp/hard/crtbegin.o
 *(.init)
 .init          0x08010fbc        0x4 S:/Programs hhd/STM32CubeIDE_1.4.0/STM32CubeIDE/plugins/com.st.stm32cube.ide.mcu.externaltools.gnu-tools-for-stm32.12.3.rel1.win32_1.0.200.202406191623/tools/bin/../lib/gcc/arm-none-eabi/12.3.1/thumb/v7e-m+fp/hard/crti.o
                0x08010fbc                _init
 .init          0x08010fc0        0x8 S:/Programs hhd/STM32CubeIDE_1.4.0/STM32CubeIDE/plugins/com.st.stm32cube.ide.mcu.externaltools.gnu-tools-for-stm32.12.3.rel1.win32_1.0.200.202406191623/tools/bin/../lib/gcc/arm-none-eabi/12.3.1/thumb/v7e-m+fp/hard/crtn.o
 *(.fini)
 .fini          0x08010fc8        0x4 S:/Programs hhd/STM32CubeIDE_1.4.0/STM32CubeIDE/plugins/com.st.stm32cube.ide.mcu.externaltools.gnu-tools-for-stm32.12.3.rel1.win32_1.0.200.202406191623/tools/bin/../lib/gcc/arm-none-eabi/12.3.1/thumb/v7e-m+fp/hard/crti.o
                0x08010fc8                _fini
 .fini          0x08010fcc        0x8 S:/Programs hhd/STM32CubeIDE_1.4.0/STM32CubeIDE/plugins/com.st.stm32cube.ide.mcu.externaltools.gnu-tools-for-stm32.12.3.rel1.win32_1.0.200.202406191623/tools/bin/../lib/gcc/arm-none-eabi/12.3.1/thumb/v7e-m+fp/hard/crtn.o
                0x08010fd4                        . = ALIGN (0x4)
                0x08010fd4                        _etext = .

.vfp11_veneer   0x08010fd4        0x0
 .vfp11_veneer  0x08010fd4        0x0 linker stubs

.v4_bx          0x08010fd4        0x0
 .v4_bx         0x08010fd4        0x0 linker stubs

.iplt           0x08010fd4        0x0
 .iplt          0x08010fd4        0x0 S:/Programs hhd/STM32CubeIDE_1.4.0/STM32CubeIDE/plugins/com.st.stm32cube.ide.mcu.externaltools.gnu-tools-for-stm32.12.3.rel1.win32_1.0.200.202406191623/tools/bin/../lib/gcc/arm-none-eabi/12.3.1/thumb/v7e-m+fp/hard/crtbegin.o

.rodata         0x08010fd4      0x9a0
                0x08010fd4                        . = ALIGN (0x4)
 *(.rodata)
 .rodata        0x08010fd4       0x3b ./Drivers/STM32L4xx_HAL_Driver/Src/stm32l4xx_hal_cortex.o
 *fill*         0x0801100f        0x1 
 .rodata        0x08011010       0x3a ./Drivers/STM32L4xx_HAL_Driver/Src/stm32l4xx_hal_dfsdm.o
 *fill*         0x0801104a        0x2 
 .rodata        0x0801104c       0x38 ./Drivers/STM32L4xx_HAL_Driver/Src/stm32l4xx_hal_dma.o
 .rodata        0x08011084       0x39 ./Drivers/STM32L4xx_HAL_Driver/Src/stm32l4xx_hal_gpio.o
 *fill*         0x080110bd        0x3 
 .rodata        0x080110c0       0x38 ./Drivers/STM32L4xx_HAL_Driver/Src/stm32l4xx_hal_i2c.o
 .rodata        0x080110f8       0x3b ./Drivers/STM32L4xx_HAL_Driver/Src/stm32l4xx_hal_i2c_ex.o
 *fill*         0x08011133        0x1 
 .rodata        0x08011134       0x3b ./Drivers/STM32L4xx_HAL_Driver/Src/stm32l4xx_hal_pwr_ex.o
 *fill*         0x0801116f        0x1 
 .rodata        0x08011170       0x38 ./Drivers/STM32L4xx_HAL_Driver/Src/stm32l4xx_hal_rcc.o
 .rodata        0x080111a8       0x3b ./Drivers/STM32L4xx_HAL_Driver/Src/stm32l4xx_hal_rcc_ex.o
 *fill*         0x080111e3        0x1 
 .rodata        0x080111e4       0x38 ./Drivers/STM32L4xx_HAL_Driver/Src/stm32l4xx_hal_rtc.o
 .rodata        0x0801121c       0x37 ./Drivers/STM32L4xx_HAL_Driver/Src/stm32l4xx_hal_sd.o
 *fill*         0x08011253        0x1 
 .rodata        0x08011254       0x38 ./Drivers/STM32L4xx_HAL_Driver/Src/stm32l4xx_hal_spi.o
 .rodata        0x0801128c       0x39 ./Drivers/STM32L4xx_HAL_Driver/Src/stm32l4xx_hal_uart.o
 *fill*         0x080112c5        0x3 
 .rodata        0x080112c8       0x3c ./Drivers/STM32L4xx_HAL_Driver/Src/stm32l4xx_hal_uart_ex.o
 .rodata        0x08011304       0x39 ./Drivers/STM32L4xx_HAL_Driver/Src/stm32l4xx_ll_sdmmc.o
 *fill*         0x0801133d        0x3 
 .rodata        0x08011340       0x48 ./Middlewares/Third_Party/FatFs/src/ff.o
 .rodata        0x08011388       0xf1 ./Src/main.o
 *(.rodata*)
 *fill*         0x08011479        0x3 
 .rodata.UARTPrescTable
                0x0801147c       0x18 ./Drivers/STM32L4xx_HAL_Driver/Src/stm32l4xx_hal_uart.o
                0x0801147c                UARTPrescTable
 .rodata.numerator.1
                0x08011494        0x8 ./Drivers/STM32L4xx_HAL_Driver/Src/stm32l4xx_hal_uart_ex.o
 .rodata.denominator.0
                0x0801149c        0x8 ./Drivers/STM32L4xx_HAL_Driver/Src/stm32l4xx_hal_uart_ex.o
 .rodata.ExCvt  0x080114a4       0x80 ./Middlewares/Third_Party/FatFs/src/ff.o
 .rodata.LfnOfs
                0x08011524        0xd ./Middlewares/Third_Party/FatFs/src/ff.o
 *fill*         0x08011531        0x3 
 .rodata.Tbl    0x08011534      0x100 ./Middlewares/Third_Party/FatFs/src/option/ccsbcs.o
 .rodata.cvt1.1
                0x08011634      0x1f2 ./Middlewares/Third_Party/FatFs/src/option/ccsbcs.o
 *fill*         0x08011826        0x2 
 .rodata.cvt2.0
                0x08011828       0xbc ./Middlewares/Third_Party/FatFs/src/option/ccsbcs.o
 .rodata.SD_Driver
                0x080118e4       0x14 ./Src/sd_diskio.o
                0x080118e4                SD_Driver
 .rodata.AHBPrescTable
                0x080118f8       0x10 ./Src/system_stm32l4xx.o
                0x080118f8                AHBPrescTable
 .rodata.APBPrescTable
                0x08011908        0x8 ./Src/system_stm32l4xx.o
                0x08011908                APBPrescTable
 .rodata.MSIRangeTable
                0x08011910       0x30 ./Src/system_stm32l4xx.o
                0x08011910                MSIRangeTable
 .rodata._vfprintf_r.str1.1
                0x08011940       0x11 S:/Programs hhd/STM32CubeIDE_1.4.0/STM32CubeIDE/plugins/com.st.stm32cube.ide.mcu.externaltools.gnu-tools-for-stm32.12.3.rel1.win32_1.0.200.202406191623/tools/bin/../lib/gcc/arm-none-eabi/12.3.1/../../../../arm-none-eabi/lib/thumb/v7e-m+fp/hard\libc_nano.a(libc_a-nano-vfprintf.o)
 .rodata._printf_i.str1.1
                0x08011951       0x22 S:/Programs hhd/STM32CubeIDE_1.4.0/STM32CubeIDE/plugins/com.st.stm32cube.ide.mcu.externaltools.gnu-tools-for-stm32.12.3.rel1.win32_1.0.200.202406191623/tools/bin/../lib/gcc/arm-none-eabi/12.3.1/../../../../arm-none-eabi/lib/thumb/v7e-m+fp/hard\libc_nano.a(libc_a-nano-vfprintf_i.o)
                0x08011974                        . = ALIGN (0x4)
 *fill*         0x08011973        0x1 

.ARM.extab      0x08011974        0x0
                0x08011974                        . = ALIGN (0x4)
 *(.ARM.extab* .gnu.linkonce.armextab.*)
                0x08011974                        . = ALIGN (0x4)

.ARM            0x08011974        0x8
                0x08011974                        . = ALIGN (0x4)
                0x08011974                        __exidx_start = .
 *(.ARM.exidx*)
 .ARM.exidx     0x08011974        0x8 S:/Programs hhd/STM32CubeIDE_1.4.0/STM32CubeIDE/plugins/com.st.stm32cube.ide.mcu.externaltools.gnu-tools-for-stm32.12.3.rel1.win32_1.0.200.202406191623/tools/bin/../lib/gcc/arm-none-eabi/12.3.1/../../../../arm-none-eabi/lib/thumb/v7e-m+fp/hard\libc_nano.a(libc_a-memchr.o)
 .ARM.exidx     0x0801197c        0x0 S:/Programs hhd/STM32CubeIDE_1.4.0/STM32CubeIDE/plugins/com.st.stm32cube.ide.mcu.externaltools.gnu-tools-for-stm32.12.3.rel1.win32_1.0.200.202406191623/tools/bin/../lib/gcc/arm-none-eabi/12.3.1/thumb/v7e-m+fp/hard\libgcc.a(_udivmoddi4.o)
                                  0x8 (size before relaxing)
                0x0801197c                        __exidx_end = .
                0x0801197c                        . = ALIGN (0x4)

.preinit_array  0x0801197c        0x0
                0x0801197c                        . = ALIGN (0x4)
                0x0801197c                        PROVIDE (__preinit_array_start = .)
 *(.preinit_array*)
                0x0801197c                        PROVIDE (__preinit_array_end = .)
                0x0801197c                        . = ALIGN (0x4)

.init_array     0x0801197c        0x4
                0x0801197c                        . = ALIGN (0x4)
                0x0801197c                        PROVIDE (__init_array_start = .)
 *(SORT_BY_NAME(.init_array.*))
 *(.init_array*)
 .init_array    0x0801197c        0x4 S:/Programs hhd/STM32CubeIDE_1.4.0/STM32CubeIDE/plugins/com.st.stm32cube.ide.mcu.externaltools.gnu-tools-for-stm32.12.3.rel1.win32_1.0.200.202406191623/tools/bin/../lib/gcc/arm-none-eabi/12.3.1/thumb/v7e-m+fp/hard/crtbegin.o
                0x08011980                        PROVIDE (__init_array_end = .)
                0x08011980                        . = ALIGN (0x4)

.fini_array     0x08011980        0x4
                0x08011980                        . = ALIGN (0x4)
                [!provide]                        PROVIDE (__fini_array_start = .)
 *(SORT_BY_NAME(.fini_array.*))
 *(.fini_array*)
 .fini_array    0x08011980        0x4 S:/Programs hhd/STM32CubeIDE_1.4.0/STM32CubeIDE/plugins/com.st.stm32cube.ide.mcu.externaltools.gnu-tools-for-stm32.12.3.rel1.win32_1.0.200.202406191623/tools/bin/../lib/gcc/arm-none-eabi/12.3.1/thumb/v7e-m+fp/hard/crtbegin.o
                [!provide]                        PROVIDE (__fini_array_end = .)
                0x08011984                        . = ALIGN (0x4)
                0x08011984                        _sidata = LOADADDR (.data)

.rel.dyn        0x08011984        0x0
 .rel.iplt      0x08011984        0x0 S:/Programs hhd/STM32CubeIDE_1.4.0/STM32CubeIDE/plugins/com.st.stm32cube.ide.mcu.externaltools.gnu-tools-for-stm32.12.3.rel1.win32_1.0.200.202406191623/tools/bin/../lib/gcc/arm-none-eabi/12.3.1/thumb/v7e-m+fp/hard/crtbegin.o

.data           0x20000000       0x68 load address 0x08011984
                0x20000000                        . = ALIGN (0x4)
                0x20000000                        _sdata = .
 *(.data)
 *(.data*)
 .data.uwTickPrio
                0x20000000        0x4 ./Drivers/STM32L4xx_HAL_Driver/Src/stm32l4xx_hal.o
                0x20000000                uwTickPrio
 .data.uwTickFreq
                0x20000004        0x1 ./Drivers/STM32L4xx_HAL_Driver/Src/stm32l4xx_hal.o
                0x20000004                uwTickFreq
 .data.Stat     0x20000005        0x1 ./Src/sd_diskio.o
 *fill*         0x20000006        0x2 
 .data.SystemCoreClock
                0x20000008        0x4 ./Src/system_stm32l4xx.o
                0x20000008                SystemCoreClock
 .data.__sglue  0x2000000c        0xc S:/Programs hhd/STM32CubeIDE_1.4.0/STM32CubeIDE/plugins/com.st.stm32cube.ide.mcu.externaltools.gnu-tools-for-stm32.12.3.rel1.win32_1.0.200.202406191623/tools/bin/../lib/gcc/arm-none-eabi/12.3.1/../../../../arm-none-eabi/lib/thumb/v7e-m+fp/hard\libc_nano.a(libc_a-findfp.o)
                0x2000000c                __sglue
 .data._impure_ptr
                0x20000018        0x4 S:/Programs hhd/STM32CubeIDE_1.4.0/STM32CubeIDE/plugins/com.st.stm32cube.ide.mcu.externaltools.gnu-tools-for-stm32.12.3.rel1.win32_1.0.200.202406191623/tools/bin/../lib/gcc/arm-none-eabi/12.3.1/../../../../arm-none-eabi/lib/thumb/v7e-m+fp/hard\libc_nano.a(libc_a-impure.o)
                0x20000018                _impure_ptr
 .data._impure_data
                0x2000001c       0x4c S:/Programs hhd/STM32CubeIDE_1.4.0/STM32CubeIDE/plugins/com.st.stm32cube.ide.mcu.externaltools.gnu-tools-for-stm32.12.3.rel1.win32_1.0.200.202406191623/tools/bin/../lib/gcc/arm-none-eabi/12.3.1/../../../../arm-none-eabi/lib/thumb/v7e-m+fp/hard\libc_nano.a(libc_a-impure.o)
                0x2000001c                _impure_data
 *(.RamFunc)
 *(.RamFunc*)
                0x20000068                        . = ALIGN (0x4)
                0x20000068                        _edata = .

.igot.plt       0x20000068        0x0 load address 0x080119ec
 .igot.plt      0x20000068        0x0 S:/Programs hhd/STM32CubeIDE_1.4.0/STM32CubeIDE/plugins/com.st.stm32cube.ide.mcu.externaltools.gnu-tools-for-stm32.12.3.rel1.win32_1.0.200.202406191623/tools/bin/../lib/gcc/arm-none-eabi/12.3.1/thumb/v7e-m+fp/hard/crtbegin.o
                0x20000068                        . = ALIGN (0x4)

.bss            0x20000068     0xfa7c load address 0x080119ec
                0x20000068                        _sbss = .
                0x20000068                        __bss_start__ = _sbss
 *(.bss)
 .bss           0x20000068       0x1c S:/Programs hhd/STM32CubeIDE_1.4.0/STM32CubeIDE/plugins/com.st.stm32cube.ide.mcu.externaltools.gnu-tools-for-stm32.12.3.rel1.win32_1.0.200.202406191623/tools/bin/../lib/gcc/arm-none-eabi/12.3.1/thumb/v7e-m+fp/hard/crtbegin.o
 *(.bss*)
 .bss.uwTick    0x20000084        0x4 ./Drivers/STM32L4xx_HAL_Driver/Src/stm32l4xx_hal.o
                0x20000084                uwTick
 .bss.v_dfsdm1ChannelCounter
                0x20000088        0x4 ./Drivers/STM32L4xx_HAL_Driver/Src/stm32l4xx_hal_dfsdm.o
 .bss.a_dfsdm1ChannelHandle
                0x2000008c       0x20 ./Drivers/STM32L4xx_HAL_Driver/Src/stm32l4xx_hal_dfsdm.o
 .bss.FatFs     0x200000ac        0x4 ./Middlewares/Third_Party/FatFs/src/ff.o
 .bss.Fsid      0x200000b0        0x2 ./Middlewares/Third_Party/FatFs/src/ff.o
 *fill*         0x200000b2        0x2 
 .bss.Files     0x200000b4       0x20 ./Middlewares/Third_Party/FatFs/src/ff.o
 .bss.disk      0x200000d4        0xc ./Middlewares/Third_Party/FatFs/src/ff_gen_drv.o
                0x200000d4                disk
 .bss.hdfsdm1_filter0
                0x200000e0       0x54 ./Src/dfsdm.o
                0x200000e0                hdfsdm1_filter0
 .bss.hdfsdm1_channel0
                0x20000134       0x38 ./Src/dfsdm.o
                0x20000134                hdfsdm1_channel0
 .bss.hdma_dfsdm1_flt0
                0x2000016c       0x60 ./Src/dfsdm.o
                0x2000016c                hdma_dfsdm1_flt0
 .bss.HAL_RCC_DFSDM1_CLK_ENABLED
                0x200001cc        0x4 ./Src/dfsdm.o
 .bss.DFSDM1_Init
                0x200001d0        0x4 ./Src/dfsdm.o
 .bss.retSD     0x200001d4        0x1 ./Src/fatfs.o
                0x200001d4                retSD
 *fill*         0x200001d5        0x3 
 .bss.SDPath    0x200001d8        0x4 ./Src/fatfs.o
                0x200001d8                SDPath
 .bss.SDFatFS   0x200001dc      0x234 ./Src/fatfs.o
                0x200001dc                SDFatFS
 .bss.SDFile    0x20000410      0x230 ./Src/fatfs.o
                0x20000410                SDFile
 .bss.hi2c2     0x20000640       0x54 ./Src/i2c.o
                0x20000640                hi2c2
 .bss.rec_buf   0x20000694     0xa000 ./Src/main.o
                0x20000694                rec_buf
 .bss.save_buf  0x2000a694     0x5000 ./Src/main.o
                0x2000a694                save_buf
 .bss.dma_rec_half_buf_cplt
                0x2000f694        0x1 ./Src/main.o
                0x2000f694                dma_rec_half_buf_cplt
 .bss.dma_rec_buf_cplt
                0x2000f695        0x1 ./Src/main.o
                0x2000f695                dma_rec_buf_cplt
 *fill*         0x2000f696        0x2 
 .bss.dma_rec_buf_cplt_count
                0x2000f698        0x4 ./Src/main.o
                0x2000f698                dma_rec_buf_cplt_count
 .bss.hrtc      0x2000f69c       0x24 ./Src/rtc.o
                0x2000f69c                hrtc
 .bss.hsd1      0x2000f6c0       0x80 ./Src/sdmmc.o
                0x2000f6c0                hsd1
 .bss.hspi1     0x2000f740       0x64 ./Src/spi.o
                0x2000f740                hspi1
 .bss.hspi2     0x2000f7a4       0x64 ./Src/spi.o
                0x2000f7a4                hspi2
 .bss.hspi3     0x2000f808       0x64 ./Src/spi.o
                0x2000f808                hspi3
 .bss.__sbrk_heap_end
                0x2000f86c        0x4 ./Src/sysmem.o
 .bss.huart1    0x2000f870       0x94 ./Src/usart.o
                0x2000f870                huart1
 .bss.huart2    0x2000f904       0x94 ./Src/usart.o
                0x2000f904                huart2
 .bss.__sf      0x2000f998      0x138 S:/Programs hhd/STM32CubeIDE_1.4.0/STM32CubeIDE/plugins/com.st.stm32cube.ide.mcu.externaltools.gnu-tools-for-stm32.12.3.rel1.win32_1.0.200.202406191623/tools/bin/../lib/gcc/arm-none-eabi/12.3.1/../../../../arm-none-eabi/lib/thumb/v7e-m+fp/hard\libc_nano.a(libc_a-findfp.o)
                0x2000f998                __sf
 .bss.__stdio_exit_handler
                0x2000fad0        0x4 S:/Programs hhd/STM32CubeIDE_1.4.0/STM32CubeIDE/plugins/com.st.stm32cube.ide.mcu.externaltools.gnu-tools-for-stm32.12.3.rel1.win32_1.0.200.202406191623/tools/bin/../lib/gcc/arm-none-eabi/12.3.1/../../../../arm-none-eabi/lib/thumb/v7e-m+fp/hard\libc_nano.a(libc_a-findfp.o)
                0x2000fad0                __stdio_exit_handler
 .bss.errno     0x2000fad4        0x4 S:/Programs hhd/STM32CubeIDE_1.4.0/STM32CubeIDE/plugins/com.st.stm32cube.ide.mcu.externaltools.gnu-tools-for-stm32.12.3.rel1.win32_1.0.200.202406191623/tools/bin/../lib/gcc/arm-none-eabi/12.3.1/../../../../arm-none-eabi/lib/thumb/v7e-m+fp/hard\libc_nano.a(libc_a-reent.o)
                0x2000fad4                errno
 .bss.__lock___malloc_recursive_mutex
                0x2000fad8        0x1 S:/Programs hhd/STM32CubeIDE_1.4.0/STM32CubeIDE/plugins/com.st.stm32cube.ide.mcu.externaltools.gnu-tools-for-stm32.12.3.rel1.win32_1.0.200.202406191623/tools/bin/../lib/gcc/arm-none-eabi/12.3.1/../../../../arm-none-eabi/lib/thumb/v7e-m+fp/hard\libc_nano.a(libc_a-lock.o)
                0x2000fad8                __lock___malloc_recursive_mutex
 .bss.__lock___sfp_recursive_mutex
                0x2000fad9        0x1 S:/Programs hhd/STM32CubeIDE_1.4.0/STM32CubeIDE/plugins/com.st.stm32cube.ide.mcu.externaltools.gnu-tools-for-stm32.12.3.rel1.win32_1.0.200.202406191623/tools/bin/../lib/gcc/arm-none-eabi/12.3.1/../../../../arm-none-eabi/lib/thumb/v7e-m+fp/hard\libc_nano.a(libc_a-lock.o)
                0x2000fad9                __lock___sfp_recursive_mutex
 *fill*         0x2000fada        0x2 
 .bss.__malloc_sbrk_start
                0x2000fadc        0x4 S:/Programs hhd/STM32CubeIDE_1.4.0/STM32CubeIDE/plugins/com.st.stm32cube.ide.mcu.externaltools.gnu-tools-for-stm32.12.3.rel1.win32_1.0.200.202406191623/tools/bin/../lib/gcc/arm-none-eabi/12.3.1/../../../../arm-none-eabi/lib/thumb/v7e-m+fp/hard\libc_nano.a(libc_a-mallocr.o)
                0x2000fadc                __malloc_sbrk_start
 .bss.__malloc_free_list
                0x2000fae0        0x4 S:/Programs hhd/STM32CubeIDE_1.4.0/STM32CubeIDE/plugins/com.st.stm32cube.ide.mcu.externaltools.gnu-tools-for-stm32.12.3.rel1.win32_1.0.200.202406191623/tools/bin/../lib/gcc/arm-none-eabi/12.3.1/../../../../arm-none-eabi/lib/thumb/v7e-m+fp/hard\libc_nano.a(libc_a-mallocr.o)
                0x2000fae0                __malloc_free_list
 *(COMMON)
                0x2000fae4                        . = ALIGN (0x4)
                0x2000fae4                        _ebss = .
                0x2000fae4                        __bss_end__ = _ebss

._user_heap_stack
                0x2000fae4      0xc04 load address 0x080119ec
                0x2000fae8                        . = ALIGN (0x8)
 *fill*         0x2000fae4        0x4 
                [!provide]                        PROVIDE (end = .)
                0x2000fae8                        PROVIDE (_end = .)
                0x2000fee8                        . = (. + _Min_Heap_Size)
 *fill*         0x2000fae8      0x400 
                0x200106e8                        . = (. + _Min_Stack_Size)
 *fill*         0x2000fee8      0x800 
                0x200106e8                        . = ALIGN (0x8)

/DISCARD/
 libc.a(*)
 libm.a(*)
 libgcc.a(*)

.ARM.attributes
                0x00000000       0x30
 *(.ARM.attributes)
 .ARM.attributes
                0x00000000       0x22 S:/Programs hhd/STM32CubeIDE_1.4.0/STM32CubeIDE/plugins/com.st.stm32cube.ide.mcu.externaltools.gnu-tools-for-stm32.12.3.rel1.win32_1.0.200.202406191623/tools/bin/../lib/gcc/arm-none-eabi/12.3.1/thumb/v7e-m+fp/hard/crti.o
 .ARM.attributes
                0x00000022       0x34 S:/Programs hhd/STM32CubeIDE_1.4.0/STM32CubeIDE/plugins/com.st.stm32cube.ide.mcu.externaltools.gnu-tools-for-stm32.12.3.rel1.win32_1.0.200.202406191623/tools/bin/../lib/gcc/arm-none-eabi/12.3.1/thumb/v7e-m+fp/hard/crtbegin.o
 .ARM.attributes
                0x00000056       0x34 ./Drivers/STM32L4xx_HAL_Driver/Src/stm32l4xx_hal.o
 .ARM.attributes
                0x0000008a       0x34 ./Drivers/STM32L4xx_HAL_Driver/Src/stm32l4xx_hal_cortex.o
 .ARM.attributes
                0x000000be       0x34 ./Drivers/STM32L4xx_HAL_Driver/Src/stm32l4xx_hal_dfsdm.o
 .ARM.attributes
                0x000000f2       0x34 ./Drivers/STM32L4xx_HAL_Driver/Src/stm32l4xx_hal_dma.o
 .ARM.attributes
                0x00000126       0x34 ./Drivers/STM32L4xx_HAL_Driver/Src/stm32l4xx_hal_gpio.o
 .ARM.attributes
                0x0000015a       0x34 ./Drivers/STM32L4xx_HAL_Driver/Src/stm32l4xx_hal_i2c.o
 .ARM.attributes
                0x0000018e       0x34 ./Drivers/STM32L4xx_HAL_Driver/Src/stm32l4xx_hal_i2c_ex.o
 .ARM.attributes
                0x000001c2       0x34 ./Drivers/STM32L4xx_HAL_Driver/Src/stm32l4xx_hal_pwr.o
 .ARM.attributes
                0x000001f6       0x34 ./Drivers/STM32L4xx_HAL_Driver/Src/stm32l4xx_hal_pwr_ex.o
 .ARM.attributes
                0x0000022a       0x34 ./Drivers/STM32L4xx_HAL_Driver/Src/stm32l4xx_hal_rcc.o
 .ARM.attributes
                0x0000025e       0x34 ./Drivers/STM32L4xx_HAL_Driver/Src/stm32l4xx_hal_rcc_ex.o
 .ARM.attributes
                0x00000292       0x34 ./Drivers/STM32L4xx_HAL_Driver/Src/stm32l4xx_hal_rtc.o
 .ARM.attributes
                0x000002c6       0x34 ./Drivers/STM32L4xx_HAL_Driver/Src/stm32l4xx_hal_sd.o
 .ARM.attributes
                0x000002fa       0x34 ./Drivers/STM32L4xx_HAL_Driver/Src/stm32l4xx_hal_sd_ex.o
 .ARM.attributes
                0x0000032e       0x34 ./Drivers/STM32L4xx_HAL_Driver/Src/stm32l4xx_hal_spi.o
 .ARM.attributes
                0x00000362       0x34 ./Drivers/STM32L4xx_HAL_Driver/Src/stm32l4xx_hal_uart.o
 .ARM.attributes
                0x00000396       0x34 ./Drivers/STM32L4xx_HAL_Driver/Src/stm32l4xx_hal_uart_ex.o
 .ARM.attributes
                0x000003ca       0x34 ./Drivers/STM32L4xx_HAL_Driver/Src/stm32l4xx_ll_sdmmc.o
 .ARM.attributes
                0x000003fe       0x34 ./Middlewares/Third_Party/FatFs/src/diskio.o
 .ARM.attributes
                0x00000432       0x34 ./Middlewares/Third_Party/FatFs/src/ff.o
 .ARM.attributes
                0x00000466       0x34 ./Middlewares/Third_Party/FatFs/src/ff_gen_drv.o
 .ARM.attributes
                0x0000049a       0x34 ./Middlewares/Third_Party/FatFs/src/option/ccsbcs.o
 .ARM.attributes
                0x000004ce       0x34 ./Src/bsp_driver_sd.o
 .ARM.attributes
                0x00000502       0x34 ./Src/dfsdm.o
 .ARM.attributes
                0x00000536       0x34 ./Src/dma.o
 .ARM.attributes
                0x0000056a       0x34 ./Src/fatfs.o
 .ARM.attributes
                0x0000059e       0x34 ./Src/fatfs_platform.o
 .ARM.attributes
                0x000005d2       0x34 ./Src/gpio.o
 .ARM.attributes
                0x00000606       0x34 ./Src/i2c.o
 .ARM.attributes
                0x0000063a       0x34 ./Src/main.o
 .ARM.attributes
                0x0000066e       0x34 ./Src/rtc.o
 .ARM.attributes
                0x000006a2       0x34 ./Src/sd_diskio.o
 .ARM.attributes
                0x000006d6       0x34 ./Src/sdmmc.o
 .ARM.attributes
                0x0000070a       0x34 ./Src/spi.o
 .ARM.attributes
                0x0000073e       0x34 ./Src/stm32l4xx_hal_msp.o
 .ARM.attributes
                0x00000772       0x34 ./Src/stm32l4xx_it.o
 .ARM.attributes
                0x000007a6       0x34 ./Src/syscalls.o