Archive member included to satisfy reference by file (symbol)

S:/Programs hhd/STM32CubeIDE_1.4.0/STM32CubeIDE/plugins/com.st.stm32cube.ide.mcu.externaltools.gnu-tools-for-stm32.12.3.rel1.win32_1.0.200.202406191623/tools/bin/../lib/gcc/arm-none-eabi/12.3.1/../../../../arm-none-eabi/lib/thumb/v7e-m+fp/hard\libc_nano.a(libc_a-exit.o)
                              S:/Programs hhd/STM32CubeIDE_1.4.0/STM32CubeIDE/plugins/com.st.stm32cube.ide.mcu.externaltools.gnu-tools-for-stm32.12.3.rel1.win32_1.0.200.202406191623/tools/bin/../lib/gcc/arm-none-eabi/12.3.1/../../../../arm-none-eabi/lib/thumb/v7e-m+fp/hard/crt0.o (exit)
S:/Programs hhd/STM32CubeIDE_1.4.0/STM32CubeIDE/plugins/com.st.stm32cube.ide.mcu.externaltools.gnu-tools-for-stm32.12.3.rel1.win32_1.0.200.202406191623/tools/bin/../lib/gcc/arm-none-eabi/12.3.1/../../../../arm-none-eabi/lib/thumb/v7e-m+fp/hard\libc_nano.a(libc_a-findfp.o)
                              ./Middlewares/Third_Party/FreeRTOS/Source/tasks.o (__sf)
S:/Programs hhd/STM32CubeIDE_1.4.0/STM32CubeIDE/plugins/com.st.stm32cube.ide.mcu.externaltools.gnu-tools-for-stm32.12.3.rel1.win32_1.0.200.202406191623/tools/bin/../lib/gcc/arm-none-eabi/12.3.1/../../../../arm-none-eabi/lib/thumb/v7e-m+fp/hard\libc_nano.a(libc_a-fwalk.o)
                              S:/Programs hhd/STM32CubeIDE_1.4.0/STM32CubeIDE/plugins/com.st.stm32cube.ide.mcu.externaltools.gnu-tools-for-stm32.12.3.rel1.win32_1.0.200.202406191623/tools/bin/../lib/gcc/arm-none-eabi/12.3.1/../../../../arm-none-eabi/lib/thumb/v7e-m+fp/hard\libc_nano.a(libc_a-findfp.o) (_fwalk_sglue)
S:/Programs hhd/STM32CubeIDE_1.4.0/STM32CubeIDE/plugins/com.st.stm32cube.ide.mcu.externaltools.gnu-tools-for-stm32.12.3.rel1.win32_1.0.200.202406191623/tools/bin/../lib/gcc/arm-none-eabi/12.3.1/../../../../arm-none-eabi/lib/thumb/v7e-m+fp/hard\libc_nano.a(libc_a-printf.o)
                              ./Src/freertos.o (printf)
S:/Programs hhd/STM32CubeIDE_1.4.0/STM32CubeIDE/plugins/com.st.stm32cube.ide.mcu.externaltools.gnu-tools-for-stm32.12.3.rel1.win32_1.0.200.202406191623/tools/bin/../lib/gcc/arm-none-eabi/12.3.1/../../../../arm-none-eabi/lib/thumb/v7e-m+fp/hard\libc_nano.a(libc_a-puts.o)
                              ./Src/leds.o (puts)
S:/Programs hhd/STM32CubeIDE_1.4.0/STM32CubeIDE/plugins/com.st.stm32cube.ide.mcu.externaltools.gnu-tools-for-stm32.12.3.rel1.win32_1.0.200.202406191623/tools/bin/../lib/gcc/arm-none-eabi/12.3.1/../../../../arm-none-eabi/lib/thumb/v7e-m+fp/hard\libc_nano.a(libc_a-sprintf.o)
                              ./Src/freertos.o (sprintf)
S:/Programs hhd/STM32CubeIDE_1.4.0/STM32CubeIDE/plugins/com.st.stm32cube.ide.mcu.externaltools.gnu-tools-for-stm32.12.3.rel1.win32_1.0.200.202406191623/tools/bin/../lib/gcc/arm-none-eabi/12.3.1/../../../../arm-none-eabi/lib/thumb/v7e-m+fp/hard\libc_nano.a(libc_a-stdio.o)
                              S:/Programs hhd/STM32CubeIDE_1.4.0/STM32CubeIDE/plugins/com.st.stm32cube.ide.mcu.externaltools.gnu-tools-for-stm32.12.3.rel1.win32_1.0.200.202406191623/tools/bin/../lib/gcc/arm-none-eabi/12.3.1/../../../../arm-none-eabi/lib/thumb/v7e-m+fp/hard\libc_nano.a(libc_a-findfp.o) (__sread)
S:/Programs hhd/STM32CubeIDE_1.4.0/STM32CubeIDE/plugins/com.st.stm32cube.ide.mcu.externaltools.gnu-tools-for-stm32.12.3.rel1.win32_1.0.200.202406191623/tools/bin/../lib/gcc/arm-none-eabi/12.3.1/../../../../arm-none-eabi/lib/thumb/v7e-m+fp/hard\libc_nano.a(libc_a-wbuf.o)
                              S:/Programs hhd/STM32CubeIDE_1.4.0/STM32CubeIDE/plugins/com.st.stm32cube.ide.mcu.externaltools.gnu-tools-for-stm32.12.3.rel1.win32_1.0.200.202406191623/tools/bin/../lib/gcc/arm-none-eabi/12.3.1/../../../../arm-none-eabi/lib/thumb/v7e-m+fp/hard\libc_nano.a(libc_a-puts.o) (__swbuf_r)
S:/Programs hhd/STM32CubeIDE_1.4.0/STM32CubeIDE/plugins/com.st.stm32cube.ide.mcu.externaltools.gnu-tools-for-stm32.12.3.rel1.win32_1.0.200.202406191623/tools/bin/../lib/gcc/arm-none-eabi/12.3.1/../../../../arm-none-eabi/lib/thumb/v7e-m+fp/hard\libc_nano.a(libc_a-wsetup.o)
                              S:/Programs hhd/STM32CubeIDE_1.4.0/STM32CubeIDE/plugins/com.st.stm32cube.ide.mcu.externaltools.gnu-tools-for-stm32.12.3.rel1.win32_1.0.200.202406191623/tools/bin/../lib/gcc/arm-none-eabi/12.3.1/../../../../arm-none-eabi/lib/thumb/v7e-m+fp/hard\libc_nano.a(libc_a-puts.o) (__swsetup_r)
S:/Programs hhd/STM32CubeIDE_1.4.0/STM32CubeIDE/plugins/com.st.stm32cube.ide.mcu.externaltools.gnu-tools-for-stm32.12.3.rel1.win32_1.0.200.202406191623/tools/bin/../lib/gcc/arm-none-eabi/12.3.1/../../../../arm-none-eabi/lib/thumb/v7e-m+fp/hard\libc_nano.a(libc_a-memset.o)
                              S:/Programs hhd/STM32CubeIDE_1.4.0/STM32CubeIDE/plugins/com.st.stm32cube.ide.mcu.externaltools.gnu-tools-for-stm32.12.3.rel1.win32_1.0.200.202406191623/tools/bin/../lib/gcc/arm-none-eabi/12.3.1/../../../../arm-none-eabi/lib/thumb/v7e-m+fp/hard/crt0.o (memset)
[...]
Memory Configuration

Name             Origin             Length             Attributes
RAM              0x20000000         0x000a0000         xrw
RAM2             0x10000000         0x00010000         xrw
RAM3             0x20040000         0x00060000         xrw
FLASH            0x08000000         0x00200000         xr
*default*        0x00000000         0xffffffff

Linker script and memory map

LOAD S:/Programs hhd/STM32CubeIDE_1.4.0/STM32CubeIDE/plugins/com.st.stm32cube.ide.mcu.externaltools.gnu-tools-for-stm32.12.3.rel1.win32_1.0.200.202406191623/tools/bin/../lib/gcc/arm-none-eabi/12.3.1/thumb/v7e-m+fp/hard/crti.o
LOAD S:/Programs hhd/STM32CubeIDE_1.4.0/STM32CubeIDE/plugins/com.st.stm32cube.ide.mcu.externaltools.gnu-tools-for-stm32.12.3.rel1.win32_1.0.200.202406191623/tools/bin/../lib/gcc/arm-none-eabi/12.3.1/thumb/v7e-m+fp/hard/crtbegin.o
LOAD S:/Programs hhd/STM32CubeIDE_1.4.0/STM32CubeIDE/plugins/com.st.stm32cube.ide.mcu.externaltools.gnu-tools-for-stm32.12.3.rel1.win32_1.0.200.202406191623/tools/bin/../lib/gcc/arm-none-eabi/12.3.1/../../../../arm-none-eabi/lib/thumb/v7e-m+fp/hard/crt0.o
LOAD ./Drivers/STM32L4xx_HAL_Driver/Src/stm32l4xx_hal.o
LOAD ./Drivers/STM32L4xx_HAL_Driver/Src/stm32l4xx_hal_cortex.o
LOAD ./Drivers/STM32L4xx_HAL_Driver/Src/stm32l4xx_hal_dfsdm.o
LOAD ./Drivers/STM32L4xx_HAL_Driver/Src/stm32l4xx_hal_dfsdm_ex.o
LOAD ./Drivers/STM32L4xx_HAL_Driver/Src/stm32l4xx_hal_dma.o
LOAD ./Drivers/STM32L4xx_HAL_Driver/Src/stm32l4xx_hal_dma_ex.o
LOAD ./Drivers/STM32L4xx_HAL_Driver/Src/stm32l4xx_hal_exti.o
LOAD ./Drivers/STM32L4xx_HAL_Driver/Src/stm32l4xx_hal_flash.o
LOAD ./Drivers/STM32L4xx_HAL_Driver/Src/stm32l4xx_hal_flash_ex.o
LOAD ./Drivers/STM32L4xx_HAL_Driver/Src/stm32l4xx_hal_flash_ramfunc.o
LOAD ./Drivers/STM32L4xx_HAL_Driver/Src/stm32l4xx_hal_gpio.o
LOAD ./Drivers/STM32L4xx_HAL_Driver/Src/stm32l4xx_hal_i2c.o
LOAD ./Drivers/STM32L4xx_HAL_Driver/Src/stm32l4xx_hal_i2c_ex.o
LOAD ./Drivers/STM32L4xx_HAL_Driver/Src/stm32l4xx_hal_pwr.o
LOAD ./Drivers/STM32L4xx_HAL_Driver/Src/stm32l4xx_hal_pwr_ex.o
LOAD ./Drivers/STM32L4xx_HAL_Driver/Src/stm32l4xx_hal_rcc.o
LOAD ./Drivers/STM32L4xx_HAL_Driver/Src/stm32l4xx_hal_rcc_ex.o
LOAD ./Drivers/STM32L4xx_HAL_Driver/Src/stm32l4xx_hal_rtc.o
LOAD ./Drivers/STM32L4xx_HAL_Driver/Src/stm32l4xx_hal_rtc_ex.o
LOAD ./Drivers/STM32L4xx_HAL_Driver/Src/stm32l4xx_hal_sd.o
LOAD ./Drivers/STM32L4xx_HAL_Driver/Src/stm32l4xx_hal_sd_ex.o
LOAD ./Drivers/STM32L4xx_HAL_Driver/Src/stm32l4xx_hal_spi.o
LOAD ./Drivers/STM32L4xx_HAL_Driver/Src/stm32l4xx_hal_spi_ex.o
LOAD ./Drivers/STM32L4xx_HAL_Driver/Src/stm32l4xx_hal_tim.o
LOAD ./Drivers/STM32L4xx_HAL_Driver/Src/stm32l4xx_hal_tim_ex.o
LOAD ./Drivers/STM32L4xx_HAL_Driver/Src/stm32l4xx_hal_uart.o
LOAD ./Drivers/STM32L4xx_HAL_Driver/Src/stm32l4xx_hal_uart_ex.o
LOAD ./Drivers/STM32L4xx_HAL_Driver/Src/stm32l4xx_ll_sdmmc.o
LOAD ./Middlewares/Third_Party/FatFs/src/diskio.o
LOAD ./Middlewares/Third_Party/FatFs/src/ff.o
LOAD ./Middlewares/Third_Party/FatFs/src/ff_gen_drv.o
LOAD ./Middlewares/Third_Party/FatFs/src/option/ccsbcs.o
LOAD ./Middlewares/Third_Party/FatFs/src/option/syscall.o
LOAD ./Middlewares/Third_Party/FreeRTOS/Source/CMSIS_RTOS_V2/cmsis_os2.o
LOAD ./Middlewares/Third_Party/FreeRTOS/Source/croutine.o
LOAD ./Middlewares/Third_Party/FreeRTOS/Source/event_groups.o
LOAD ./Middlewares/Third_Party/FreeRTOS/Source/list.o
LOAD ./Middlewares/Third_Party/FreeRTOS/Source/queue.o
LOAD ./Middlewares/Third_Party/FreeRTOS/Source/stream_buffer.o
LOAD ./Middlewares/Third_Party/FreeRTOS/Source/tasks.o
LOAD ./Middlewares/Third_Party/FreeRTOS/Source/timers.o
LOAD ./Middlewares/Third_Party/FreeRTOS/Source/portable/GCC/ARM_CM4F/port.o
LOAD ./Middlewares/Third_Party/FreeRTOS/Source/portable/MemMang/heap_4.o
LOAD ./Src/bsp_driver_sd.o
LOAD ./Src/dfsdm.o
LOAD ./Src/dma.o
LOAD ./Src/fatfs.o
LOAD ./Src/fatfs_platform.o
LOAD ./Src/freertos.o
LOAD ./Src/gpio.o
LOAD ./Src/i2c.o
LOAD ./Src/leds.o
LOAD ./Src/main.o
LOAD ./Src/rtc.o
LOAD ./Src/sd_diskio.o
LOAD ./Src/sdmmc.o
LOAD ./Src/spi.o
LOAD ./Src/stm32l4xx_hal_msp.o
LOAD ./Src/stm32l4xx_hal_timebase_tim.o
LOAD ./Src/stm32l4xx_it.o
LOAD ./Src/syscalls.o
LOAD ./Src/sysmem.o
LOAD ./Src/system_stm32l4xx.o
LOAD ./Src/usart.o
LOAD ./Startup/startup_stm32l4r7zitx.o
LOAD ../Middlewares/Third_Party/ARM_CMSIS/CMSIS/DSP/Lib/GCC\libarm_cortexM4lf_math.a
START GROUP
LOAD S:/Programs hhd/STM32CubeIDE_1.4.0/STM32CubeIDE/plugins/com.st.stm32cube.ide.mcu.externaltools.gnu-tools-for-stm32.12.3.rel1.win32_1.0.200.202406191623/tools/bin/../lib/gcc/arm-none-eabi/12.3.1/../../../../arm-none-eabi/lib/thumb/v7e-m+fp/hard\libc_nano.a
LOAD S:/Programs hhd/STM32CubeIDE_1.4.0/STM32CubeIDE/plugins/com.st.stm32cube.ide.mcu.externaltools.gnu-tools-for-stm32.12.3.rel1.win32_1.0.200.202406191623/tools/bin/../lib/gcc/arm-none-eabi/12.3.1/../../../../arm-none-eabi/lib/thumb/v7e-m+fp/hard\libm.a
END GROUP
START GROUP
LOAD S:/Programs hhd/STM32CubeIDE_1.4.0/STM32CubeIDE/plugins/com.st.stm32cube.ide.mcu.externaltools.gnu-tools-for-stm32.12.3.rel1.win32_1.0.200.202406191623/tools/bin/../lib/gcc/arm-none-eabi/12.3.1/thumb/v7e-m+fp/hard\libgcc.a
LOAD S:/Programs hhd/STM32CubeIDE_1.4.0/STM32CubeIDE/plugins/com.st.stm32cube.ide.mcu.externaltools.gnu-tools-for-stm32.12.3.rel1.win32_1.0.200.202406191623/tools/bin/../lib/gcc/arm-none-eabi/12.3.1/../../../../arm-none-eabi/lib/thumb/v7e-m+fp/hard\libc_nano.a
END GROUP
START GROUP
LOAD S:/Programs hhd/STM32CubeIDE_1.4.0/STM32CubeIDE/plugins/com.st.stm32cube.ide.mcu.externaltools.gnu-tools-for-stm32.12.3.rel1.win32_1.0.200.202406191623/tools/bin/../lib/gcc/arm-none-eabi/12.3.1/thumb/v7e-m+fp/hard\libgcc.a
LOAD S:/Programs hhd/STM32CubeIDE_1.4.0/STM32CubeIDE/plugins/com.st.stm32cube.ide.mcu.externaltools.gnu-tools-for-stm32.12.3.rel1.win32_1.0.200.202406191623/tools/bin/../lib/gcc/arm-none-eabi/12.3.1/../../../../arm-none-eabi/lib/thumb/v7e-m+fp/hard\libc_nano.a
LOAD S:/Programs hhd/STM32CubeIDE_1.4.0/STM32CubeIDE/plugins/com.st.stm32cube.ide.mcu.externaltools.gnu-tools-for-stm32.12.3.rel1.win32_1.0.200.202406191623/tools/bin/../lib/gcc/arm-none-eabi/12.3.1/../../../../arm-none-eabi/lib/thumb/v7e-m+fp/hard\libnosys.a
END GROUP
START GROUP
LOAD S:/Programs hhd/STM32CubeIDE_1.4.0/STM32CubeIDE/plugins/com.st.stm32cube.ide.mcu.externaltools.gnu-tools-for-stm32.12.3.rel1.win32_1.0.200.202406191623/tools/bin/../lib/gcc/arm-none-eabi/12.3.1/thumb/v7e-m+fp/hard\libgcc.a
LOAD S:/Programs hhd/STM32CubeIDE_1.4.0/STM32CubeIDE/plugins/com.st.stm32cube.ide.mcu.externaltools.gnu-tools-for-stm32.12.3.rel1.win32_1.0.200.202406191623/tools/bin/../lib/gcc/arm-none-eabi/12.3.1/../../../../arm-none-eabi/lib/thumb/v7e-m+fp/hard\libc_nano.a
LOAD S:/Programs hhd/STM32CubeIDE_1.4.0/STM32CubeIDE/plugins/com.st.stm32cube.ide.mcu.externaltools.gnu-tools-for-stm32.12.3.rel1.win32_1.0.200.202406191623/tools/bin/../lib/gcc/arm-none-eabi/12.3.1/../../../../arm-none-eabi/lib/thumb/v7e-m+fp/hard\libnosys.a
END GROUP
LOAD S:/Programs hhd/STM32CubeIDE_1.4.0/STM32CubeIDE/plugins/com.st.stm32cube.ide.mcu.externaltools.gnu-tools-for-stm32.12.3.rel1.win32_1.0.200.202406191623/tools/bin/../lib/gcc/arm-none-eabi/12.3.1/thumb/v7e-m+fp/hard/crtend.o
LOAD S:/Programs hhd/STM32CubeIDE_1.4.0/STM32CubeIDE/plugins/com.st.stm32cube.ide.mcu.externaltools.gnu-tools-for-stm32.12.3.rel1.win32_1.0.200.202406191623/tools/bin/../lib/gcc/arm-none-eabi/12.3.1/thumb/v7e-m+fp/hard/crtn.o
                0x200a0000                        _estack = (ORIGIN (RAM) + LENGTH (RAM))
                0x00000400                        _Min_Heap_Size = 0x400
                0x00000800                        _Min_Stack_Size = 0x800

.isr_vector     0x08000000      0x1bc
                0x08000000                        . = ALIGN (0x4)
 *(.isr_vector)
 .isr_vector    0x08000000      0x1bc ./Startup/startup_stm32l4r7zitx.o
                0x08000000                g_pfnVectors
                0x080001bc                        . = ALIGN (0x4)

.text           0x080001c0    0x15504
                0x080001c0                        . = ALIGN (0x4)
 *(.text)
 .text          0x080001c0       0x40 S:/Programs hhd/STM32CubeIDE_1.4.0/STM32CubeIDE/plugins/com.st.stm32cube.ide.mcu.externaltools.gnu-tools-for-stm32.12.3.rel1.win32_1.0.200.202406191623/tools/bin/../lib/gcc/arm-none-eabi/12.3.1/thumb/v7e-m+fp/hard/crtbegin.o
 .text          0x08000200       0x10 S:/Programs hhd/STM32CubeIDE_1.4.0/STM32CubeIDE/plugins/com.st.stm32cube.ide.mcu.externaltools.gnu-tools-for-stm32.12.3.rel1.win32_1.0.200.202406191623/tools/bin/../lib/gcc/arm-none-eabi/12.3.1/../../../../arm-none-eabi/lib/thumb/v7e-m+fp/hard\libc_nano.a(libc_a-strlen.o)
                0x08000200                strlen
 .text          0x08000210       0xa0 S:/Programs hhd/STM32CubeIDE_1.4.0/STM32CubeIDE/plugins/com.st.stm32cube.ide.mcu.externaltools.gnu-tools-for-stm32.12.3.rel1.win32_1.0.200.202406191623/tools/bin/../lib/gcc/arm-none-eabi/12.3.1/../../../../arm-none-eabi/lib/thumb/v7e-m+fp/hard\libc_nano.a(libc_a-memchr.o)
                0x08000210                memchr
 .text          0x080002b0       0x30 S:/Programs hhd/STM32CubeIDE_1.4.0/STM32CubeIDE/plugins/com.st.stm32cube.ide.mcu.externaltools.gnu-tools-for-stm32.12.3.rel1.win32_1.0.200.202406191623/tools/bin/../lib/gcc/arm-none-eabi/12.3.1/thumb/v7e-m+fp/hard\libgcc.a(_aeabi_uldivmod.o)
                0x080002b0                __aeabi_uldivmod
 .text          0x080002e0      0x2bc S:/Programs hhd/STM32CubeIDE_1.4.0/STM32CubeIDE/plugins/com.st.stm32cube.ide.mcu.externaltools.gnu-tools-for-stm32.12.3.rel1.win32_1.0.200.202406191623/tools/bin/../lib/gcc/arm-none-eabi/12.3.1/thumb/v7e-m+fp/hard\libgcc.a(_udivmoddi4.o)
                0x080002e0                __udivmoddi4
 .text          0x0800059c        0x4 S:/Programs hhd/STM32CubeIDE_1.4.0/STM32CubeIDE/plugins/com.st.stm32cube.ide.mcu.externaltools.gnu-tools-for-stm32.12.3.rel1.win32_1.0.200.202406191623/tools/bin/../lib/gcc/arm-none-eabi/12.3.1/thumb/v7e-m+fp/hard\libgcc.a(_dvmd_tls.o)
                0x0800059c                __aeabi_idiv0
                0x0800059c                __aeabi_ldiv0
 *(.text*)
 .text.HAL_Init
                0x080005a0       0x30 ./Drivers/STM32L4xx_HAL_Driver/Src/stm32l4xx_hal.o
                0x080005a0                HAL_Init
 .text.HAL_IncTick
                0x080005d0       0x28 ./Drivers/STM32L4xx_HAL_Driver/Src/stm32l4xx_hal.o
                0x080005d0                HAL_IncTick
 .text.HAL_GetTick
                0x080005f8       0x18 ./Drivers/STM32L4xx_HAL_Driver/Src/stm32l4xx_hal.o
                0x080005f8                HAL_GetTick
 .text.HAL_Delay
                0x08000610       0x48 ./Drivers/STM32L4xx_HAL_Driver/Src/stm32l4xx_hal.o
                0x08000610                HAL_Delay
 .text.__NVIC_SetPriorityGrouping
                0x08000658       0x48 ./Drivers/STM32L4xx_HAL_Driver/Src/stm32l4xx_hal_cortex.o
 .text.__NVIC_GetPriorityGrouping
                0x080006a0       0x1c ./Drivers/STM32L4xx_HAL_Driver/Src/stm32l4xx_hal_cortex.o
 .text.__NVIC_EnableIRQ
                0x080006bc       0x3c ./Drivers/STM32L4xx_HAL_Driver/Src/stm32l4xx_hal_cortex.o
 .text.__NVIC_SetPriority
                0x080006f8       0x54 ./Drivers/STM32L4xx_HAL_Driver/Src/stm32l4xx_hal_cortex.o
 .text.NVIC_EncodePriority
                0x0800074c       0x66 ./Drivers/STM32L4xx_HAL_Driver/Src/stm32l4xx_hal_cortex.o
 *fill*         0x080007b2        0x2 
 .text.HAL_NVIC_SetPriorityGrouping
                0x080007b4       0x40 ./Drivers/STM32L4xx_HAL_Driver/Src/stm32l4xx_hal_cortex.o
                0x080007b4                HAL_NVIC_SetPriorityGrouping
 .text.HAL_NVIC_SetPriority
                0x080007f4       0x58 ./Drivers/STM32L4xx_HAL_Driver/Src/stm32l4xx_hal_cortex.o
                0x080007f4                HAL_NVIC_SetPriority
 .text.HAL_NVIC_EnableIRQ
                0x0800084c       0x30 ./Drivers/STM32L4xx_HAL_Driver/Src/stm32l4xx_hal_cortex.o
                0x0800084c                HAL_NVIC_EnableIRQ
 .text.HAL_DFSDM_ChannelInit
                0x0800087c      0x390 ./Drivers/STM32L4xx_HAL_Driver/Src/stm32l4xx_hal_dfsdm.o
                0x0800087c                HAL_DFSDM_ChannelInit
 .text.HAL_DFSDM_FilterInit
                0x08000c0c      0x3c4 ./Drivers/STM32L4xx_HAL_Driver/Src/stm32l4xx_hal_dfsdm.o
                0x08000c0c                HAL_DFSDM_FilterInit
 .text.HAL_DFSDM_FilterConfigRegChannel
                0x08000fd0      0x148 ./Drivers/STM32L4xx_HAL_Driver/Src/stm32l4xx_hal_dfsdm.o
                0x08000fd0                HAL_DFSDM_FilterConfigRegChannel
 .text.HAL_DFSDM_FilterRegularStart_DMA
                0x08001118      0x148 ./Drivers/STM32L4xx_HAL_Driver/Src/stm32l4xx_hal_dfsdm.o
                0x08001118                HAL_DFSDM_FilterRegularStart_DMA
 .text.HAL_DFSDM_FilterRegularStop_DMA
                0x08001260       0x88 ./Drivers/STM32L4xx_HAL_Driver/Src/stm32l4xx_hal_dfsdm.o
                0x08001260                HAL_DFSDM_FilterRegularStop_DMA
 .text.HAL_DFSDM_FilterErrorCallback
                0x080012e8       0x14 ./Drivers/STM32L4xx_HAL_Driver/Src/stm32l4xx_hal_dfsdm.o
                0x080012e8                HAL_DFSDM_FilterErrorCallback
 .text.DFSDM_DMARegularHalfConvCplt
                0x080012fc       0x1c ./Drivers/STM32L4xx_HAL_Driver/Src/stm32l4xx_hal_dfsdm.o
 .text.DFSDM_DMARegularConvCplt
                0x08001318       0x1c ./Drivers/STM32L4xx_HAL_Driver/Src/stm32l4xx_hal_dfsdm.o
 .text.DFSDM_DMAError
                0x08001334       0x22 ./Drivers/STM32L4xx_HAL_Driver/Src/stm32l4xx_hal_dfsdm.o
 *fill*         0x08001356        0x2 
 .text.DFSDM_GetChannelFromInstance
                0x08001358       0x98 ./Drivers/STM32L4xx_HAL_Driver/Src/stm32l4xx_hal_dfsdm.o
 .text.DFSDM_RegConvStart
                0x080013f0       0xac ./Drivers/STM32L4xx_HAL_Driver/Src/stm32l4xx_hal_dfsdm.o
 .text.DFSDM_RegConvStop
                0x0800149c       0x9a ./Drivers/STM32L4xx_HAL_Driver/Src/stm32l4xx_hal_dfsdm.o
 *fill*         0x08001536        0x2 
 .text.HAL_DMA_Init
                0x08001538      0x314 ./Drivers/STM32L4xx_HAL_Driver/Src/stm32l4xx_hal_dma.o
                0x08001538                HAL_DMA_Init
 .text.HAL_DMA_Start_IT
                0x0800184c      0x114 ./Drivers/STM32L4xx_HAL_Driver/Src/stm32l4xx_hal_dma.o
                0x0800184c                HAL_DMA_Start_IT
 .text.HAL_DMA_Abort
                0x08001960       0xb8 ./Drivers/STM32L4xx_HAL_Driver/Src/stm32l4xx_hal_dma.o
                0x08001960                HAL_DMA_Abort
 .text.HAL_DMA_IRQHandler
                0x08001a18      0x15e ./Drivers/STM32L4xx_HAL_Driver/Src/stm32l4xx_hal_dma.o
                0x08001a18                HAL_DMA_IRQHandler
 .text.DMA_SetConfig
                0x08001b76       0x7c ./Drivers/STM32L4xx_HAL_Driver/Src/stm32l4xx_hal_dma.o
 *fill*         0x08001bf2        0x2 
 .text.DMA_CalcDMAMUXChannelBaseAndMask
                0x08001bf4       0x7c ./Drivers/STM32L4xx_HAL_Driver/Src/stm32l4xx_hal_dma.o
 .text.DMA_CalcDMAMUXRequestGenBaseAndMask
                0x08001c70       0x48 ./Drivers/STM32L4xx_HAL_Driver/Src/stm32l4xx_hal_dma.o
 .text.HAL_GPIO_Init
                0x08001cb8      0x4fc ./Drivers/STM32L4xx_HAL_Driver/Src/stm32l4xx_hal_gpio.o
                0x08001cb8                HAL_GPIO_Init
 .text.HAL_GPIO_ReadPin
                0x080021b4       0x40 ./Drivers/STM32L4xx_HAL_Driver/Src/stm32l4xx_hal_gpio.o
                0x080021b4                HAL_GPIO_ReadPin
 .text.HAL_GPIO_WritePin
                0x080021f4       0x58 ./Drivers/STM32L4xx_HAL_Driver/Src/stm32l4xx_hal_gpio.o
                0x080021f4                HAL_GPIO_WritePin
 .text.HAL_I2C_Init
                0x0800224c      0x25c ./Drivers/STM32L4xx_HAL_Driver/Src/stm32l4xx_hal_i2c.o
                0x0800224c                HAL_I2C_Init
 .text.HAL_I2C_Master_Transmit
                0x080024a8      0x230 ./Drivers/STM32L4xx_HAL_Driver/Src/stm32l4xx_hal_i2c.o
                0x080024a8                HAL_I2C_Master_Transmit
 .text.HAL_I2C_Master_Receive
                0x080026d8      0x1ec ./Drivers/STM32L4xx_HAL_Driver/Src/stm32l4xx_hal_i2c.o
                0x080026d8                HAL_I2C_Master_Receive
 .text.I2C_Flush_TXDR
                0x080028c4       0x48 ./Drivers/STM32L4xx_HAL_Driver/Src/stm32l4xx_hal_i2c.o
 .text.I2C_WaitOnFlagUntilTimeout
                0x0800290c       0xb2 ./Drivers/STM32L4xx_HAL_Driver/Src/stm32l4xx_hal_i2c.o
 .text.I2C_WaitOnTXISFlagUntilTimeout
                0x080029be       0x8e ./Drivers/STM32L4xx_HAL_Driver/Src/stm32l4xx_hal_i2c.o
 .text.I2C_WaitOnSTOPFlagUntilTimeout
                0x08002a4c       0x86 ./Drivers/STM32L4xx_HAL_Driver/Src/stm32l4xx_hal_i2c.o
 *fill*         0x08002ad2        0x2 
 .text.I2C_WaitOnRXNEFlagUntilTimeout
                0x08002ad4      0x118 ./Drivers/STM32L4xx_HAL_Driver/Src/stm32l4xx_hal_i2c.o
 .text.I2C_IsErrorOccurred
                0x08002bec      0x1c0 ./Drivers/STM32L4xx_HAL_Driver/Src/stm32l4xx_hal_i2c.o
 .text.I2C_TransferConfig
                0x08002dac       0xf8 ./Drivers/STM32L4xx_HAL_Driver/Src/stm32l4xx_hal_i2c.o
 .text.HAL_I2CEx_ConfigAnalogFilter
                0x08002ea4       0xec ./Drivers/STM32L4xx_HAL_Driver/Src/stm32l4xx_hal_i2c_ex.o
                0x08002ea4                HAL_I2CEx_ConfigAnalogFilter
 .text.HAL_I2CEx_ConfigDigitalFilter
                0x08002f90       0xe8 ./Drivers/STM32L4xx_HAL_Driver/Src/stm32l4xx_hal_i2c_ex.o
                0x08002f90                HAL_I2CEx_ConfigDigitalFilter
 .text.HAL_PWR_EnableBkUpAccess
                0x08003078       0x20 ./Drivers/STM32L4xx_HAL_Driver/Src/stm32l4xx_hal_pwr.o
                0x08003078                HAL_PWR_EnableBkUpAccess
 .text.HAL_PWREx_GetVoltageRange
                0x08003098       0x40 ./Drivers/STM32L4xx_HAL_Driver/Src/stm32l4xx_hal_pwr_ex.o
                0x08003098                HAL_PWREx_GetVoltageRange
 .text.HAL_PWREx_ControlVoltageScaling
                0x080030d8      0x168 ./Drivers/STM32L4xx_HAL_Driver/Src/stm32l4xx_hal_pwr_ex.o
                0x080030d8                HAL_PWREx_ControlVoltageScaling
 .text.HAL_PWREx_EnableBatteryCharging
                0x08003240       0x4c ./Drivers/STM32L4xx_HAL_Driver/Src/stm32l4xx_hal_pwr_ex.o
                0x08003240                HAL_PWREx_EnableBatteryCharging
 .text.HAL_PWREx_EnableVddIO2
                0x0800328c       0x20 ./Drivers/STM32L4xx_HAL_Driver/Src/stm32l4xx_hal_pwr_ex.o
                0x0800328c                HAL_PWREx_EnableVddIO2
 .text.HAL_RCC_OscConfig
                0x080032ac      0xaa0 ./Drivers/STM32L4xx_HAL_Driver/Src/stm32l4xx_hal_rcc.o
                0x080032ac                HAL_RCC_OscConfig
 .text.HAL_RCC_ClockConfig
                0x08003d4c      0x3fc ./Drivers/STM32L4xx_HAL_Driver/Src/stm32l4xx_hal_rcc.o
                0x08003d4c                HAL_RCC_ClockConfig
 .text.HAL_RCC_GetSysClockFreq
                0x08004148      0x118 ./Drivers/STM32L4xx_HAL_Driver/Src/stm32l4xx_hal_rcc.o
                0x08004148                HAL_RCC_GetSysClockFreq
 .text.HAL_RCC_GetHCLKFreq
                0x08004260       0x18 ./Drivers/STM32L4xx_HAL_Driver/Src/stm32l4xx_hal_rcc.o
                0x08004260                HAL_RCC_GetHCLKFreq
 .text.HAL_RCC_GetPCLK1Freq
                0x08004278       0x2c ./Drivers/STM32L4xx_HAL_Driver/Src/stm32l4xx_hal_rcc.o
                0x08004278                HAL_RCC_GetPCLK1Freq
 .text.HAL_RCC_GetPCLK2Freq
                0x080042a4       0x2c ./Drivers/STM32L4xx_HAL_Driver/Src/stm32l4xx_hal_rcc.o
                0x080042a4                HAL_RCC_GetPCLK2Freq
 .text.HAL_RCC_GetClockConfig
                0x080042d0       0x84 ./Drivers/STM32L4xx_HAL_Driver/Src/stm32l4xx_hal_rcc.o
                0x080042d0                HAL_RCC_GetClockConfig
 .text.RCC_SetFlashLatencyFromMSIRange
                0x08004354       0xb4 ./Drivers/STM32L4xx_HAL_Driver/Src/stm32l4xx_hal_rcc.o
 .text.RCC_GetSysClockFreqFromPLLSource
                0x08004408       0xcc ./Drivers/STM32L4xx_HAL_Driver/Src/stm32l4xx_hal_rcc.o
 .text.HAL_RCCEx_PeriphCLKConfig
                0x080044d4      0xb2c ./Drivers/STM32L4xx_HAL_Driver/Src/stm32l4xx_hal_rcc_ex.o
                0x080044d4                HAL_RCCEx_PeriphCLKConfig
 .text.HAL_RCCEx_GetPeriphCLKFreq
                0x08005000      0xe6c ./Drivers/STM32L4xx_HAL_Driver/Src/stm32l4xx_hal_rcc_ex.o
                0x08005000                HAL_RCCEx_GetPeriphCLKFreq
 .text.RCCEx_PLLSAI1_Config
                0x08005e6c      0x300 ./Drivers/STM32L4xx_HAL_Driver/Src/stm32l4xx_hal_rcc_ex.o
 .text.RCCEx_PLLSAI2_Config
                0x0800616c      0x300 ./Drivers/STM32L4xx_HAL_Driver/Src/stm32l4xx_hal_rcc_ex.o
 .text.RCCEx_GetSAIxPeriphCLKFreq
                0x0800646c      0x224 ./Drivers/STM32L4xx_HAL_Driver/Src/stm32l4xx_hal_rcc_ex.o
 .text.HAL_RTC_Init
                0x08006690      0x1ec ./Drivers/STM32L4xx_HAL_Driver/Src/stm32l4xx_hal_rtc.o
                0x08006690                HAL_RTC_Init
 .text.HAL_RTC_GetTime
                0x0800687c       0xd4 ./Drivers/STM32L4xx_HAL_Driver/Src/stm32l4xx_hal_rtc.o
                0x0800687c                HAL_RTC_GetTime
 .text.HAL_RTC_GetDate
                0x08006950       0xb4 ./Drivers/STM32L4xx_HAL_Driver/Src/stm32l4xx_hal_rtc.o
                0x08006950                HAL_RTC_GetDate
 .text.HAL_RTC_WaitForSynchro
                0x08006a04       0x48 ./Drivers/STM32L4xx_HAL_Driver/Src/stm32l4xx_hal_rtc.o
                0x08006a04                HAL_RTC_WaitForSynchro
 .text.RTC_EnterInitMode
                0x08006a4c       0x66 ./Drivers/STM32L4xx_HAL_Driver/Src/stm32l4xx_hal_rtc.o
                0x08006a4c                RTC_EnterInitMode
 *fill*         0x08006ab2        0x2 
 .text.RTC_ExitInitMode
                0x08006ab4       0x7c ./Drivers/STM32L4xx_HAL_Driver/Src/stm32l4xx_hal_rtc.o
                0x08006ab4                RTC_ExitInitMode
 .text.RTC_Bcd2ToByte
                0x08006b30       0x34 ./Drivers/STM32L4xx_HAL_Driver/Src/stm32l4xx_hal_rtc.o
                0x08006b30                RTC_Bcd2ToByte
 .text.HAL_SD_Init
                0x08006b64      0x1cc ./Drivers/STM32L4xx_HAL_Driver/Src/stm32l4xx_hal_sd.o
                0x08006b64                HAL_SD_Init
 .text.HAL_SD_InitCard
                0x08006d30      0x144 ./Drivers/STM32L4xx_HAL_Driver/Src/stm32l4xx_hal_sd.o
                0x08006d30                HAL_SD_InitCard
 .text.HAL_SD_ReadBlocks_DMA
                0x08006e74      0x150 ./Drivers/STM32L4xx_HAL_Driver/Src/stm32l4xx_hal_sd.o
                0x08006e74                HAL_SD_ReadBlocks_DMA
 .text.HAL_SD_WriteBlocks_DMA
                0x08006fc4      0x150 ./Drivers/STM32L4xx_HAL_Driver/Src/stm32l4xx_hal_sd.o
                0x08006fc4                HAL_SD_WriteBlocks_DMA
 .text.HAL_SD_IRQHandler
                0x08007114      0x36c ./Drivers/STM32L4xx_HAL_Driver/Src/stm32l4xx_hal_sd.o
                0x08007114                HAL_SD_IRQHandler
 .text.HAL_SD_ErrorCallback
                0x08007480       0x14 ./Drivers/STM32L4xx_HAL_Driver/Src/stm32l4xx_hal_sd.o
                0x08007480                HAL_SD_ErrorCallback
 .text.HAL_SD_GetCardCSD
                0x08007494      0x348 ./Drivers/STM32L4xx_HAL_Driver/Src/stm32l4xx_hal_sd.o
                0x08007494                HAL_SD_GetCardCSD
 .text.HAL_SD_GetCardStatus
                0x080077dc      0x16c ./Drivers/STM32L4xx_HAL_Driver/Src/stm32l4xx_hal_sd.o
                0x080077dc                HAL_SD_GetCardStatus
 .text.HAL_SD_GetCardInfo
                0x08007948       0x58 ./Drivers/STM32L4xx_HAL_Driver/Src/stm32l4xx_hal_sd.o
                0x08007948                HAL_SD_GetCardInfo
 .text.HAL_SD_ConfigWideBusOperation
                0x080079a0      0x24c ./Drivers/STM32L4xx_HAL_Driver/Src/stm32l4xx_hal_sd.o
                0x080079a0                HAL_SD_ConfigWideBusOperation
 .text.HAL_SD_GetCardState
                0x08007bec       0x40 ./Drivers/STM32L4xx_HAL_Driver/Src/stm32l4xx_hal_sd.o
                0x08007bec                HAL_SD_GetCardState
 .text.SD_InitCard
                0x08007c2c      0x17e ./Drivers/STM32L4xx_HAL_Driver/Src/stm32l4xx_hal_sd.o
 *fill*         0x08007daa        0x2 
 .text.SD_PowerON
                0x08007dac      0x218 ./Drivers/STM32L4xx_HAL_Driver/Src/stm32l4xx_hal_sd.o
 .text.SD_SendSDStatus
                0x08007fc4      0x1a0 ./Drivers/STM32L4xx_HAL_Driver/Src/stm32l4xx_hal_sd.o
 .text.SD_SendStatus
                0x08008164       0x50 ./Drivers/STM32L4xx_HAL_Driver/Src/stm32l4xx_hal_sd.o
 .text.SD_WideBus_Enable
                0x080081b4       0x96 ./Drivers/STM32L4xx_HAL_Driver/Src/stm32l4xx_hal_sd.o
 .text.SD_WideBus_Disable
                0x0800824a       0x96 ./Drivers/STM32L4xx_HAL_Driver/Src/stm32l4xx_hal_sd.o
 .text.SD_FindSCR
                0x080082e0      0x1a0 ./Drivers/STM32L4xx_HAL_Driver/Src/stm32l4xx_hal_sd.o
 .text.SD_Read_IT
                0x08008480       0xa2 ./Drivers/STM32L4xx_HAL_Driver/Src/stm32l4xx_hal_sd.o
 .text.SD_Write_IT
                0x08008522       0xaa ./Drivers/STM32L4xx_HAL_Driver/Src/stm32l4xx_hal_sd.o
 .text.HAL_SDEx_DriveTransceiver_1_8V_Callback
                0x080085cc       0x16 ./Drivers/STM32L4xx_HAL_Driver/Src/stm32l4xx_hal_sd_ex.o
                0x080085cc                HAL_SDEx_DriveTransceiver_1_8V_Callback
 .text.HAL_SDEx_Read_DMADoubleBuffer0CpltCallback
                0x080085e2       0x14 ./Drivers/STM32L4xx_HAL_Driver/Src/stm32l4xx_hal_sd_ex.o
                0x080085e2                HAL_SDEx_Read_DMADoubleBuffer0CpltCallback
 .text.HAL_SDEx_Read_DMADoubleBuffer1CpltCallback
                0x080085f6       0x14 ./Drivers/STM32L4xx_HAL_Driver/Src/stm32l4xx_hal_sd_ex.o
                0x080085f6                HAL_SDEx_Read_DMADoubleBuffer1CpltCallback
 .text.HAL_SDEx_Write_DMADoubleBuffer0CpltCallback
                0x0800860a       0x14 ./Drivers/STM32L4xx_HAL_Driver/Src/stm32l4xx_hal_sd_ex.o
                0x0800860a                HAL_SDEx_Write_DMADoubleBuffer0CpltCallback
 .text.HAL_SDEx_Write_DMADoubleBuffer1CpltCallback
                0x0800861e       0x14 ./Drivers/STM32L4xx_HAL_Driver/Src/stm32l4xx_hal_sd_ex.o
                0x0800861e                HAL_SDEx_Write_DMADoubleBuffer1CpltCallback
 *fill*         0x08008632        0x2 
 .text.HAL_SPI_Init
                0x08008634      0x3dc ./Drivers/STM32L4xx_HAL_Driver/Src/stm32l4xx_hal_spi.o
                0x08008634                HAL_SPI_Init
 .text.HAL_SPI_TransmitReceive
                0x08008a10      0x454 ./Drivers/STM32L4xx_HAL_Driver/Src/stm32l4xx_hal_spi.o
                0x08008a10                HAL_SPI_TransmitReceive
 .text.SPI_WaitFlagStateUntilTimeout
                0x08008e64      0x110 ./Drivers/STM32L4xx_HAL_Driver/Src/stm32l4xx_hal_spi.o
 .text.SPI_WaitFifoStateUntilTimeout
                0x08008f74      0x12c ./Drivers/STM32L4xx_HAL_Driver/Src/stm32l4xx_hal_spi.o
 .text.SPI_EndRxTxTransaction
                0x080090a0       0x8c ./Drivers/STM32L4xx_HAL_Driver/Src/stm32l4xx_hal_spi.o
 .text.HAL_TIM_Base_Init
                0x0800912c      0x214 ./Drivers/STM32L4xx_HAL_Driver/Src/stm32l4xx_hal_tim.o
                0x0800912c                HAL_TIM_Base_Init
 .text.HAL_TIM_Base_MspInit
                0x08009340       0x14 ./Drivers/STM32L4xx_HAL_Driver/Src/stm32l4xx_hal_tim.o
                0x08009340                HAL_TIM_Base_MspInit
 .text.HAL_TIM_Base_Start_IT
                0x08009354      0x168 ./Drivers/STM32L4xx_HAL_Driver/Src/stm32l4xx_hal_tim.o
                0x08009354                HAL_TIM_Base_Start_IT
 .text.HAL_TIM_IRQHandler
                0x080094bc      0x20e ./Drivers/STM32L4xx_HAL_Driver/Src/stm32l4xx_hal_tim.o
                0x080094bc                HAL_TIM_IRQHandler
 .text.HAL_TIM_OC_DelayElapsedCallback
                0x080096ca       0x14 ./Drivers/STM32L4xx_HAL_Driver/Src/stm32l4xx_hal_tim.o
                0x080096ca                HAL_TIM_OC_DelayElapsedCallback
 .text.HAL_TIM_IC_CaptureCallback
                0x080096de       0x14 ./Drivers/STM32L4xx_HAL_Driver/Src/stm32l4xx_hal_tim.o
                0x080096de                HAL_TIM_IC_CaptureCallback
 .text.HAL_TIM_PWM_PulseFinishedCallback
                0x080096f2       0x14 ./Drivers/STM32L4xx_HAL_Driver/Src/stm32l4xx_hal_tim.o
                0x080096f2                HAL_TIM_PWM_PulseFinishedCallback
 .text.HAL_TIM_TriggerCallback
                0x08009706       0x14 ./Drivers/STM32L4xx_HAL_Driver/Src/stm32l4xx_hal_tim.o
                0x08009706                HAL_TIM_TriggerCallback
 *fill*         0x0800971a        0x2 
 .text.TIM_Base_SetConfig
                0x0800971c      0x14c ./Drivers/STM32L4xx_HAL_Driver/Src/stm32l4xx_hal_tim.o
                0x0800971c                TIM_Base_SetConfig
 .text.HAL_TIMEx_CommutCallback
                0x08009868       0x14 ./Drivers/STM32L4xx_HAL_Driver/Src/stm32l4xx_hal_tim_ex.o
                0x08009868                HAL_TIMEx_CommutCallback
 .text.HAL_TIMEx_BreakCallback
                0x0800987c       0x14 ./Drivers/STM32L4xx_HAL_Driver/Src/stm32l4xx_hal_tim_ex.o
                0x0800987c                HAL_TIMEx_BreakCallback
 .text.HAL_TIMEx_Break2Callback
                0x08009890       0x14 ./Drivers/STM32L4xx_HAL_Driver/Src/stm32l4xx_hal_tim_ex.o
                0x08009890                HAL_TIMEx_Break2Callback
 .text.HAL_UART_Init
                0x080098a4      0x154 ./Drivers/STM32L4xx_HAL_Driver/Src/stm32l4xx_hal_uart.o
                0x080098a4                HAL_UART_Init
 .text.HAL_UART_Transmit
                0x080099f8      0x11c ./Drivers/STM32L4xx_HAL_Driver/Src/stm32l4xx_hal_uart.o
                0x080099f8                HAL_UART_Transmit
 .text.UART_SetConfig
                0x08009b14      0x7c0 ./Drivers/STM32L4xx_HAL_Driver/Src/stm32l4xx_hal_uart.o
                0x08009b14                UART_SetConfig
 .text.UART_AdvFeatureConfig
                0x0800a2d4      0x2c0 ./Drivers/STM32L4xx_HAL_Driver/Src/stm32l4xx_hal_uart.o
                0x0800a2d4                UART_AdvFeatureConfig
 .text.UART_CheckIdleState
                0x0800a594      0x154 ./Drivers/STM32L4xx_HAL_Driver/Src/stm32l4xx_hal_uart.o
                0x0800a594                UART_CheckIdleState
 .text.UART_WaitOnFlagUntilTimeout
                0x0800a6e8       0xda ./Drivers/STM32L4xx_HAL_Driver/Src/stm32l4xx_hal_uart.o
                0x0800a6e8                UART_WaitOnFlagUntilTimeout
 .text.UART_EndRxTransfer
                0x0800a7c2       0xcc ./Drivers/STM32L4xx_HAL_Driver/Src/stm32l4xx_hal_uart.o
 *fill*         0x0800a88e        0x2 
 .text.HAL_UARTEx_DisableFifoMode
                0x0800a890       0xd0 ./Drivers/STM32L4xx_HAL_Driver/Src/stm32l4xx_hal_uart_ex.o
                0x0800a890                HAL_UARTEx_DisableFifoMode
 .text.HAL_UARTEx_SetTxFifoThreshold
                0x0800a960      0x118 ./Drivers/STM32L4xx_HAL_Driver/Src/stm32l4xx_hal_uart_ex.o
                0x0800a960                HAL_UARTEx_SetTxFifoThreshold
 .text.HAL_UARTEx_SetRxFifoThreshold
                0x0800aa78      0x118 ./Drivers/STM32L4xx_HAL_Driver/Src/stm32l4xx_hal_uart_ex.o
                0x0800aa78                HAL_UARTEx_SetRxFifoThreshold
 .text.UARTEx_SetNbDataToProcess
                0x0800ab90       0x9c ./Drivers/STM32L4xx_HAL_Driver/Src/stm32l4xx_hal_uart_ex.o
 .text.SDMMC_Init
                0x0800ac2c       0xdc ./Drivers/STM32L4xx_HAL_Driver/Src/stm32l4xx_ll_sdmmc.o
                0x0800ac2c                SDMMC_Init
 .text.SDMMC_ReadFIFO
                0x0800ad08       0x1a ./Drivers/STM32L4xx_HAL_Driver/Src/stm32l4xx_ll_sdmmc.o
                0x0800ad08                SDMMC_ReadFIFO
 .text.SDMMC_WriteFIFO
                0x0800ad22       0x22 ./Drivers/STM32L4xx_HAL_Driver/Src/stm32l4xx_ll_sdmmc.o
                0x0800ad22                SDMMC_WriteFIFO
 .text.SDMMC_PowerState_ON
                0x0800ad44       0x24 ./Drivers/STM32L4xx_HAL_Driver/Src/stm32l4xx_ll_sdmmc.o
                0x0800ad44                SDMMC_PowerState_ON
 .text.SDMMC_GetPowerState
                0x0800ad68       0x1c ./Drivers/STM32L4xx_HAL_Driver/Src/stm32l4xx_ll_sdmmc.o
                0x0800ad68                SDMMC_GetPowerState
 .text.SDMMC_SendCommand
                0x0800ad84       0xd0 ./Drivers/STM32L4xx_HAL_Driver/Src/stm32l4xx_ll_sdmmc.o
                0x0800ad84                SDMMC_SendCommand
 .text.SDMMC_GetCommandResponse
                0x0800ae54       0x1a ./Drivers/STM32L4xx_HAL_Driver/Src/stm32l4xx_ll_sdmmc.o
                0x0800ae54                SDMMC_GetCommandResponse
 *fill*         0x0800ae6e        0x2 
 .text.SDMMC_GetResponse
                0x0800ae70       0x48 ./Drivers/STM32L4xx_HAL_Driver/Src/stm32l4xx_ll_sdmmc.o
                0x0800ae70                SDMMC_GetResponse
 .text.SDMMC_ConfigData
                0x0800aeb8      0x13c ./Drivers/STM32L4xx_HAL_Driver/Src/stm32l4xx_ll_sdmmc.o
                0x0800aeb8                SDMMC_ConfigData
 .text.SDMMC_CmdBlockLength
                0x0800aff4       0x46 ./Drivers/STM32L4xx_HAL_Driver/Src/stm32l4xx_ll_sdmmc.o
                0x0800aff4                SDMMC_CmdBlockLength
 .text.SDMMC_CmdReadSingleBlock
                0x0800b03a       0x46 ./Drivers/STM32L4xx_HAL_Driver/Src/stm32l4xx_ll_sdmmc.o
                0x0800b03a                SDMMC_CmdReadSingleBlock
 .text.SDMMC_CmdReadMultiBlock
                0x0800b080       0x46 ./Drivers/STM32L4xx_HAL_Driver/Src/stm32l4xx_ll_sdmmc.o
                0x0800b080                SDMMC_CmdReadMultiBlock
 .text.SDMMC_CmdWriteSingleBlock
                0x0800b0c6       0x46 ./Drivers/STM32L4xx_HAL_Driver/Src/stm32l4xx_ll_sdmmc.o
                0x0800b0c6                SDMMC_CmdWriteSingleBlock
 .text.SDMMC_CmdWriteMultiBlock
                0x0800b10c       0x46 ./Drivers/STM32L4xx_HAL_Driver/Src/stm32l4xx_ll_sdmmc.o
                0x0800b10c                SDMMC_CmdWriteMultiBlock
 *fill*         0x0800b152        0x2 
 .text.SDMMC_CmdStopTransfer
                0x0800b154       0x6c ./Drivers/STM32L4xx_HAL_Driver/Src/stm32l4xx_ll_sdmmc.o
                0x0800b154                SDMMC_CmdStopTransfer
 .text.SDMMC_CmdSelDesel
                0x0800b1c0       0x48 ./Drivers/STM32L4xx_HAL_Driver/Src/stm32l4xx_ll_sdmmc.o
                0x0800b1c0                SDMMC_CmdSelDesel
 .text.SDMMC_CmdGoIdleState
                0x0800b208       0x3c ./Drivers/STM32L4xx_HAL_Driver/Src/stm32l4xx_ll_sdmmc.o
                0x0800b208                SDMMC_CmdGoIdleState
 .text.SDMMC_CmdOperCond
                0x0800b244       0x40 ./Drivers/STM32L4xx_HAL_Driver/Src/stm32l4xx_ll_sdmmc.o
                0x0800b244                SDMMC_CmdOperCond
 .text.SDMMC_CmdAppCommand
                0x0800b284       0x46 ./Drivers/STM32L4xx_HAL_Driver/Src/stm32l4xx_ll_sdmmc.o
                0x0800b284                SDMMC_CmdAppCommand
 .text.SDMMC_CmdAppOperCommand
                0x0800b2ca       0x40 ./Drivers/STM32L4xx_HAL_Driver/Src/stm32l4xx_ll_sdmmc.o
                0x0800b2ca                SDMMC_CmdAppOperCommand
 .text.SDMMC_CmdBusWidth
                0x0800b30a       0x46 ./Drivers/STM32L4xx_HAL_Driver/Src/stm32l4xx_ll_sdmmc.o
                0x0800b30a                SDMMC_CmdBusWidth
 .text.SDMMC_CmdSendSCR
                0x0800b350       0x44 ./Drivers/STM32L4xx_HAL_Driver/Src/stm32l4xx_ll_sdmmc.o
                0x0800b350                SDMMC_CmdSendSCR
 .text.SDMMC_CmdSendCID
                0x0800b394       0x3e ./Drivers/STM32L4xx_HAL_Driver/Src/stm32l4xx_ll_sdmmc.o
                0x0800b394                SDMMC_CmdSendCID
 .text.SDMMC_CmdSendCSD
                0x0800b3d2       0x40 ./Drivers/STM32L4xx_HAL_Driver/Src/stm32l4xx_ll_sdmmc.o
                0x0800b3d2                SDMMC_CmdSendCSD
 .text.SDMMC_CmdSetRelAdd
                0x0800b412       0x44 ./Drivers/STM32L4xx_HAL_Driver/Src/stm32l4xx_ll_sdmmc.o
                0x0800b412                SDMMC_CmdSetRelAdd
 .text.SDMMC_CmdSendStatus
                0x0800b456       0x46 ./Drivers/STM32L4xx_HAL_Driver/Src/stm32l4xx_ll_sdmmc.o
                0x0800b456                SDMMC_CmdSendStatus
 .text.SDMMC_CmdStatusRegister
                0x0800b49c       0x44 ./Drivers/STM32L4xx_HAL_Driver/Src/stm32l4xx_ll_sdmmc.o
                0x0800b49c                SDMMC_CmdStatusRegister
 .text.SDMMC_CmdVoltageSwitch
                0x0800b4e0       0x44 ./Drivers/STM32L4xx_HAL_Driver/Src/stm32l4xx_ll_sdmmc.o
                0x0800b4e0                SDMMC_CmdVoltageSwitch
 .text.SDMMC_GetCmdResp1
                0x0800b524      0x1e4 ./Drivers/STM32L4xx_HAL_Driver/Src/stm32l4xx_ll_sdmmc.o
                0x0800b524                SDMMC_GetCmdResp1
 .text.SDMMC_GetCmdResp2
                0x0800b708       0x94 ./Drivers/STM32L4xx_HAL_Driver/Src/stm32l4xx_ll_sdmmc.o
                0x0800b708                SDMMC_GetCmdResp2
 .text.SDMMC_GetCmdResp3
                0x0800b79c       0x80 ./Drivers/STM32L4xx_HAL_Driver/Src/stm32l4xx_ll_sdmmc.o
                0x0800b79c                SDMMC_GetCmdResp3
 .text.SDMMC_GetCmdResp6
                0x0800b81c       0xf0 ./Drivers/STM32L4xx_HAL_Driver/Src/stm32l4xx_ll_sdmmc.o
                0x0800b81c                SDMMC_GetCmdResp6
 .text.SDMMC_GetCmdResp7
                0x0800b90c       0x9c ./Drivers/STM32L4xx_HAL_Driver/Src/stm32l4xx_ll_sdmmc.o
                0x0800b90c                SDMMC_GetCmdResp7
 .text.SDMMC_GetCmdError
                0x0800b9a8       0x5c ./Drivers/STM32L4xx_HAL_Driver/Src/stm32l4xx_ll_sdmmc.o
 .text.disk_status
                0x0800ba04       0x34 ./Middlewares/Third_Party/FatFs/src/diskio.o
                0x0800ba04                disk_status
 .text.disk_initialize
                0x0800ba38       0x4c ./Middlewares/Third_Party/FatFs/src/diskio.o
                0x0800ba38                disk_initialize
 .text.disk_read
                0x0800ba84       0x40 ./Middlewares/Third_Party/FatFs/src/diskio.o
                0x0800ba84                disk_read
 .text.disk_write
                0x0800bac4       0x40 ./Middlewares/Third_Party/FatFs/src/diskio.o
                0x0800bac4                disk_write
 .text.disk_ioctl
                0x0800bb04       0x3c ./Middlewares/Third_Party/FatFs/src/diskio.o
                0x0800bb04                disk_ioctl
 .text.ld_word  0x0800bb40       0x30 ./Middlewares/Third_Party/FatFs/src/ff.o
 .text.ld_dword
                0x0800bb70       0x46 ./Middlewares/Third_Party/FatFs/src/ff.o
 .text.st_word  0x0800bbb6       0x36 ./Middlewares/Third_Party/FatFs/src/ff.o
 .text.st_dword
                0x0800bbec       0x58 ./Middlewares/Third_Party/FatFs/src/ff.o
 .text.mem_cpy  0x0800bc44       0x42 ./Middlewares/Third_Party/FatFs/src/ff.o
 .text.mem_set  0x0800bc86       0x36 ./Middlewares/Third_Party/FatFs/src/ff.o
 .text.mem_cmp  0x0800bcbc       0x4e ./Middlewares/Third_Party/FatFs/src/ff.o
 .text.chk_chr  0x0800bd0a       0x36 ./Middlewares/Third_Party/FatFs/src/ff.o
 .text.lock_fs  0x0800bd40       0x2c ./Middlewares/Third_Party/FatFs/src/ff.o
 .text.unlock_fs
                0x0800bd6c       0x36 ./Middlewares/Third_Party/FatFs/src/ff.o
 *fill*         0x0800bda2        0x2 
 .text.chk_lock
                0x0800bda4       0xb8 ./Middlewares/Third_Party/FatFs/src/ff.o
 .text.enq_lock
                0x0800be5c       0x44 ./Middlewares/Third_Party/FatFs/src/ff.o
 .text.inc_lock
                0x0800bea0      0x11c ./Middlewares/Third_Party/FatFs/src/ff.o
 .text.dec_lock
                0x0800bfbc       0x78 ./Middlewares/Third_Party/FatFs/src/ff.o
 .text.clear_lock
                0x0800c034       0x48 ./Middlewares/Third_Party/FatFs/src/ff.o
 .text.sync_window
                0x0800c07c       0x88 ./Middlewares/Third_Party/FatFs/src/ff.o
 .text.move_window
                0x0800c104       0x5a ./Middlewares/Third_Party/FatFs/src/ff.o
 *fill*         0x0800c15e        0x2 
 .text.sync_fs  0x0800c160       0xdc ./Middlewares/Third_Party/FatFs/src/ff.o
 .text.clust2sect
                0x0800c23c       0x3e ./Middlewares/Third_Party/FatFs/src/ff.o
 .text.get_fat  0x0800c27a      0x14e ./Middlewares/Third_Party/FatFs/src/ff.o
 .text.put_fat  0x0800c3c8      0x1d4 ./Middlewares/Third_Party/FatFs/src/ff.o
 .text.remove_chain
                0x0800c59c       0xca ./Middlewares/Third_Party/FatFs/src/ff.o
 .text.create_chain
                0x0800c666      0x130 ./Middlewares/Third_Party/FatFs/src/ff.o
 .text.clmt_clust
                0x0800c796       0x68 ./Middlewares/Third_Party/FatFs/src/ff.o
 .text.dir_sdi  0x0800c7fe       0xf6 ./Middlewares/Third_Party/FatFs/src/ff.o
 .text.dir_next
                0x0800c8f4      0x18a ./Middlewares/Third_Party/FatFs/src/ff.o
 .text.dir_alloc
                0x0800ca7e       0x8e ./Middlewares/Third_Party/FatFs/src/ff.o
 .text.ld_clust
                0x0800cb0c       0x3e ./Middlewares/Third_Party/FatFs/src/ff.o
 .text.st_clust
                0x0800cb4a       0x40 ./Middlewares/Third_Party/FatFs/src/ff.o
 *fill*         0x0800cb8a        0x2 
 .text.cmp_lfn  0x0800cb8c       0xe0 ./Middlewares/Third_Party/FatFs/src/ff.o
 .text.put_lfn  0x0800cc6c       0xd0 ./Middlewares/Third_Party/FatFs/src/ff.o
 .text.gen_numname
                0x0800cd3c      0x11c ./Middlewares/Third_Party/FatFs/src/ff.o
 .text.sum_sfn  0x0800ce58       0x42 ./Middlewares/Third_Party/FatFs/src/ff.o
 .text.dir_find
                0x0800ce9a      0x180 ./Middlewares/Third_Party/FatFs/src/ff.o
 *fill*         0x0800d01a        0x2 
 .text.dir_register
                0x0800d01c      0x1f0 ./Middlewares/Third_Party/FatFs/src/ff.o
 .text.create_name
                0x0800d20c      0x370 ./Middlewares/Third_Party/FatFs/src/ff.o
 .text.follow_path
                0x0800d57c       0xe2 ./Middlewares/Third_Party/FatFs/src/ff.o
 .text.get_ldnumber
                0x0800d65e       0x88 ./Middlewares/Third_Party/FatFs/src/ff.o
 *fill*         0x0800d6e6        0x2 
 .text.check_fs
                0x0800d6e8       0xac ./Middlewares/Third_Party/FatFs/src/ff.o
 .text.find_volume
                0x0800d794      0x4a8 ./Middlewares/Third_Party/FatFs/src/ff.o
 .text.validate
                0x0800dc3c       0x8e ./Middlewares/Third_Party/FatFs/src/ff.o
 *fill*         0x0800dcca        0x2 
 .text.f_mount  0x0800dccc       0xc8 ./Middlewares/Third_Party/FatFs/src/ff.o
                0x0800dccc                f_mount
 .text.f_open   0x0800dd94      0x576 ./Middlewares/Third_Party/FatFs/src/ff.o
                0x0800dd94                f_open
 .text.f_write  0x0800e30a      0x348 ./Middlewares/Third_Party/FatFs/src/ff.o
                0x0800e30a                f_write
 .text.f_sync   0x0800e652      0x112 ./Middlewares/Third_Party/FatFs/src/ff.o
                0x0800e652                f_sync
 .text.f_close  0x0800e764       0x5e ./Middlewares/Third_Party/FatFs/src/ff.o
                0x0800e764                f_close
 *fill*         0x0800e7c2        0x2 
 .text.FATFS_LinkDriverEx
                0x0800e7c4       0x98 ./Middlewares/Third_Party/FatFs/src/ff_gen_drv.o
                0x0800e7c4                FATFS_LinkDriverEx
 .text.FATFS_LinkDriver
                0x0800e85c       0x1e ./Middlewares/Third_Party/FatFs/src/ff_gen_drv.o
                0x0800e85c                FATFS_LinkDriver
 *fill*         0x0800e87a        0x2 
 .text.ff_convert
                0x0800e87c       0x78 ./Middlewares/Third_Party/FatFs/src/option/ccsbcs.o
                0x0800e87c                ff_convert
 .text.ff_wtoupper
                0x0800e8f4      0x114 ./Middlewares/Third_Party/FatFs/src/option/ccsbcs.o
                0x0800e8f4                ff_wtoupper
 .text.ff_cre_syncobj
                0x0800ea08       0x36 ./Middlewares/Third_Party/FatFs/src/option/syscall.o
                0x0800ea08                ff_cre_syncobj
 .text.ff_del_syncobj
                0x0800ea3e       0x18 ./Middlewares/Third_Party/FatFs/src/option/syscall.o
                0x0800ea3e                ff_del_syncobj
 .text.ff_req_grant
                0x0800ea56       0x2a ./Middlewares/Third_Party/FatFs/src/option/syscall.o
                0x0800ea56                ff_req_grant
 .text.ff_rel_grant
                0x0800ea80       0x16 ./Middlewares/Third_Party/FatFs/src/option/syscall.o
                0x0800ea80                ff_rel_grant
 *fill*         0x0800ea96        0x2 
 .text.__NVIC_SetPriority
                0x0800ea98       0x54 ./Middlewares/Third_Party/FreeRTOS/Source/CMSIS_RTOS_V2/cmsis_os2.o
 .text.SysTick_Handler
                0x0800eaec       0x20 ./Middlewares/Third_Party/FreeRTOS/Source/CMSIS_RTOS_V2/cmsis_os2.o
                0x0800eaec                SysTick_Handler
 .text.SVC_Setup
                0x0800eb0c       0x12 ./Middlewares/Third_Party/FreeRTOS/Source/CMSIS_RTOS_V2/cmsis_os2.o
 *fill*         0x0800eb1e        0x2 
 .text.osKernelInitialize
                0x0800eb20       0x48 ./Middlewares/Third_Party/FreeRTOS/Source/CMSIS_RTOS_V2/cmsis_os2.o
                0x0800eb20                osKernelInitialize
 .text.osKernelGetState
                0x0800eb68       0x44 ./Middlewares/Third_Party/FreeRTOS/Source/CMSIS_RTOS_V2/cmsis_os2.o
                0x0800eb68                osKernelGetState
 .text.osKernelStart
                0x0800ebac       0x4c ./Middlewares/Third_Party/FreeRTOS/Source/CMSIS_RTOS_V2/cmsis_os2.o
                0x0800ebac                osKernelStart
 .text.osKernelGetTickCount
                0x0800ebf8       0x2a ./Middlewares/Third_Party/FreeRTOS/Source/CMSIS_RTOS_V2/cmsis_os2.o
                0x0800ebf8                osKernelGetTickCount
 .text.osThreadNew
                0x0800ec22      0x124 ./Middlewares/Third_Party/FreeRTOS/Source/CMSIS_RTOS_V2/cmsis_os2.o
                0x0800ec22                osThreadNew
 .text.osDelayUntil
                0x0800ed46       0x5a ./Middlewares/Third_Party/FreeRTOS/Source/CMSIS_RTOS_V2/cmsis_os2.o
                0x0800ed46                osDelayUntil
 .text.osSemaphoreNew
                0x0800eda0      0x112 ./Middlewares/Third_Party/FreeRTOS/Source/CMSIS_RTOS_V2/cmsis_os2.o
                0x0800eda0                osSemaphoreNew
 *fill*         0x0800eeb2        0x2 
 .text.osSemaphoreAcquire
                0x0800eeb4       0xa4 ./Middlewares/Third_Party/FreeRTOS/Source/CMSIS_RTOS_V2/cmsis_os2.o
                0x0800eeb4                osSemaphoreAcquire
 .text.osSemaphoreRelease
                0x0800ef58       0x88 ./Middlewares/Third_Party/FreeRTOS/Source/CMSIS_RTOS_V2/cmsis_os2.o
                0x0800ef58                osSemaphoreRelease
 .text.osSemaphoreDelete
                0x0800efe0       0x48 ./Middlewares/Third_Party/FreeRTOS/Source/CMSIS_RTOS_V2/cmsis_os2.o
                0x0800efe0                osSemaphoreDelete
 .text.osMessageQueueNew
                0x0800f028       0xe6 ./Middlewares/Third_Party/FreeRTOS/Source/CMSIS_RTOS_V2/cmsis_os2.o
                0x0800f028                osMessageQueueNew
 *fill*         0x0800f10e        0x2 
 .text.osMessageQueuePut
                0x0800f110       0xc0 ./Middlewares/Third_Party/FreeRTOS/Source/CMSIS_RTOS_V2/cmsis_os2.o
                0x0800f110                osMessageQueuePut
 .text.osMessageQueueGet
                0x0800f1d0       0xbc ./Middlewares/Third_Party/FreeRTOS/Source/CMSIS_RTOS_V2/cmsis_os2.o
                0x0800f1d0                osMessageQueueGet
 .text.vApplicationGetIdleTaskMemory
                0x0800f28c       0x34 ./Middlewares/Third_Party/FreeRTOS/Source/CMSIS_RTOS_V2/cmsis_os2.o
                0x0800f28c                vApplicationGetIdleTaskMemory
 .text.vApplicationGetTimerTaskMemory
                0x0800f2c0       0x34 ./Middlewares/Third_Party/FreeRTOS/Source/CMSIS_RTOS_V2/cmsis_os2.o
                0x0800f2c0                vApplicationGetTimerTaskMemory
 .text.vListInitialise
                0x0800f2f4       0x40 ./Middlewares/Third_Party/FreeRTOS/Source/list.o
                0x0800f2f4                vListInitialise
 .text.vListInitialiseItem
                0x0800f334       0x1a ./Middlewares/Third_Party/FreeRTOS/Source/list.o
                0x0800f334                vListInitialiseItem
 .text.vListInsertEnd
                0x0800f34e       0x48 ./Middlewares/Third_Party/FreeRTOS/Source/list.o
                0x0800f34e                vListInsertEnd
 .text.vListInsert
                0x0800f396       0x72 ./Middlewares/Third_Party/FreeRTOS/Source/list.o
                0x0800f396                vListInsert
 .text.uxListRemove
                0x0800f408       0x54 ./Middlewares/Third_Party/FreeRTOS/Source/list.o
                0x0800f408                uxListRemove
 .text.xQueueGenericReset
                0x0800f45c       0xd4 ./Middlewares/Third_Party/FreeRTOS/Source/queue.o
                0x0800f45c                xQueueGenericReset
 .text.xQueueGenericCreateStatic
                0x0800f530       0xfa ./Middlewares/Third_Party/FreeRTOS/Source/queue.o
                0x0800f530                xQueueGenericCreateStatic
 .text.xQueueGenericCreate
                0x0800f62a       0x76 ./Middlewares/Third_Party/FreeRTOS/Source/queue.o
                0x0800f62a                xQueueGenericCreate
 .text.prvInitialiseNewQueue
                0x0800f6a0       0x46 ./Middlewares/Third_Party/FreeRTOS/Source/queue.o
 .text.xQueueCreateCountingSemaphoreStatic
                0x0800f6e6       0x72 ./Middlewares/Third_Party/FreeRTOS/Source/queue.o
                0x0800f6e6                xQueueCreateCountingSemaphoreStatic
 .text.xQueueCreateCountingSemaphore
                0x0800f758       0x6a ./Middlewares/Third_Party/FreeRTOS/Source/queue.o
                0x0800f758                xQueueCreateCountingSemaphore
 *fill*         0x0800f7c2        0x2 
 .text.xQueueGenericSend
                0x0800f7c4      0x204 ./Middlewares/Third_Party/FreeRTOS/Source/queue.o
                0x0800f7c4                xQueueGenericSend
 .text.xQueueGenericSendFromISR
                0x0800f9c8      0x13c ./Middlewares/Third_Party/FreeRTOS/Source/queue.o
                0x0800f9c8                xQueueGenericSendFromISR
 .text.xQueueGiveFromISR
                0x0800fb04      0x120 ./Middlewares/Third_Party/FreeRTOS/Source/queue.o
                0x0800fb04                xQueueGiveFromISR
 .text.xQueueReceive
                0x0800fc24      0x1c4 ./Middlewares/Third_Party/FreeRTOS/Source/queue.o
                0x0800fc24                xQueueReceive
 .text.xQueueSemaphoreTake
                0x0800fde8      0x220 ./Middlewares/Third_Party/FreeRTOS/Source/queue.o
                0x0800fde8                xQueueSemaphoreTake
 .text.xQueueReceiveFromISR
                0x08010008      0x104 ./Middlewares/Third_Party/FreeRTOS/Source/queue.o
                0x08010008                xQueueReceiveFromISR
 .text.vQueueDelete
                0x0801010c       0x48 ./Middlewares/Third_Party/FreeRTOS/Source/queue.o
                0x0801010c                vQueueDelete
 .text.prvGetDisinheritPriorityAfterTimeout
                0x08010154       0x30 ./Middlewares/Third_Party/FreeRTOS/Source/queue.o
 .text.prvCopyDataToQueue
                0x08010184       0xd4 ./Middlewares/Third_Party/FreeRTOS/Source/queue.o
 .text.prvCopyDataFromQueue
                0x08010258       0x4c ./Middlewares/Third_Party/FreeRTOS/Source/queue.o
 .text.prvUnlockQueue
                0x080102a4       0xa4 ./Middlewares/Third_Party/FreeRTOS/Source/queue.o
 .text.prvIsQueueEmpty
                0x08010348       0x2c ./Middlewares/Third_Party/FreeRTOS/Source/queue.o
 .text.prvIsQueueFull
                0x08010374       0x30 ./Middlewares/Third_Party/FreeRTOS/Source/queue.o
 .text.vQueueAddToRegistry
                0x080103a4       0x54 ./Middlewares/Third_Party/FreeRTOS/Source/queue.o
                0x080103a4                vQueueAddToRegistry
 .text.vQueueUnregisterQueue
                0x080103f8       0x54 ./Middlewares/Third_Party/FreeRTOS/Source/queue.o
                0x080103f8                vQueueUnregisterQueue
 .text.vQueueWaitForMessageRestricted
                0x0801044c       0x68 ./Middlewares/Third_Party/FreeRTOS/Source/queue.o
                0x0801044c                vQueueWaitForMessageRestricted
 .text.xTaskCreateStatic
                0x080104b4       0xc0 ./Middlewares/Third_Party/FreeRTOS/Source/tasks.o
                0x080104b4                xTaskCreateStatic
 .text.xTaskCreate
                0x08010574       0x8a ./Middlewares/Third_Party/FreeRTOS/Source/tasks.o
                0x08010574                xTaskCreate
 *fill*         0x080105fe        0x2 
 .text.prvInitialiseNewTask
                0x08010600      0x150 ./Middlewares/Third_Party/FreeRTOS/Source/tasks.o
 .text.prvAddNewTaskToReadyList
                0x08010750       0xe0 ./Middlewares/Third_Party/FreeRTOS/Source/tasks.o
 .text.vTaskDelayUntil
                0x08010830      0x100 ./Middlewares/Third_Party/FreeRTOS/Source/tasks.o
                0x08010830                vTaskDelayUntil
 .text.vTaskStartScheduler
                0x08010930       0xe0 ./Middlewares/Third_Party/FreeRTOS/Source/tasks.o
                0x08010930                vTaskStartScheduler
 .text.vTaskSuspendAll
                0x08010a10       0x1c ./Middlewares/Third_Party/FreeRTOS/Source/tasks.o
                0x08010a10                vTaskSuspendAll
 .text.xTaskResumeAll
                0x08010a2c      0x13c ./Middlewares/Third_Party/FreeRTOS/Source/tasks.o
                0x08010a2c                xTaskResumeAll
 .text.xTaskGetTickCount
                0x08010b68       0x20 ./Middlewares/Third_Party/FreeRTOS/Source/tasks.o
                0x08010b68                xTaskGetTickCount
 .text.xTaskGetTickCountFromISR
                0x08010b88       0x24 ./Middlewares/Third_Party/FreeRTOS/Source/tasks.o
                0x08010b88                xTaskGetTickCountFromISR
 .text.xTaskIncrementTick
                0x08010bac      0x174 ./Middlewares/Third_Party/FreeRTOS/Source/tasks.o
                0x08010bac                xTaskIncrementTick
 .text.vTaskSwitchContext
                0x08010d20       0xcc ./Middlewares/Third_Party/FreeRTOS/Source/tasks.o
                0x08010d20                vTaskSwitchContext
 .text.vTaskPlaceOnEventList
                0x08010dec       0x4c ./Middlewares/Third_Party/FreeRTOS/Source/tasks.o
                0x08010dec                vTaskPlaceOnEventList
 .text.vTaskPlaceOnEventListRestricted
                0x08010e38       0x58 ./Middlewares/Third_Party/FreeRTOS/Source/tasks.o
                0x08010e38                vTaskPlaceOnEventListRestricted
 .text.xTaskRemoveFromEventList
                0x08010e90       0xc8 ./Middlewares/Third_Party/FreeRTOS/Source/tasks.o
                0x08010e90                xTaskRemoveFromEventList
 .text.vTaskInternalSetTimeOutState
                0x08010f58       0x2c ./Middlewares/Third_Party/FreeRTOS/Source/tasks.o
                0x08010f58                vTaskInternalSetTimeOutState
 .text.xTaskCheckForTimeOut
                0x08010f84       0xc8 ./Middlewares/Third_Party/FreeRTOS/Source/tasks.o
                0x08010f84                xTaskCheckForTimeOut
 .text.vTaskMissedYield
                0x0801104c       0x18 ./Middlewares/Third_Party/FreeRTOS/Source/tasks.o
                0x0801104c                vTaskMissedYield
 .text.prvIdleTask
                0x08011064       0x30 ./Middlewares/Third_Party/FreeRTOS/Source/tasks.o
 .text.prvInitialiseTaskLists
                0x08011094       0x80 ./Middlewares/Third_Party/FreeRTOS/Source/tasks.o
 .text.prvCheckTasksWaitingTermination
                0x08011114       0x5c ./Middlewares/Third_Party/FreeRTOS/Source/tasks.o
 .text.prvDeleteTCB
                0x08011170       0x6a ./Middlewares/Third_Party/FreeRTOS/Source/tasks.o
 *fill*         0x080111da        0x2 
 .text.prvResetNextTaskUnblockTime
                0x080111dc       0x40 ./Middlewares/Third_Party/FreeRTOS/Source/tasks.o
 .text.xTaskGetSchedulerState
                0x0801121c       0x3c ./Middlewares/Third_Party/FreeRTOS/Source/tasks.o
                0x0801121c                xTaskGetSchedulerState
 .text.xTaskPriorityInherit
                0x08011258       0xd0 ./Middlewares/Third_Party/FreeRTOS/Source/tasks.o
                0x08011258                xTaskPriorityInherit
 .text.xTaskPriorityDisinherit
                0x08011328       0xe0 ./Middlewares/Third_Party/FreeRTOS/Source/tasks.o
                0x08011328                xTaskPriorityDisinherit
 .text.vTaskPriorityDisinheritAfterTimeout
                0x08011408      0x108 ./Middlewares/Third_Party/FreeRTOS/Source/tasks.o
                0x08011408                vTaskPriorityDisinheritAfterTimeout
 .text.pvTaskIncrementMutexHeldCount
                0x08011510       0x28 ./Middlewares/Third_Party/FreeRTOS/Source/tasks.o
                0x08011510                pvTaskIncrementMutexHeldCount
 .text.prvAddCurrentTaskToDelayedList
                0x08011538       0xa8 ./Middlewares/Third_Party/FreeRTOS/Source/tasks.o
 .text.xTimerCreateTimerTask
                0x080115e0       0x94 ./Middlewares/Third_Party/FreeRTOS/Source/timers.o
                0x080115e0                xTimerCreateTimerTask
 .text.xTimerGenericCommand
                0x08011674       0x9c ./Middlewares/Third_Party/FreeRTOS/Source/timers.o
                0x08011674                xTimerGenericCommand
 .text.prvProcessExpiredTimer
                0x08011710       0x9c ./Middlewares/Third_Party/FreeRTOS/Source/timers.o
 .text.prvTimerTask
                0x080117ac       0x26 ./Middlewares/Third_Party/FreeRTOS/Source/timers.o
 *fill*         0x080117d2        0x2 
 .text.prvProcessTimerOrBlockTask
                0x080117d4       0x9c ./Middlewares/Third_Party/FreeRTOS/Source/timers.o
 .text.prvGetNextExpireTime
                0x08011870       0x48 ./Middlewares/Third_Party/FreeRTOS/Source/timers.o
 .text.prvSampleTimeNow
                0x080118b8       0x40 ./Middlewares/Third_Party/FreeRTOS/Source/timers.o
 .text.prvInsertTimerInActiveList
                0x080118f8       0x84 ./Middlewares/Third_Party/FreeRTOS/Source/timers.o
 .text.prvProcessReceivedCommands
                0x0801197c      0x1cc ./Middlewares/Third_Party/FreeRTOS/Source/timers.o
 .text.prvSwitchTimerLists
                0x08011b48       0xcc ./Middlewares/Third_Party/FreeRTOS/Source/timers.o
 .text.prvCheckForValidListAndQueue
                0x08011c14       0x80 ./Middlewares/Third_Party/FreeRTOS/Source/timers.o
 .text.pxPortInitialiseStack
                0x08011c94       0x68 ./Middlewares/Third_Party/FreeRTOS/Source/portable/GCC/ARM_CM4F/port.o
                0x08011c94                pxPortInitialiseStack
 .text.prvTaskExitError
                0x08011cfc       0x5c ./Middlewares/Third_Party/FreeRTOS/Source/portable/GCC/ARM_CM4F/port.o
 *fill*         0x08011d58        0x8 
 .text.SVC_Handler
                0x08011d60       0x28 ./Middlewares/Third_Party/FreeRTOS/Source/portable/GCC/ARM_CM4F/port.o
                0x08011d60                SVC_Handler
 .text.prvPortStartFirstTask
                0x08011d88       0x28 ./Middlewares/Third_Party/FreeRTOS/Source/portable/GCC/ARM_CM4F/port.o
 .text.xPortStartScheduler
                0x08011db0      0x148 ./Middlewares/Third_Party/FreeRTOS/Source/portable/GCC/ARM_CM4F/port.o
                0x08011db0                xPortStartScheduler
 .text.vPortEnterCritical
                0x08011ef8       0x64 ./Middlewares/Third_Party/FreeRTOS/Source/portable/GCC/ARM_CM4F/port.o
                0x08011ef8                vPortEnterCritical
 .text.vPortExitCritical
                0x08011f5c       0x54 ./Middlewares/Third_Party/FreeRTOS/Source/portable/GCC/ARM_CM4F/port.o
                0x08011f5c                vPortExitCritical
 .text.PendSV_Handler
                0x08011fb0       0x68 ./Middlewares/Third_Party/FreeRTOS/Source/portable/GCC/ARM_CM4F/port.o
                0x08011fb0                PendSV_Handler
 .text.xPortSysTickHandler
                0x08012018       0x44 ./Middlewares/Third_Party/FreeRTOS/Source/portable/GCC/ARM_CM4F/port.o
                0x08012018                xPortSysTickHandler
 .text.vPortSetupTimerInterrupt
                0x0801205c       0x48 ./Middlewares/Third_Party/FreeRTOS/Source/portable/GCC/ARM_CM4F/port.o
                0x0801205c                vPortSetupTimerInterrupt
 .text.vPortEnableVFP
                0x080120a4       0x14 ./Middlewares/Third_Party/FreeRTOS/Source/portable/GCC/ARM_CM4F/port.o
 .text.vPortValidateInterruptPriority
                0x080120b8       0x84 ./Middlewares/Third_Party/FreeRTOS/Source/portable/GCC/ARM_CM4F/port.o
                0x080120b8                vPortValidateInterruptPriority
 .text.pvPortMalloc
                0x0801213c      0x19c ./Middlewares/Third_Party/FreeRTOS/Source/portable/MemMang/heap_4.o
                0x0801213c                pvPortMalloc
 .text.vPortFree
                0x080122d8       0xc8 ./Middlewares/Third_Party/FreeRTOS/Source/portable/MemMang/heap_4.o
                0x080122d8                vPortFree
 .text.prvHeapInit
                0x080123a0       0xc8 ./Middlewares/Third_Party/FreeRTOS/Source/portable/MemMang/heap_4.o
 .text.prvInsertBlockIntoFreeList
                0x08012468       0xb4 ./Middlewares/Third_Party/FreeRTOS/Source/portable/MemMang/heap_4.o
 .text.BSP_SD_Init
                0x0801251c       0x4c ./Src/bsp_driver_sd.o
                0x0801251c                BSP_SD_Init
 .text.BSP_SD_ReadBlocks_DMA
                0x08012568       0x34 ./Src/bsp_driver_sd.o
                0x08012568                BSP_SD_ReadBlocks_DMA
 .text.BSP_SD_WriteBlocks_DMA
                0x0801259c       0x34 ./Src/bsp_driver_sd.o
                0x0801259c                BSP_SD_WriteBlocks_DMA
 .text.BSP_SD_GetCardState
                0x080125d0       0x20 ./Src/bsp_driver_sd.o
                0x080125d0                BSP_SD_GetCardState
 .text.BSP_SD_GetCardInfo
                0x080125f0       0x1c ./Src/bsp_driver_sd.o
                0x080125f0                BSP_SD_GetCardInfo
 .text.HAL_SD_TxCpltCallback
                0x0801260c       0x14 ./Src/bsp_driver_sd.o
                0x0801260c                HAL_SD_TxCpltCallback
 .text.HAL_SD_RxCpltCallback
                0x08012620       0x14 ./Src/bsp_driver_sd.o
                0x08012620                HAL_SD_RxCpltCallback
 .text.BSP_SD_IsDetected
                0x08012634       0x24 ./Src/bsp_driver_sd.o
                0x08012634                BSP_SD_IsDetected
 .text.MX_DFSDM1_Init
                0x08012658       0xc8 ./Src/dfsdm.o
                0x08012658                MX_DFSDM1_Init
 .text.HAL_DFSDM_FilterMspInit
                0x08012720      0x19c ./Src/dfsdm.o
                0x08012720                HAL_DFSDM_FilterMspInit
 .text.HAL_DFSDM_ChannelMspInit
                0x080128bc      0x124 ./Src/dfsdm.o
                0x080128bc                HAL_DFSDM_ChannelMspInit
 .text.MX_DMA_Init
                0x080129e0       0x54 ./Src/dma.o
                0x080129e0                MX_DMA_Init
 .text.MX_FATFS_Init
                0x08012a34       0x24 ./Src/fatfs.o
                0x08012a34                MX_FATFS_Init
 .text.get_fattime
                0x08012a58       0x10 ./Src/fatfs.o
                0x08012a58                get_fattime
 .text.BSP_PlatformIsDetected
                0x08012a68       0x2c ./Src/fatfs_platform.o
                0x08012a68                BSP_PlatformIsDetected
 .text.MX_FREERTOS_Init
                0x08012a94       0x40 ./Src/freertos.o
                0x08012a94                MX_FREERTOS_Init
 .text.StartDefaultTask
                0x08012ad4      0x12c ./Src/freertos.o
                0x08012ad4                StartDefaultTask
 .text.MX_GPIO_Init
                0x08012c00      0x288 ./Src/gpio.o
                0x08012c00                MX_GPIO_Init
 .text.MX_I2C2_Init
                0x08012e88       0x80 ./Src/i2c.o
                0x08012e88                MX_I2C2_Init
 .text.HAL_I2C_MspInit
                0x08012f08       0xbc ./Src/i2c.o
                0x08012f08                HAL_I2C_MspInit
 .text.StartLedsTask
                0x08012fc4       0xbc ./Src/leds.o
                0x08012fc4                StartLedsTask
 .text.main     0x08013080      0x370 ./Src/main.o
                0x08013080                main
 .text.SystemClock_Config
                0x080133f0       0xb8 ./Src/main.o
                0x080133f0                SystemClock_Config
 .text._write   0x080134a8       0x28 ./Src/main.o
                0x080134a8                _write
 .text.HAL_DFSDM_FilterRegConvHalfCpltCallback
                0x080134d0       0x20 ./Src/main.o
                0x080134d0                HAL_DFSDM_FilterRegConvHalfCpltCallback
 .text.HAL_DFSDM_FilterRegConvCpltCallback
                0x080134f0       0x2c ./Src/main.o
                0x080134f0                HAL_DFSDM_FilterRegConvCpltCallback
 .text.HAL_TIM_PeriodElapsedCallback
                0x0801351c       0x24 ./Src/main.o
                0x0801351c                HAL_TIM_PeriodElapsedCallback
 .text.Error_Handler
                0x08013540        0xc ./Src/main.o
                0x08013540                Error_Handler
 .text.assert_failed
                0x0801354c       0x16 ./Src/main.o
                0x0801354c                assert_failed
 *fill*         0x08013562        0x2 
 .text.MX_RTC_Init
                0x08013564       0x50 ./Src/rtc.o
                0x08013564                MX_RTC_Init
 .text.HAL_RTC_MspInit
                0x080135b4       0x64 ./Src/rtc.o
                0x080135b4                HAL_RTC_MspInit
 .text.SD_CheckStatusWithTimeout
                0x08013618       0x3a ./Src/sd_diskio.o
 *fill*         0x08013652        0x2 
 .text.SD_CheckStatus
                0x08013654       0x3c ./Src/sd_diskio.o
 .text.SD_initialize
                0x08013690       0x84 ./Src/sd_diskio.o
                0x08013690                SD_initialize
 .text.SD_status
                0x08013714       0x1c ./Src/sd_diskio.o
                0x08013714                SD_status
 .text.SD_read  0x08013730       0x94 ./Src/sd_diskio.o
                0x08013730                SD_read
 .text.SD_write
                0x080137c4       0x90 ./Src/sd_diskio.o
                0x080137c4                SD_write
 .text.SD_ioctl
                0x08013854       0xb0 ./Src/sd_diskio.o
                0x08013854                SD_ioctl
 .text.BSP_SD_WriteCpltCallback
                0x08013904       0x24 ./Src/sd_diskio.o
                0x08013904                BSP_SD_WriteCpltCallback
 .text.BSP_SD_ReadCpltCallback
                0x08013928       0x24 ./Src/sd_diskio.o
                0x08013928                BSP_SD_ReadCpltCallback
 .text.MX_SDMMC1_SD_Init
                0x0801394c       0x44 ./Src/sdmmc.o
                0x0801394c                MX_SDMMC1_SD_Init
 .text.HAL_SD_MspInit
                0x08013990      0x144 ./Src/sdmmc.o
                0x08013990                HAL_SD_MspInit
 .text.MX_SPI1_Init
                0x08013ad4       0x7c ./Src/spi.o
                0x08013ad4                MX_SPI1_Init
 .text.MX_SPI2_Init
                0x08013b50       0x7c ./Src/spi.o
                0x08013b50                MX_SPI2_Init
 .text.MX_SPI3_Init
                0x08013bcc       0x7c ./Src/spi.o
                0x08013bcc                MX_SPI3_Init
 .text.HAL_SPI_MspInit
                0x08013c48      0x154 ./Src/spi.o
                0x08013c48                HAL_SPI_MspInit
 .text.HAL_MspInit
                0x08013d9c       0x50 ./Src/stm32l4xx_hal_msp.o
                0x08013d9c                HAL_MspInit
 .text.HAL_InitTick
                0x08013dec       0xdc ./Src/stm32l4xx_hal_timebase_tim.o
                0x08013dec                HAL_InitTick
 .text.NMI_Handler
                0x08013ec8        0x8 ./Src/stm32l4xx_it.o
                0x08013ec8                NMI_Handler
 .text.HardFault_Handler
                0x08013ed0        0x8 ./Src/stm32l4xx_it.o
                0x08013ed0                HardFault_Handler
 .text.MemManage_Handler
                0x08013ed8        0x8 ./Src/stm32l4xx_it.o
                0x08013ed8                MemManage_Handler
 .text.BusFault_Handler
                0x08013ee0        0x8 ./Src/stm32l4xx_it.o
                0x08013ee0                BusFault_Handler
 .text.UsageFault_Handler
                0x08013ee8        0x8 ./Src/stm32l4xx_it.o
                0x08013ee8                UsageFault_Handler
 .text.DebugMon_Handler
                0x08013ef0        0xe ./Src/stm32l4xx_it.o
                0x08013ef0                DebugMon_Handler
 *fill*         0x08013efe        0x2 
 .text.DMA1_Channel1_IRQHandler
                0x08013f00       0x14 ./Src/stm32l4xx_it.o
                0x08013f00                DMA1_Channel1_IRQHandler
 .text.TIM1_UP_TIM16_IRQHandler
                0x08013f14       0x14 ./Src/stm32l4xx_it.o
                0x08013f14                TIM1_UP_TIM16_IRQHandler
 .text.SDMMC1_IRQHandler
                0x08013f28       0x14 ./Src/stm32l4xx_it.o
                0x08013f28                SDMMC1_IRQHandler
 .text._read    0x08013f3c       0x3a ./Src/syscalls.o
                0x08013f3c                _read
 .text._close   0x08013f76       0x18 ./Src/syscalls.o
                0x08013f76                _close
 .text._fstat   0x08013f8e       0x20 ./Src/syscalls.o
                0x08013f8e                _fstat
 .text._isatty  0x08013fae       0x16 ./Src/syscalls.o
                0x08013fae                _isatty
 .text._lseek   0x08013fc4       0x1a ./Src/syscalls.o
                0x08013fc4                _lseek
 *fill*         0x08013fde        0x2 
 .text._sbrk    0x08013fe0       0x6c ./Src/sysmem.o
                0x08013fe0                _sbrk
 .text.SystemInit
                0x0801404c       0x24 ./Src/system_stm32l4xx.o
                0x0801404c                SystemInit
 .text.MX_USART1_UART_Init
                0x08014070       0x98 ./Src/usart.o
                0x08014070                MX_USART1_UART_Init
 .text.MX_USART2_UART_Init
                0x08014108       0x98 ./Src/usart.o
                0x08014108                MX_USART2_UART_Init
 .text.HAL_UART_MspInit
                0x080141a0      0x144 ./Src/usart.o
                0x080141a0                HAL_UART_MspInit
 .text.Reset_Handler
                0x080142e4       0x50 ./Startup/startup_stm32l4r7zitx.o
                0x080142e4                Reset_Handler
 .text.Default_Handler
                0x08014334        0x2 ./Startup/startup_stm32l4r7zitx.o
                0x08014334                RTC_Alarm_IRQHandler
                0x08014334                EXTI2_IRQHandler
                0x08014334                TIM8_TRG_COM_IRQHandler
                0x08014334                TIM8_CC_IRQHandler
                0x08014334                TIM1_CC_IRQHandler
                0x08014334                TSC_IRQHandler
                0x08014334                TAMP_STAMP_IRQHandler
                0x08014334                EXTI3_IRQHandler
                0x08014334                LPTIM2_IRQHandler
                0x08014334                DFSDM1_FLT1_IRQHandler
                0x08014334                GFXMMU_IRQHandler
                0x08014334                I2C3_ER_IRQHandler
                0x08014334                DFSDM1_FLT2_IRQHandler
                0x08014334                EXTI0_IRQHandler
                0x08014334                I2C2_EV_IRQHandler
                0x08014334                CAN1_RX0_IRQHandler
                0x08014334                FPU_IRQHandler
                0x08014334                LTDC_ER_IRQHandler
                0x08014334                SPI1_IRQHandler
                0x08014334                OCTOSPI1_IRQHandler
                0x08014334                TIM6_DAC_IRQHandler
                0x08014334                DCMI_IRQHandler
                0x08014334                TIM8_UP_IRQHandler
                0x08014334                OCTOSPI2_IRQHandler
                0x08014334                DMA2_Channel2_IRQHandler
                0x08014334                DMA1_Channel4_IRQHandler
                0x08014334                SAI2_IRQHandler
                0x08014334                ADC1_IRQHandler
                0x08014334                DFSDM1_FLT3_IRQHandler
                0x08014334                USART3_IRQHandler
                0x08014334                DMA1_Channel7_IRQHandler
                0x08014334                CAN1_RX1_IRQHandler
                0x08014334                UART5_IRQHandler
                0x08014334                TIM4_IRQHandler
                0x08014334                DMA2_Channel1_IRQHandler
                0x08014334                I2C1_EV_IRQHandler
                0x08014334                DMAMUX1_OVR_IRQHandler
                0x08014334                DMA1_Channel6_IRQHandler
                0x08014334                UART4_IRQHandler
                0x08014334                DMA2_Channel4_IRQHandler
                0x08014334                TIM3_IRQHandler
                0x08014334                RCC_IRQHandler
                0x08014334                Default_Handler
                0x08014334                DMA2_Channel7_IRQHandler
                0x08014334                EXTI15_10_IRQHandler
                0x08014334                TIM7_IRQHandler
                0x08014334                TIM5_IRQHandler
                0x08014334                I2C3_EV_IRQHandler
                0x08014334                EXTI9_5_IRQHandler
                0x08014334                RTC_WKUP_IRQHandler
                0x08014334                LTDC_IRQHandler
                0x08014334                PVD_PVM_IRQHandler
                0x08014334                SPI2_IRQHandler
                0x08014334                CAN1_TX_IRQHandler
                0x08014334                DMA2_Channel5_IRQHandler
                0x08014334                CRS_IRQHandler
                0x08014334                DMA1_Channel5_IRQHandler
                0x08014334                EXTI4_IRQHandler
                0x08014334                RNG_IRQHandler
                0x08014334                TIM1_TRG_COM_TIM17_IRQHandler
                0x08014334                DMA1_Channel3_IRQHandler
                0x08014334                COMP_IRQHandler
                0x08014334                WWDG_IRQHandler
                0x08014334                I2C4_EV_IRQHandler
                0x08014334                LPUART1_IRQHandler
                0x08014334                DMA2_Channel6_IRQHandler
                0x08014334                TIM2_IRQHandler
                0x08014334                DMA2D_IRQHandler
                0x08014334                EXTI1_IRQHandler
                0x08014334                USART2_IRQHandler
                0x08014334                DFSDM1_FLT0_IRQHandler
                0x08014334                I2C2_ER_IRQHandler
                0x08014334                DMA1_Channel2_IRQHandler
                0x08014334                TIM8_BRK_IRQHandler
                0x08014334                CAN1_SCE_IRQHandler
                0x08014334                FLASH_IRQHandler
                0x08014334                USART1_IRQHandler
                0x08014334                OTG_FS_IRQHandler
                0x08014334                SPI3_IRQHandler
                0x08014334                I2C1_ER_IRQHandler
                0x08014334                FMC_IRQHandler
                0x08014334                LPTIM1_IRQHandler
                0x08014334                I2C4_ER_IRQHandler
                0x08014334                SAI1_IRQHandler
                0x08014334                DMA2_Channel3_IRQHandler
                0x08014334                TIM1_BRK_TIM15_IRQHandler
 *fill*         0x08014336        0x2 
 .text.std      0x08014338       0x6c S:/Programs hhd/STM32CubeIDE_1.4.0/STM32CubeIDE/plugins/com.st.stm32cube.ide.mcu.externaltools.gnu-tools-for-stm32.12.3.rel1.win32_1.0.200.202406191623/tools/bin/../lib/gcc/arm-none-eabi/12.3.1/../../../../arm-none-eabi/lib/thumb/v7e-m+fp/hard\libc_nano.a(libc_a-findfp.o)
 .text.stdio_exit_handler
                0x080143a4       0x18 S:/Programs hhd/STM32CubeIDE_1.4.0/STM32CubeIDE/plugins/com.st.stm32cube.ide.mcu.externaltools.gnu-tools-for-stm32.12.3.rel1.win32_1.0.200.202406191623/tools/bin/../lib/gcc/arm-none-eabi/12.3.1/../../../../arm-none-eabi/lib/thumb/v7e-m+fp/hard\libc_nano.a(libc_a-findfp.o)
 .text.cleanup_stdio
                0x080143bc       0x40 S:/Programs hhd/STM32CubeIDE_1.4.0/STM32CubeIDE/plugins/com.st.stm32cube.ide.mcu.externaltools.gnu-tools-for-stm32.12.3.rel1.win32_1.0.200.202406191623/tools/bin/../lib/gcc/arm-none-eabi/12.3.1/../../../../arm-none-eabi/lib/thumb/v7e-m+fp/hard\libc_nano.a(libc_a-findfp.o)
 .text.global_stdio_init.part.0
                0x080143fc       0x3c S:/Programs hhd/STM32CubeIDE_1.4.0/STM32CubeIDE/plugins/com.st.stm32cube.ide.mcu.externaltools.gnu-tools-for-stm32.12.3.rel1.win32_1.0.200.202406191623/tools/bin/../lib/gcc/arm-none-eabi/12.3.1/../../../../arm-none-eabi/lib/thumb/v7e-m+fp/hard\libc_nano.a(libc_a-findfp.o)
 .text.__sfp_lock_acquire
                0x08014438        0xc S:/Programs hhd/STM32CubeIDE_1.4.0/STM32CubeIDE/plugins/com.st.stm32cube.ide.mcu.externaltools.gnu-tools-for-stm32.12.3.rel1.win32_1.0.200.202406191623/tools/bin/../lib/gcc/arm-none-eabi/12.3.1/../../../../arm-none-eabi/lib/thumb/v7e-m+fp/hard\libc_nano.a(libc_a-findfp.o)
                0x08014438                __sfp_lock_acquire
 .text.__sfp_lock_release
                0x08014444        0xc S:/Programs hhd/STM32CubeIDE_1.4.0/STM32CubeIDE/plugins/com.st.stm32cube.ide.mcu.externaltools.gnu-tools-for-stm32.12.3.rel1.win32_1.0.200.202406191623/tools/bin/../lib/gcc/arm-none-eabi/12.3.1/../../../../arm-none-eabi/lib/thumb/v7e-m+fp/hard\libc_nano.a(libc_a-findfp.o)
                0x08014444                __sfp_lock_release
 .text.__sinit  0x08014450       0x30 S:/Programs hhd/STM32CubeIDE_1.4.0/STM32CubeIDE/plugins/com.st.stm32cube.ide.mcu.externaltools.gnu-tools-for-stm32.12.3.rel1.win32_1.0.200.202406191623/tools/bin/../lib/gcc/arm-none-eabi/12.3.1/../../../../arm-none-eabi/lib/thumb/v7e-m+fp/hard\libc_nano.a(libc_a-findfp.o)
                0x08014450                __sinit
 .text._fwalk_sglue
                0x08014480       0x3c S:/Programs hhd/STM32CubeIDE_1.4.0/STM32CubeIDE/plugins/com.st.stm32cube.ide.mcu.externaltools.gnu-tools-for-stm32.12.3.rel1.win32_1.0.200.202406191623/tools/bin/../lib/gcc/arm-none-eabi/12.3.1/../../../../arm-none-eabi/lib/thumb/v7e-m+fp/hard\libc_nano.a(libc_a-fwalk.o)
                0x08014480                _fwalk_sglue
 .text.printf   0x080144bc       0x24 S:/Programs hhd/STM32CubeIDE_1.4.0/STM32CubeIDE/plugins/com.st.stm32cube.ide.mcu.externaltools.gnu-tools-for-stm32.12.3.rel1.win32_1.0.200.202406191623/tools/bin/../lib/gcc/arm-none-eabi/12.3.1/../../../../arm-none-eabi/lib/thumb/v7e-m+fp/hard\libc_nano.a(libc_a-printf.o)
                0x080144bc                iprintf
                0x080144bc                printf
 .text._puts_r  0x080144e0       0xaa S:/Programs hhd/STM32CubeIDE_1.4.0/STM32CubeIDE/plugins/com.st.stm32cube.ide.mcu.externaltools.gnu-tools-for-stm32.12.3.rel1.win32_1.0.200.202406191623/tools/bin/../lib/gcc/arm-none-eabi/12.3.1/../../../../arm-none-eabi/lib/thumb/v7e-m+fp/hard\libc_nano.a(libc_a-puts.o)
                0x080144e0                _puts_r
 *fill*         0x0801458a        0x2 
 .text.puts     0x0801458c       0x10 S:/Programs hhd/STM32CubeIDE_1.4.0/STM32CubeIDE/plugins/com.st.stm32cube.ide.mcu.externaltools.gnu-tools-for-stm32.12.3.rel1.win32_1.0.200.202406191623/tools/bin/../lib/gcc/arm-none-eabi/12.3.1/../../../../arm-none-eabi/lib/thumb/v7e-m+fp/hard\libc_nano.a(libc_a-puts.o)
                0x0801458c                puts
 .text.sprintf  0x0801459c       0x40 S:/Programs hhd/STM32CubeIDE_1.4.0/STM32CubeIDE/plugins/com.st.stm32cube.ide.mcu.externaltools.gnu-tools-for-stm32.12.3.rel1.win32_1.0.200.202406191623/tools/bin/../lib/gcc/arm-none-eabi/12.3.1/../../../../arm-none-eabi/lib/thumb/v7e-m+fp/hard\libc_nano.a(libc_a-sprintf.o)
                0x0801459c                siprintf
                0x0801459c                sprintf
 .text.__sread  0x080145dc       0x22 S:/Programs hhd/STM32CubeIDE_1.4.0/STM32CubeIDE/plugins/com.st.stm32cube.ide.mcu.externaltools.gnu-tools-for-stm32.12.3.rel1.win32_1.0.200.202406191623/tools/bin/../lib/gcc/arm-none-eabi/12.3.1/../../../../arm-none-eabi/lib/thumb/v7e-m+fp/hard\libc_nano.a(libc_a-stdio.o)
                0x080145dc                __sread
 .text.__swrite
                0x080145fe       0x38 S:/Programs hhd/STM32CubeIDE_1.4.0/STM32CubeIDE/plugins/com.st.stm32cube.ide.mcu.externaltools.gnu-tools-for-stm32.12.3.rel1.win32_1.0.200.202406191623/tools/bin/../lib/gcc/arm-none-eabi/12.3.1/../../../../arm-none-eabi/lib/thumb/v7e-m+fp/hard\libc_nano.a(libc_a-stdio.o)
                0x080145fe                __swrite
 .text.__sseek  0x08014636       0x24 S:/Programs hhd/STM32CubeIDE_1.4.0/STM32CubeIDE/plugins/com.st.stm32cube.ide.mcu.externaltools.gnu-tools-for-stm32.12.3.rel1.win32_1.0.200.202406191623/tools/bin/../lib/gcc/arm-none-eabi/12.3.1/../../../../arm-none-eabi/lib/thumb/v7e-m+fp/hard\libc_nano.a(libc_a-stdio.o)
                0x08014636                __sseek
 .text.__sclose
                0x0801465a        0x8 S:/Programs hhd/STM32CubeIDE_1.4.0/STM32CubeIDE/plugins/com.st.stm32cube.ide.mcu.externaltools.gnu-tools-for-stm32.12.3.rel1.win32_1.0.200.202406191623/tools/bin/../lib/gcc/arm-none-eabi/12.3.1/../../../../arm-none-eabi/lib/thumb/v7e-m+fp/hard\libc_nano.a(libc_a-stdio.o)
                0x0801465a                __sclose
 .text.__swbuf_r
                0x08014662       0x7c S:/Programs hhd/STM32CubeIDE_1.4.0/STM32CubeIDE/plugins/com.st.stm32cube.ide.mcu.externaltools.gnu-tools-for-stm32.12.3.rel1.win32_1.0.200.202406191623/tools/bin/../lib/gcc/arm-none-eabi/12.3.1/../../../../arm-none-eabi/lib/thumb/v7e-m+fp/hard\libc_nano.a(libc_a-wbuf.o)
                0x08014662                __swbuf_r
 *fill*         0x080146de        0x2 
 .text.__swsetup_r
                0x080146e0       0xac S:/Programs hhd/STM32CubeIDE_1.4.0/STM32CubeIDE/plugins/com.st.stm32cube.ide.mcu.externaltools.gnu-tools-for-stm32.12.3.rel1.win32_1.0.200.202406191623/tools/bin/../lib/gcc/arm-none-eabi/12.3.1/../../../../arm-none-eabi/lib/thumb/v7e-m+fp/hard\libc_nano.a(libc_a-wsetup.o)
                0x080146e0                __swsetup_r
 .text.memset   0x0801478c       0x10 S:/Programs hhd/STM32CubeIDE_1.4.0/STM32CubeIDE/plugins/com.st.stm32cube.ide.mcu.externaltools.gnu-tools-for-stm32.12.3.rel1.win32_1.0.200.202406191623/tools/bin/../lib/gcc/arm-none-eabi/12.3.1/../../../../arm-none-eabi/lib/thumb/v7e-m+fp/hard\libc_nano.a(libc_a-memset.o)
                0x0801478c                memset
 .text._close_r
                0x0801479c       0x20 S:/Programs hhd/STM32CubeIDE_1.4.0/STM32CubeIDE/plugins/com.st.stm32cube.ide.mcu.externaltools.gnu-tools-for-stm32.12.3.rel1.win32_1.0.200.202406191623/tools/bin/../lib/gcc/arm-none-eabi/12.3.1/../../../../arm-none-eabi/lib/thumb/v7e-m+fp/hard\libc_nano.a(libc_a-closer.o)
                0x0801479c                _close_r
 .text._reclaim_reent
                0x080147bc       0xac S:/Programs hhd/STM32CubeIDE_1.4.0/STM32CubeIDE/plugins/com.st.stm32cube.ide.mcu.externaltools.gnu-tools-for-stm32.12.3.rel1.win32_1.0.200.202406191623/tools/bin/../lib/gcc/arm-none-eabi/12.3.1/../../../../arm-none-eabi/lib/thumb/v7e-m+fp/hard\libc_nano.a(libc_a-reent.o)
                0x080147bc                _reclaim_reent
 .text._lseek_r
                0x08014868       0x24 S:/Programs hhd/STM32CubeIDE_1.4.0/STM32CubeIDE/plugins/com.st.stm32cube.ide.mcu.externaltools.gnu-tools-for-stm32.12.3.rel1.win32_1.0.200.202406191623/tools/bin/../lib/gcc/arm-none-eabi/12.3.1/../../../../arm-none-eabi/lib/thumb/v7e-m+fp/hard\libc_nano.a(libc_a-lseekr.o)
                0x08014868                _lseek_r
 .text._read_r  0x0801488c       0x24 S:/Programs hhd/STM32CubeIDE_1.4.0/STM32CubeIDE/plugins/com.st.stm32cube.ide.mcu.externaltools.gnu-tools-for-stm32.12.3.rel1.win32_1.0.200.202406191623/tools/bin/../lib/gcc/arm-none-eabi/12.3.1/../../../../arm-none-eabi/lib/thumb/v7e-m+fp/hard\libc_nano.a(libc_a-readr.o)
                0x0801488c                _read_r
 .text._write_r
                0x080148b0       0x24 S:/Programs hhd/STM32CubeIDE_1.4.0/STM32CubeIDE/plugins/com.st.stm32cube.ide.mcu.externaltools.gnu-tools-for-stm32.12.3.rel1.win32_1.0.200.202406191623/tools/bin/../lib/gcc/arm-none-eabi/12.3.1/../../../../arm-none-eabi/lib/thumb/v7e-m+fp/hard\libc_nano.a(libc_a-writer.o)
                0x080148b0                _write_r
 .text.__errno  0x080148d4        0xc S:/Programs hhd/STM32CubeIDE_1.4.0/STM32CubeIDE/plugins/com.st.stm32cube.ide.mcu.externaltools.gnu-tools-for-stm32.12.3.rel1.win32_1.0.200.202406191623/tools/bin/../lib/gcc/arm-none-eabi/12.3.1/../../../../arm-none-eabi/lib/thumb/v7e-m+fp/hard\libc_nano.a(libc_a-errno.o)
                0x080148d4                __errno
 .text.__libc_init_array
                0x080148e0       0x48 S:/Programs hhd/STM32CubeIDE_1.4.0/STM32CubeIDE/plugins/com.st.stm32cube.ide.mcu.externaltools.gnu-tools-for-stm32.12.3.rel1.win32_1.0.200.202406191623/tools/bin/../lib/gcc/arm-none-eabi/12.3.1/../../../../arm-none-eabi/lib/thumb/v7e-m+fp/hard\libc_nano.a(libc_a-init.o)
                0x080148e0                __libc_init_array
 .text.__retarget_lock_init_recursive
                0x08014928        0x2 S:/Programs hhd/STM32CubeIDE_1.4.0/STM32CubeIDE/plugins/com.st.stm32cube.ide.mcu.externaltools.gnu-tools-for-stm32.12.3.rel1.win32_1.0.200.202406191623/tools/bin/../lib/gcc/arm-none-eabi/12.3.1/../../../../arm-none-eabi/lib/thumb/v7e-m+fp/hard\libc_nano.a(libc_a-lock.o)
                0x08014928                __retarget_lock_init_recursive
 .text.__retarget_lock_acquire_recursive
                0x0801492a        0x2 S:/Programs hhd/STM32CubeIDE_1.4.0/STM32CubeIDE/plugins/com.st.stm32cube.ide.mcu.externaltools.gnu-tools-for-stm32.12.3.rel1.win32_1.0.200.202406191623/tools/bin/../lib/gcc/arm-none-eabi/12.3.1/../../../../arm-none-eabi/lib/thumb/v7e-m+fp/hard\libc_nano.a(libc_a-lock.o)
                0x0801492a                __retarget_lock_acquire_recursive
 .text.__retarget_lock_release_recursive
                0x0801492c        0x2 S:/Programs hhd/STM32CubeIDE_1.4.0/STM32CubeIDE/plugins/com.st.stm32cube.ide.mcu.externaltools.gnu-tools-for-stm32.12.3.rel1.win32_1.0.200.202406191623/tools/bin/../lib/gcc/arm-none-eabi/12.3.1/../../../../arm-none-eabi/lib/thumb/v7e-m+fp/hard\libc_nano.a(libc_a-lock.o)
                0x0801492c                __retarget_lock_release_recursive
 .text.memcpy   0x0801492e       0x1c S:/Programs hhd/STM32CubeIDE_1.4.0/STM32CubeIDE/plugins/com.st.stm32cube.ide.mcu.externaltools.gnu-tools-for-stm32.12.3.rel1.win32_1.0.200.202406191623/tools/bin/../lib/gcc/arm-none-eabi/12.3.1/../../../../arm-none-eabi/lib/thumb/v7e-m+fp/hard\libc_nano.a(libc_a-memcpy-stub.o)
                0x0801492e                memcpy
 *fill*         0x0801494a        0x2 
 .text._free_r  0x0801494c       0x94 S:/Programs hhd/STM32CubeIDE_1.4.0/STM32CubeIDE/plugins/com.st.stm32cube.ide.mcu.externaltools.gnu-tools-for-stm32.12.3.rel1.win32_1.0.200.202406191623/tools/bin/../lib/gcc/arm-none-eabi/12.3.1/../../../../arm-none-eabi/lib/thumb/v7e-m+fp/hard\libc_nano.a(libc_a-freer.o)
                0x0801494c                _free_r
 .text.sbrk_aligned
                0x080149e0       0x44 S:/Programs hhd/STM32CubeIDE_1.4.0/STM32CubeIDE/plugins/com.st.stm32cube.ide.mcu.externaltools.gnu-tools-for-stm32.12.3.rel1.win32_1.0.200.202406191623/tools/bin/../lib/gcc/arm-none-eabi/12.3.1/../../../../arm-none-eabi/lib/thumb/v7e-m+fp/hard\libc_nano.a(libc_a-mallocr.o)
 .text._malloc_r
                0x08014a24      0x100 S:/Programs hhd/STM32CubeIDE_1.4.0/STM32CubeIDE/plugins/com.st.stm32cube.ide.mcu.externaltools.gnu-tools-for-stm32.12.3.rel1.win32_1.0.200.202406191623/tools/bin/../lib/gcc/arm-none-eabi/12.3.1/../../../../arm-none-eabi/lib/thumb/v7e-m+fp/hard\libc_nano.a(libc_a-mallocr.o)
                0x08014a24                _malloc_r
 .text.__malloc_lock
                0x08014b24        0xc S:/Programs hhd/STM32CubeIDE_1.4.0/STM32CubeIDE/plugins/com.st.stm32cube.ide.mcu.externaltools.gnu-tools-for-stm32.12.3.rel1.win32_1.0.200.202406191623/tools/bin/../lib/gcc/arm-none-eabi/12.3.1/../../../../arm-none-eabi/lib/thumb/v7e-m+fp/hard\libc_nano.a(libc_a-mlock.o)
                0x08014b24                __malloc_lock
 .text.__malloc_unlock
                0x08014b30        0xc S:/Programs hhd/STM32CubeIDE_1.4.0/STM32CubeIDE/plugins/com.st.stm32cube.ide.mcu.externaltools.gnu-tools-for-stm32.12.3.rel1.win32_1.0.200.202406191623/tools/bin/../lib/gcc/arm-none-eabi/12.3.1/../../../../arm-none-eabi/lib/thumb/v7e-m+fp/hard\libc_nano.a(libc_a-mlock.o)
                0x08014b30                __malloc_unlock
 .text.__ssputs_r
                0x08014b3c       0xb6 S:/Programs hhd/STM32CubeIDE_1.4.0/STM32CubeIDE/plugins/com.st.stm32cube.ide.mcu.externaltools.gnu-tools-for-stm32.12.3.rel1.win32_1.0.200.202406191623/tools/bin/../lib/gcc/arm-none-eabi/12.3.1/../../../../arm-none-eabi/lib/thumb/v7e-m+fp/hard\libc_nano.a(libc_a-nano-svfprintf.o)
                0x08014b3c                __ssputs_r
 *fill*         0x08014bf2        0x2 
 .text._svfprintf_r
                0x08014bf4      0x1f8 S:/Programs hhd/STM32CubeIDE_1.4.0/STM32CubeIDE/plugins/com.st.stm32cube.ide.mcu.externaltools.gnu-tools-for-stm32.12.3.rel1.win32_1.0.200.202406191623/tools/bin/../lib/gcc/arm-none-eabi/12.3.1/../../../../arm-none-eabi/lib/thumb/v7e-m+fp/hard\libc_nano.a(libc_a-nano-svfprintf.o)
                0x08014bf4                _svfiprintf_r
                0x08014bf4                _svfprintf_r
 .text.__sfputc_r
                0x08014dec       0x2e S:/Programs hhd/STM32CubeIDE_1.4.0/STM32CubeIDE/plugins/com.st.stm32cube.ide.mcu.externaltools.gnu-tools-for-stm32.12.3.rel1.win32_1.0.200.202406191623/tools/bin/../lib/gcc/arm-none-eabi/12.3.1/../../../../arm-none-eabi/lib/thumb/v7e-m+fp/hard\libc_nano.a(libc_a-nano-vfprintf.o)
 .text.__sfputs_r
                0x08014e1a       0x24 S:/Programs hhd/STM32CubeIDE_1.4.0/STM32CubeIDE/plugins/com.st.stm32cube.ide.mcu.externaltools.gnu-tools-for-stm32.12.3.rel1.win32_1.0.200.202406191623/tools/bin/../lib/gcc/arm-none-eabi/12.3.1/../../../../arm-none-eabi/lib/thumb/v7e-m+fp/hard\libc_nano.a(libc_a-nano-vfprintf.o)
                0x08014e1a                __sfputs_r
 *fill*         0x08014e3e        0x2 
 .text._vfprintf_r
                0x08014e40      0x230 S:/Programs hhd/STM32CubeIDE_1.4.0/STM32CubeIDE/plugins/com.st.stm32cube.ide.mcu.externaltools.gnu-tools-for-stm32.12.3.rel1.win32_1.0.200.202406191623/tools/bin/../lib/gcc/arm-none-eabi/12.3.1/../../../../arm-none-eabi/lib/thumb/v7e-m+fp/hard\libc_nano.a(libc_a-nano-vfprintf.o)
                0x08014e40                _vfprintf_r
                0x08014e40                _vfiprintf_r
 .text._printf_common
                0x08015070       0xda S:/Programs hhd/STM32CubeIDE_1.4.0/STM32CubeIDE/plugins/com.st.stm32cube.ide.mcu.externaltools.gnu-tools-for-stm32.12.3.rel1.win32_1.0.200.202406191623/tools/bin/../lib/gcc/arm-none-eabi/12.3.1/../../../../arm-none-eabi/lib/thumb/v7e-m+fp/hard\libc_nano.a(libc_a-nano-vfprintf_i.o)
                0x08015070                _printf_common
 *fill*         0x0801514a        0x2 
 .text._printf_i
                0x0801514c      0x240 S:/Programs hhd/STM32CubeIDE_1.4.0/STM32CubeIDE/plugins/com.st.stm32cube.ide.mcu.externaltools.gnu-tools-for-stm32.12.3.rel1.win32_1.0.200.202406191623/tools/bin/../lib/gcc/arm-none-eabi/12.3.1/../../../../arm-none-eabi/lib/thumb/v7e-m+fp/hard\libc_nano.a(libc_a-nano-vfprintf_i.o)
                0x0801514c                _printf_i
 .text.__sflush_r
                0x0801538c      0x108 S:/Programs hhd/STM32CubeIDE_1.4.0/STM32CubeIDE/plugins/com.st.stm32cube.ide.mcu.externaltools.gnu-tools-for-stm32.12.3.rel1.win32_1.0.200.202406191623/tools/bin/../lib/gcc/arm-none-eabi/12.3.1/../../../../arm-none-eabi/lib/thumb/v7e-m+fp/hard\libc_nano.a(libc_a-fflush.o)
                0x0801538c                __sflush_r
 .text._fflush_r
                0x08015494       0x50 S:/Programs hhd/STM32CubeIDE_1.4.0/STM32CubeIDE/plugins/com.st.stm32cube.ide.mcu.externaltools.gnu-tools-for-stm32.12.3.rel1.win32_1.0.200.202406191623/tools/bin/../lib/gcc/arm-none-eabi/12.3.1/../../../../arm-none-eabi/lib/thumb/v7e-m+fp/hard\libc_nano.a(libc_a-fflush.o)
                0x08015494                _fflush_r
 .text.__swhatbuf_r
                0x080154e4       0x4c S:/Programs hhd/STM32CubeIDE_1.4.0/STM32CubeIDE/plugins/com.st.stm32cube.ide.mcu.externaltools.gnu-tools-for-stm32.12.3.rel1.win32_1.0.200.202406191623/tools/bin/../lib/gcc/arm-none-eabi/12.3.1/../../../../arm-none-eabi/lib/thumb/v7e-m+fp/hard\libc_nano.a(libc_a-makebuf.o)
                0x080154e4                __swhatbuf_r
 .text.__smakebuf_r
                0x08015530       0x78 S:/Programs hhd/STM32CubeIDE_1.4.0/STM32CubeIDE/plugins/com.st.stm32cube.ide.mcu.externaltools.gnu-tools-for-stm32.12.3.rel1.win32_1.0.200.202406191623/tools/bin/../lib/gcc/arm-none-eabi/12.3.1/../../../../arm-none-eabi/lib/thumb/v7e-m+fp/hard\libc_nano.a(libc_a-makebuf.o)
                0x08015530                __smakebuf_r
 .text.memmove  0x080155a8       0x34 S:/Programs hhd/STM32CubeIDE_1.4.0/STM32CubeIDE/plugins/com.st.stm32cube.ide.mcu.externaltools.gnu-tools-for-stm32.12.3.rel1.win32_1.0.200.202406191623/tools/bin/../lib/gcc/arm-none-eabi/12.3.1/../../../../arm-none-eabi/lib/thumb/v7e-m+fp/hard\libc_nano.a(libc_a-memmove.o)
                0x080155a8                memmove
 .text._fstat_r
                0x080155dc       0x24 S:/Programs hhd/STM32CubeIDE_1.4.0/STM32CubeIDE/plugins/com.st.stm32cube.ide.mcu.externaltools.gnu-tools-for-stm32.12.3.rel1.win32_1.0.200.202406191623/tools/bin/../lib/gcc/arm-none-eabi/12.3.1/../../../../arm-none-eabi/lib/thumb/v7e-m+fp/hard\libc_nano.a(libc_a-fstatr.o)
                0x080155dc                _fstat_r
 .text._isatty_r
                0x08015600       0x20 S:/Programs hhd/STM32CubeIDE_1.4.0/STM32CubeIDE/plugins/com.st.stm32cube.ide.mcu.externaltools.gnu-tools-for-stm32.12.3.rel1.win32_1.0.200.202406191623/tools/bin/../lib/gcc/arm-none-eabi/12.3.1/../../../../arm-none-eabi/lib/thumb/v7e-m+fp/hard\libc_nano.a(libc_a-isattyr.o)
                0x08015600                _isatty_r